# Logfile created on 2026-08-18 11:30:41 -0400 by logger.rb/61378
2026-08-18 11:30:41 -0400: Memory Usage (413388K) : Starting running IHP-SG13G2 Klayout DRC runset on /home/noorizad/spicexplorer-workspace/external/agentic-design-pam4-driver-ihp130/report/work/b/dut_pam4.gds
2026-08-18 11:30:41 -0400: Memory Usage (413388K) : Ruby Version for klayout: 2.5.9
2026-08-18 11:30:41 -0400: Memory Usage (413388K) : Loading database to memory is complete.
2026-08-18 11:30:41 -0400: Memory Usage (413388K) : IHP-SG13G2 Klayout DRC runset output at: /home/noorizad/spicexplorer-workspace/external/agentic-design-pam4-driver-ihp130/report/work/b/signoff/drc/dut_pam4_pam4drv_pam4_lay_main.lyrdb
2026-08-18 11:30:41 -0400: Memory Usage (413388K) : Evaluate switches.
2026-08-18 11:30:41 -0400: Memory Usage (413388K) : table_name selected  main
2026-08-18 11:30:41 -0400: Memory Usage (413388K) : Klayout will use 128 thread(s)
2026-08-18 11:30:41 -0400: Memory Usage (413388K) : deep mode is enabled for main table.
2026-08-18 11:30:41 -0400: Memory Usage (413388K) : FEOL enabled: true
2026-08-18 11:30:41 -0400: Memory Usage (413388K) : BEOL enabled: true
2026-08-18 11:30:41 -0400: Memory Usage (413388K) : OffGrid enabled: true
2026-08-18 11:30:41 -0400: Memory Usage (413388K) : PreCheck DRC enabled: false
2026-08-18 11:30:41 -0400: Memory Usage (413388K) : CONNECTIVITY_RULES enabled: true for table main
2026-08-18 11:30:41 -0400: Memory Usage (413388K) : Read in polygons from layers.
2026-08-18 11:30:41 -0400: Memory Usage (413388K) : activ_drw has 68 polygons
2026-08-18 11:30:41 -0400: Memory Usage (413388K) : activ_pin has 0 polygons
2026-08-18 11:30:41 -0400: Memory Usage (413388K) : activ_mask has 12 polygons
2026-08-18 11:30:41 -0400: Memory Usage (413388K) : activ_filler has 0 polygons
2026-08-18 11:30:41 -0400: Memory Usage (413388K) : activ_nofill has 0 polygons
2026-08-18 11:30:41 -0400: Memory Usage (413388K) : activ_opc has 0 polygons
2026-08-18 11:30:41 -0400: Memory Usage (413388K) : activ_iopc has 0 polygons
2026-08-18 11:30:41 -0400: Memory Usage (413388K) : activ_noqrc has 0 polygons
2026-08-18 11:30:41 -0400: Memory Usage (413388K) : biwind_drw has 0 polygons
2026-08-18 11:30:41 -0400: Memory Usage (413388K) : biwind_opc has 0 polygons
2026-08-18 11:30:41 -0400: Memory Usage (413388K) : pemwind_drw has 0 polygons
2026-08-18 11:30:41 -0400: Memory Usage (413388K) : gatpoly_drw has 24 polygons
2026-08-18 11:30:41 -0400: Memory Usage (413388K) : gatpoly_pin has 0 polygons
2026-08-18 11:30:41 -0400: Memory Usage (413388K) : gatpoly_filler has 0 polygons
2026-08-18 11:30:41 -0400: Memory Usage (413388K) : gatpoly_nofill has 0 polygons
2026-08-18 11:30:41 -0400: Memory Usage (413388K) : gatpoly_opc has 0 polygons
2026-08-18 11:30:41 -0400: Memory Usage (413388K) : gatpoly_iopc has 0 polygons
2026-08-18 11:30:41 -0400: Memory Usage (413388K) : gatpoly_noqrc has 0 polygons
2026-08-18 11:30:41 -0400: Memory Usage (413388K) : cont_drw has 972 polygons
2026-08-18 11:30:41 -0400: Memory Usage (413388K) : cont_opc has 0 polygons
2026-08-18 11:30:41 -0400: Memory Usage (413388K) : nsd_drw has 0 polygons
2026-08-18 11:30:41 -0400: Memory Usage (413388K) : nsd_block has 24 polygons
2026-08-18 11:30:41 -0400: Memory Usage (413388K) : metal1_drw has 111 polygons
2026-08-18 11:30:41 -0400: Memory Usage (413388K) : metal1_pin has 48 polygons
2026-08-18 11:30:41 -0400: Memory Usage (413388K) : metal1_mask has 0 polygons
2026-08-18 11:30:41 -0400: Memory Usage (413388K) : metal1_filler has 0 polygons
2026-08-18 11:30:41 -0400: Memory Usage (415592K) : metal1_nofill has 0 polygons
2026-08-18 11:30:41 -0400: Memory Usage (415592K) : metal1_slit has 0 polygons
2026-08-18 11:30:41 -0400: Memory Usage (415592K) : metal1_text has 6 polygons
2026-08-18 11:30:41 -0400: Memory Usage (415592K) : metal1_opc has 0 polygons
2026-08-18 11:30:41 -0400: Memory Usage (415592K) : metal1_noqrc has 0 polygons
2026-08-18 11:30:41 -0400: Memory Usage (415592K) : metal1_res has 0 polygons
2026-08-18 11:30:41 -0400: Memory Usage (416096K) : metal1_iprobe has 0 polygons
2026-08-18 11:30:41 -0400: Memory Usage (416096K) : metal1_diffprb has 0 polygons
2026-08-18 11:30:41 -0400: Memory Usage (416096K) : passiv_drw has 0 polygons
2026-08-18 11:30:41 -0400: Memory Usage (416096K) : passiv_pin has 0 polygons
2026-08-18 11:30:41 -0400: Memory Usage (416096K) : passiv_sbump has 0 polygons
2026-08-18 11:30:41 -0400: Memory Usage (416096K) : passiv_pillar has 0 polygons
2026-08-18 11:30:41 -0400: Memory Usage (416360K) : passiv_pdl has 0 polygons
2026-08-18 11:30:41 -0400: Memory Usage (416360K) : metal2_drw has 38 polygons
2026-08-18 11:30:41 -0400: Memory Usage (416360K) : metal2_pin has 12 polygons
2026-08-18 11:30:41 -0400: Memory Usage (416360K) : metal2_mask has 0 polygons
2026-08-18 11:30:41 -0400: Memory Usage (416360K) : metal2_filler has 0 polygons
2026-08-18 11:30:41 -0400: Memory Usage (416360K) : metal2_nofill has 0 polygons
2026-08-18 11:30:41 -0400: Memory Usage (416360K) : metal2_slit has 0 polygons
2026-08-18 11:30:41 -0400: Memory Usage (416360K) : metal2_text has 0 polygons
2026-08-18 11:30:41 -0400: Memory Usage (416360K) : metal2_opc has 0 polygons
2026-08-18 11:30:41 -0400: Memory Usage (416360K) : metal2_noqrc has 0 polygons
2026-08-18 11:30:41 -0400: Memory Usage (416360K) : metal2_res has 0 polygons
2026-08-18 11:30:41 -0400: Memory Usage (416360K) : metal2_iprobe has 0 polygons
2026-08-18 11:30:41 -0400: Memory Usage (416360K) : metal2_diffprb has 0 polygons
2026-08-18 11:30:41 -0400: Memory Usage (416624K) : baspoly_drw has 0 polygons
2026-08-18 11:30:41 -0400: Memory Usage (416624K) : baspoly_pin has 0 polygons
2026-08-18 11:30:41 -0400: Memory Usage (416624K) : psd_drw has 20 polygons
2026-08-18 11:30:41 -0400: Memory Usage (416624K) : nldb_drw has 0 polygons
2026-08-18 11:30:41 -0400: Memory Usage (416624K) : digibnd_drw has 0 polygons
2026-08-18 11:30:41 -0400: Memory Usage (416624K) : via1_drw has 550 polygons
2026-08-18 11:30:41 -0400: Memory Usage (416888K) : backmetal1_drw has 0 polygons
2026-08-18 11:30:41 -0400: Memory Usage (416888K) : backmetal1_pin has 0 polygons
2026-08-18 11:30:41 -0400: Memory Usage (416888K) : backmetal1_mask has 0 polygons
2026-08-18 11:30:41 -0400: Memory Usage (416888K) : backmetal1_filler has 0 polygons
2026-08-18 11:30:41 -0400: Memory Usage (416888K) : backmetal1_nofill has 0 polygons
2026-08-18 11:30:41 -0400: Memory Usage (416888K) : backmetal1_slit has 0 polygons
2026-08-18 11:30:41 -0400: Memory Usage (417152K) : backmetal1_text has 0 polygons
2026-08-18 11:30:41 -0400: Memory Usage (417152K) : backmetal1_opc has 0 polygons
2026-08-18 11:30:41 -0400: Memory Usage (417152K) : backmetal1_noqrc has 0 polygons
2026-08-18 11:30:41 -0400: Memory Usage (417152K) : backmetal1_res has 0 polygons
2026-08-18 11:30:41 -0400: Memory Usage (417152K) : backmetal1_iprobe has 0 polygons
2026-08-18 11:30:41 -0400: Memory Usage (417416K) : backmetal1_diffprb has 0 polygons
2026-08-18 11:30:41 -0400: Memory Usage (417416K) : backpassiv_drw has 0 polygons
2026-08-18 11:30:41 -0400: Memory Usage (417416K) : res_drw has 12 polygons
2026-08-18 11:30:41 -0400: Memory Usage (417416K) : sram_drw has 0 polygons
2026-08-18 11:30:41 -0400: Memory Usage (417416K) : trans_drw has 12 polygons
2026-08-18 11:30:41 -0400: Memory Usage (417416K) : ind_drw has 0 polygons
2026-08-18 11:30:41 -0400: Memory Usage (417680K) : ind_pin has 0 polygons
2026-08-18 11:30:41 -0400: Memory Usage (417680K) : ind_text has 0 polygons
2026-08-18 11:30:41 -0400: Memory Usage (417680K) : salblock_drw has 0 polygons
2026-08-18 11:30:41 -0400: Memory Usage (417680K) : via2_drw has 312 polygons
2026-08-18 11:30:41 -0400: Memory Usage (417680K) : metal3_drw has 26 polygons
2026-08-18 11:30:41 -0400: Memory Usage (417944K) : metal3_pin has 0 polygons
2026-08-18 11:30:41 -0400: Memory Usage (417944K) : metal3_mask has 0 polygons
2026-08-18 11:30:41 -0400: Memory Usage (417944K) : metal3_filler has 0 polygons
2026-08-18 11:30:41 -0400: Memory Usage (417944K) : metal3_nofill has 0 polygons
2026-08-18 11:30:41 -0400: Memory Usage (417944K) : metal3_slit has 0 polygons
2026-08-18 11:30:41 -0400: Memory Usage (417944K) : metal3_text has 4 polygons
2026-08-18 11:30:41 -0400: Memory Usage (417944K) : metal3_opc has 0 polygons
2026-08-18 11:30:41 -0400: Memory Usage (417944K) : metal3_noqrc has 0 polygons
2026-08-18 11:30:41 -0400: Memory Usage (417944K) : metal3_res has 0 polygons
2026-08-18 11:30:41 -0400: Memory Usage (417944K) : metal3_iprobe has 0 polygons
2026-08-18 11:30:41 -0400: Memory Usage (417944K) : metal3_diffprb has 0 polygons
2026-08-18 11:30:41 -0400: Memory Usage (418208K) : nwell_drw has 0 polygons
2026-08-18 11:30:41 -0400: Memory Usage (418208K) : nwell_pin has 0 polygons
2026-08-18 11:30:41 -0400: Memory Usage (418208K) : nbulay_drw has 0 polygons
2026-08-18 11:30:41 -0400: Memory Usage (418208K) : nbulay_pin has 0 polygons
2026-08-18 11:30:41 -0400: Memory Usage (418208K) : nbulay_block has 0 polygons
2026-08-18 11:30:41 -0400: Memory Usage (418208K) : emwind_drw has 36 polygons
2026-08-18 11:30:41 -0400: Memory Usage (418472K) : emwind_opc has 0 polygons
2026-08-18 11:30:41 -0400: Memory Usage (418472K) : deepco_drw has 0 polygons
2026-08-18 11:30:41 -0400: Memory Usage (418472K) : deepco_drw has 0 polygons
2026-08-18 11:30:41 -0400: Memory Usage (418472K) : mim_drw has 3 polygons
2026-08-18 11:30:41 -0400: Memory Usage (418472K) : edgeseal_drw has 0 polygons
2026-08-18 11:30:41 -0400: Memory Usage (418472K) : edgeseal_bound has 0 polygons
2026-08-18 11:30:41 -0400: Memory Usage (418736K) : substrate_drw has 0 polygons
2026-08-18 11:30:41 -0400: Memory Usage (418736K) : substrate_text has 0 polygons
2026-08-18 11:30:41 -0400: Memory Usage (418736K) : dfpad_drw has 0 polygons
2026-08-18 11:30:41 -0400: Memory Usage (418736K) : dfpad_pillar has 0 polygons
2026-08-18 11:30:41 -0400: Memory Usage (418736K) : dfpad_sbump has 0 polygons
2026-08-18 11:30:41 -0400: Memory Usage (418736K) : thickgateox_drw has 0 polygons
2026-08-18 11:30:41 -0400: Memory Usage (419000K) : pldb_drw has 0 polygons
2026-08-18 11:30:41 -0400: Memory Usage (419000K) : pwell_drw has 0 polygons
2026-08-18 11:30:41 -0400: Memory Usage (419000K) : pwell_pin has 0 polygons
2026-08-18 11:30:41 -0400: Memory Usage (419000K) : pwell_block has 0 polygons
2026-08-18 11:30:41 -0400: Memory Usage (419000K) : ic_drw has 0 polygons
2026-08-18 11:30:41 -0400: Memory Usage (419000K) : via3_drw has 256 polygons
2026-08-18 11:30:41 -0400: Memory Usage (419264K) : metal4_drw has 16 polygons
2026-08-18 11:30:41 -0400: Memory Usage (419264K) : metal4_pin has 0 polygons
2026-08-18 11:30:41 -0400: Memory Usage (419264K) : metal4_mask has 0 polygons
2026-08-18 11:30:41 -0400: Memory Usage (419264K) : metal4_filler has 0 polygons
2026-08-18 11:30:41 -0400: Memory Usage (419264K) : metal4_nofill has 3 polygons
2026-08-18 11:30:41 -0400: Memory Usage (419264K) : metal4_slit has 0 polygons
2026-08-18 11:30:41 -0400: Memory Usage (419528K) : metal4_text has 0 polygons
2026-08-18 11:30:41 -0400: Memory Usage (419528K) : metal4_opc has 0 polygons
2026-08-18 11:30:41 -0400: Memory Usage (419528K) : metal4_noqrc has 0 polygons
2026-08-18 11:30:41 -0400: Memory Usage (419528K) : metal4_res has 0 polygons
2026-08-18 11:30:41 -0400: Memory Usage (419528K) : metal4_iprobe has 0 polygons
2026-08-18 11:30:41 -0400: Memory Usage (419528K) : metal4_diffprb has 0 polygons
2026-08-18 11:30:41 -0400: Memory Usage (419792K) : heattrans_drw has 0 polygons
2026-08-18 11:30:41 -0400: Memory Usage (419792K) : heatres_drw has 12 polygons
2026-08-18 11:30:41 -0400: Memory Usage (419792K) : pempoly_drw has 0 polygons
2026-08-18 11:30:41 -0400: Memory Usage (419792K) : fbe_drw has 0 polygons
2026-08-18 11:30:41 -0400: Memory Usage (419792K) : empoly_drw has 0 polygons
2026-08-18 11:30:41 -0400: Memory Usage (419792K) : ldmos_drw has 0 polygons
2026-08-18 11:30:41 -0400: Memory Usage (420056K) : pbiwind_drw has 0 polygons
2026-08-18 11:30:41 -0400: Memory Usage (420056K) : digisub_drw has 0 polygons
2026-08-18 11:30:41 -0400: Memory Usage (420056K) : nodrc_drw has 0 polygons
2026-08-18 11:30:41 -0400: Memory Usage (420056K) : text_drw has 72 polygons
2026-08-18 11:30:41 -0400: Memory Usage (420056K) : via4_drw has 256 polygons
2026-08-18 11:30:41 -0400: Memory Usage (420320K) : metal5_drw has 16 polygons
2026-08-18 11:30:41 -0400: Memory Usage (420320K) : metal5_pin has 3 polygons
2026-08-18 11:30:41 -0400: Memory Usage (420320K) : metal5_mask has 0 polygons
2026-08-18 11:30:41 -0400: Memory Usage (420320K) : metal5_filler has 0 polygons
2026-08-18 11:30:41 -0400: Memory Usage (420320K) : metal5_nofill has 3 polygons
2026-08-18 11:30:41 -0400: Memory Usage (420320K) : metal5_slit has 0 polygons
2026-08-18 11:30:41 -0400: Memory Usage (420584K) : metal5_text has 0 polygons
2026-08-18 11:30:41 -0400: Memory Usage (420584K) : metal5_opc has 0 polygons
2026-08-18 11:30:41 -0400: Memory Usage (420584K) : metal5_noqrc has 0 polygons
2026-08-18 11:30:41 -0400: Memory Usage (420584K) : metal5_res has 0 polygons
2026-08-18 11:30:41 -0400: Memory Usage (420584K) : metal5_iprobe has 0 polygons
2026-08-18 11:30:41 -0400: Memory Usage (420584K) : metal5_diffprb has 0 polygons
2026-08-18 11:30:41 -0400: Memory Usage (420848K) : radhard_drw has 0 polygons
2026-08-18 11:30:41 -0400: Memory Usage (420848K) : memcap_drw has 3 polygons
2026-08-18 11:30:41 -0400: Memory Usage (420848K) : varicap_drw has 0 polygons
2026-08-18 11:30:41 -0400: Memory Usage (420848K) : flash_drw has 0 polygons
2026-08-18 11:30:41 -0400: Memory Usage (420848K) : intbondvia_drw has 0 polygons
2026-08-18 11:30:41 -0400: Memory Usage (421112K) : intbondmet_drw has 0 polygons
2026-08-18 11:30:41 -0400: Memory Usage (421112K) : devbondvia_drw has 0 polygons
2026-08-18 11:30:41 -0400: Memory Usage (421112K) : devbondmet_drw has 0 polygons
2026-08-18 11:30:41 -0400: Memory Usage (421112K) : devtrench_drw has 0 polygons
2026-08-18 11:30:41 -0400: Memory Usage (421112K) : redist_drw has 0 polygons
2026-08-18 11:30:41 -0400: Memory Usage (421112K) : graphbot_drw has 0 polygons
2026-08-18 11:30:41 -0400: Memory Usage (421376K) : graphtop_drw has 0 polygons
2026-08-18 11:30:41 -0400: Memory Usage (421376K) : antvia1_drw has 0 polygons
2026-08-18 11:30:41 -0400: Memory Usage (421376K) : antmetal2_drw has 0 polygons
2026-08-18 11:30:41 -0400: Memory Usage (421376K) : graphcont_drw has 0 polygons
2026-08-18 11:30:41 -0400: Memory Usage (421376K) : siwg_drw has 0 polygons
2026-08-18 11:30:41 -0400: Memory Usage (421640K) : siwg_filler has 0 polygons
2026-08-18 11:30:41 -0400: Memory Usage (421640K) : siwg_nofill has 0 polygons
2026-08-18 11:30:41 -0400: Memory Usage (421640K) : sigrating_drw has 0 polygons
2026-08-18 11:30:41 -0400: Memory Usage (421640K) : singrating_drw has 0 polygons
2026-08-18 11:30:41 -0400: Memory Usage (421640K) : graphpas_drw has 0 polygons
2026-08-18 11:30:41 -0400: Memory Usage (421640K) : emwind3_drw has 0 polygons
2026-08-18 11:30:41 -0400: Memory Usage (421904K) : emwihv3_drw has 0 polygons
2026-08-18 11:30:41 -0400: Memory Usage (421904K) : redbulay_drw has 0 polygons
2026-08-18 11:30:41 -0400: Memory Usage (421904K) : smos_drw has 0 polygons
2026-08-18 11:30:41 -0400: Memory Usage (421904K) : graphpad_drw has 0 polygons
2026-08-18 11:30:41 -0400: Memory Usage (421904K) : polimide_drw has 0 polygons
2026-08-18 11:30:41 -0400: Memory Usage (422168K) : polimide_pin has 0 polygons
2026-08-18 11:30:41 -0400: Memory Usage (422168K) : recog_drw has 0 polygons
2026-08-18 11:30:41 -0400: Memory Usage (422168K) : recog_pin has 0 polygons
2026-08-18 11:30:41 -0400: Memory Usage (422168K) : recog_esd has 0 polygons
2026-08-18 11:30:41 -0400: Memory Usage (422168K) : recog_diode has 0 polygons
2026-08-18 11:30:41 -0400: Memory Usage (422168K) : recog_tsv has 0 polygons
2026-08-18 11:30:41 -0400: Memory Usage (422432K) : recog_iprobe has 0 polygons
2026-08-18 11:30:41 -0400: Memory Usage (422432K) : recog_diffprb has 0 polygons
2026-08-18 11:30:41 -0400: Memory Usage (422432K) : recog_pillar has 0 polygons
2026-08-18 11:30:41 -0400: Memory Usage (422432K) : recog_sbump has 0 polygons
2026-08-18 11:30:41 -0400: Memory Usage (422432K) : recog_otp has 0 polygons
2026-08-18 11:30:41 -0400: Memory Usage (422432K) : recog_pdiode has 0 polygons
2026-08-18 11:30:41 -0400: Memory Usage (422432K) : recog_mom has 0 polygons
2026-08-18 11:30:41 -0400: Memory Usage (422696K) : recog_pcm has 0 polygons
2026-08-18 11:30:41 -0400: Memory Usage (422696K) : colopen_drw has 0 polygons
2026-08-18 11:30:41 -0400: Memory Usage (422696K) : graphmetal1_drw has 0 polygons
2026-08-18 11:30:41 -0400: Memory Usage (422696K) : graphmetal1_filler has 0 polygons
2026-08-18 11:30:41 -0400: Memory Usage (422696K) : graphmetal1_nofill has 0 polygons
2026-08-18 11:30:41 -0400: Memory Usage (422696K) : graphmetal1_slit has 0 polygons
2026-08-18 11:30:41 -0400: Memory Usage (422696K) : graphmetal1_opc has 0 polygons
2026-08-18 11:30:41 -0400: Memory Usage (422960K) : graphmet1l_drw has 0 polygons
2026-08-18 11:30:41 -0400: Memory Usage (422960K) : graphmet1l_filler has 0 polygons
2026-08-18 11:30:41 -0400: Memory Usage (422960K) : graphmet1l_nofill has 0 polygons
2026-08-18 11:30:41 -0400: Memory Usage (422960K) : graphmet1l_slit has 0 polygons
2026-08-18 11:30:41 -0400: Memory Usage (422960K) : graphmet1l_opc has 0 polygons
2026-08-18 11:30:42 -0400: Memory Usage (422960K) : extblock_drw has 12 polygons
2026-08-18 11:30:42 -0400: Memory Usage (423224K) : nldd_drw has 0 polygons
2026-08-18 11:30:42 -0400: Memory Usage (423224K) : pldd_drw has 0 polygons
2026-08-18 11:30:42 -0400: Memory Usage (423224K) : next_drw has 0 polygons
2026-08-18 11:30:42 -0400: Memory Usage (423224K) : pext_drw has 0 polygons
2026-08-18 11:30:42 -0400: Memory Usage (423224K) : nexthv_drw has 0 polygons
2026-08-18 11:30:42 -0400: Memory Usage (423224K) : pexthv_drw has 0 polygons
2026-08-18 11:30:42 -0400: Memory Usage (423488K) : graphgate_drw has 0 polygons
2026-08-18 11:30:42 -0400: Memory Usage (423488K) : sinwg_drw has 0 polygons
2026-08-18 11:30:42 -0400: Memory Usage (423488K) : sinwg_filler has 0 polygons
2026-08-18 11:30:42 -0400: Memory Usage (423488K) : sinwg_nofill has 0 polygons
2026-08-18 11:30:42 -0400: Memory Usage (423488K) : mempad_drw has 0 polygons
2026-08-18 11:30:42 -0400: Memory Usage (423752K) : topvia1_drw has 13 polygons
2026-08-18 11:30:42 -0400: Memory Usage (423752K) : topmetal1_drw has 7 polygons
2026-08-18 11:30:42 -0400: Memory Usage (423752K) : topmetal1_pin has 3 polygons
2026-08-18 11:30:42 -0400: Memory Usage (423752K) : topmetal1_mask has 0 polygons
2026-08-18 11:30:42 -0400: Memory Usage (423752K) : topmetal1_filler has 0 polygons
2026-08-18 11:30:42 -0400: Memory Usage (423752K) : topmetal1_nofill has 3 polygons
2026-08-18 11:30:42 -0400: Memory Usage (423752K) : topmetal1_slit has 0 polygons
2026-08-18 11:30:42 -0400: Memory Usage (424016K) : topmetal1_text has 2 polygons
2026-08-18 11:30:42 -0400: Memory Usage (424016K) : topmetal1_noqrc has 0 polygons
2026-08-18 11:30:42 -0400: Memory Usage (424016K) : topmetal1_res has 0 polygons
2026-08-18 11:30:42 -0400: Memory Usage (424016K) : topmetal1_iprobe has 0 polygons
2026-08-18 11:30:42 -0400: Memory Usage (424016K) : topmetal1_diffprb has 0 polygons
2026-08-18 11:30:42 -0400: Memory Usage (424016K) : inldpwl_drw has 0 polygons
2026-08-18 11:30:42 -0400: Memory Usage (424280K) : polyres_drw has 12 polygons
2026-08-18 11:30:42 -0400: Memory Usage (424280K) : polyres_pin has 0 polygons
2026-08-18 11:30:42 -0400: Memory Usage (424280K) : vmim_drw has 27 polygons
2026-08-18 11:30:42 -0400: Memory Usage (424280K) : nbulaycut_drw has 0 polygons
2026-08-18 11:30:42 -0400: Memory Usage (424280K) : antmetal1_drw has 0 polygons
2026-08-18 11:30:42 -0400: Memory Usage (424280K) : topvia2_drw has 2 polygons
2026-08-18 11:30:42 -0400: Memory Usage (424544K) : topmetal2_drw has 1 polygons
2026-08-18 11:30:42 -0400: Memory Usage (424544K) : topmetal2_pin has 0 polygons
2026-08-18 11:30:42 -0400: Memory Usage (424544K) : topmetal2_mask has 0 polygons
2026-08-18 11:30:42 -0400: Memory Usage (424544K) : topmetal2_filler has 0 polygons
2026-08-18 11:30:42 -0400: Memory Usage (424544K) : topmetal2_nofill has 3 polygons
2026-08-18 11:30:42 -0400: Memory Usage (424808K) : topmetal2_slit has 0 polygons
2026-08-18 11:30:42 -0400: Memory Usage (424808K) : topmetal2_text has 1 polygons
2026-08-18 11:30:42 -0400: Memory Usage (424808K) : topmetal2_noqrc has 0 polygons
2026-08-18 11:30:42 -0400: Memory Usage (424808K) : topmetal2_res has 0 polygons
2026-08-18 11:30:42 -0400: Memory Usage (424808K) : topmetal2_iprobe has 0 polygons
2026-08-18 11:30:42 -0400: Memory Usage (424808K) : topmetal2_diffprb has 0 polygons
2026-08-18 11:30:42 -0400: Memory Usage (425072K) : snsring_drw has 0 polygons
2026-08-18 11:30:42 -0400: Memory Usage (425072K) : sensor_drw has 0 polygons
2026-08-18 11:30:42 -0400: Memory Usage (425072K) : snsarms_drw has 0 polygons
2026-08-18 11:30:42 -0400: Memory Usage (425072K) : snscmosvia_drw has 0 polygons
2026-08-18 11:30:42 -0400: Memory Usage (425072K) : colwind_drw has 0 polygons
2026-08-18 11:30:42 -0400: Memory Usage (425336K) : flm_drw has 0 polygons
2026-08-18 11:30:42 -0400: Memory Usage (425336K) : hafniumox_drw has 0 polygons
2026-08-18 11:30:42 -0400: Memory Usage (425336K) : memvia_drw has 0 polygons
2026-08-18 11:30:42 -0400: Memory Usage (425336K) : thinfilmres_drw has 0 polygons
2026-08-18 11:30:42 -0400: Memory Usage (425336K) : rfmem_drw has 0 polygons
2026-08-18 11:30:42 -0400: Memory Usage (425336K) : norcx_drw has 0 polygons
2026-08-18 11:30:42 -0400: Memory Usage (425336K) : norcx_m2m3 has 0 polygons
2026-08-18 11:30:42 -0400: Memory Usage (425600K) : norcx_m2m4 has 0 polygons
2026-08-18 11:30:42 -0400: Memory Usage (425600K) : norcx_m2m5 has 0 polygons
2026-08-18 11:30:42 -0400: Memory Usage (425600K) : norcx_m2tm1 has 0 polygons
2026-08-18 11:30:42 -0400: Memory Usage (425600K) : norcx_m2tm2 has 0 polygons
2026-08-18 11:30:42 -0400: Memory Usage (425600K) : norcx_m3m4 has 0 polygons
2026-08-18 11:30:42 -0400: Memory Usage (425600K) : norcx_m3m5 has 0 polygons
2026-08-18 11:30:42 -0400: Memory Usage (425864K) : norcx_m3tm1 has 0 polygons
2026-08-18 11:30:42 -0400: Memory Usage (425864K) : norcx_m3tm2 has 0 polygons
2026-08-18 11:30:42 -0400: Memory Usage (425864K) : norcx_m4m5 has 0 polygons
2026-08-18 11:30:42 -0400: Memory Usage (425864K) : norcx_m4tm1 has 0 polygons
2026-08-18 11:30:42 -0400: Memory Usage (425864K) : norcx_m4tm2 has 0 polygons
2026-08-18 11:30:42 -0400: Memory Usage (425864K) : norcx_m5tm1 has 0 polygons
2026-08-18 11:30:42 -0400: Memory Usage (425864K) : norcx_m5tm2 has 0 polygons
2026-08-18 11:30:42 -0400: Memory Usage (425864K) : norcx_tm1tm2 has 0 polygons
2026-08-18 11:30:42 -0400: Memory Usage (425864K) : norcx_m1sub has 0 polygons
2026-08-18 11:30:42 -0400: Memory Usage (426128K) : norcx_m2sub has 0 polygons
2026-08-18 11:30:42 -0400: Memory Usage (426128K) : norcx_m3sub has 0 polygons
2026-08-18 11:30:42 -0400: Memory Usage (426128K) : norcx_m4sub has 0 polygons
2026-08-18 11:30:42 -0400: Memory Usage (426128K) : norcx_m5sub has 0 polygons
2026-08-18 11:30:42 -0400: Memory Usage (426128K) : norcx_tm1sub has 0 polygons
2026-08-18 11:30:42 -0400: Memory Usage (426128K) : norcx_tm2sub has 0 polygons
2026-08-18 11:30:42 -0400: Memory Usage (426392K) : snsbotvia_drw has 0 polygons
2026-08-18 11:30:42 -0400: Memory Usage (426392K) : snstopvia_drw has 0 polygons
2026-08-18 11:30:42 -0400: Memory Usage (426392K) : deepvia_drw has 0 polygons
2026-08-18 11:30:42 -0400: Memory Usage (426392K) : fgetch_drw has 0 polygons
2026-08-18 11:30:42 -0400: Memory Usage (426392K) : ctrgat_drw has 0 polygons
2026-08-18 11:30:42 -0400: Memory Usage (426392K) : fgimp_drw has 0 polygons
2026-08-18 11:30:42 -0400: Memory Usage (426656K) : emwihv_drw has 0 polygons
2026-08-18 11:30:42 -0400: Memory Usage (426656K) : lbe_drw has 0 polygons
2026-08-18 11:30:42 -0400: Memory Usage (426656K) : alcustop_drw has 0 polygons
2026-08-18 11:30:42 -0400: Memory Usage (426656K) : nometfiller_drw has 0 polygons
2026-08-18 11:30:42 -0400: Memory Usage (426656K) : prboundary_drw has 0 polygons
2026-08-18 11:30:42 -0400: Memory Usage (426656K) : exchange0_drw has 0 polygons
2026-08-18 11:30:42 -0400: Memory Usage (426656K) : exchange0_pin has 0 polygons
2026-08-18 11:30:42 -0400: Memory Usage (426920K) : exchange0_text has 0 polygons
2026-08-18 11:30:42 -0400: Memory Usage (426920K) : exchange1_drw has 0 polygons
2026-08-18 11:30:42 -0400: Memory Usage (426920K) : exchange1_pin has 0 polygons
2026-08-18 11:30:42 -0400: Memory Usage (426920K) : exchange1_text has 0 polygons
2026-08-18 11:30:42 -0400: Memory Usage (426920K) : exchange2_drw has 0 polygons
2026-08-18 11:30:42 -0400: Memory Usage (426920K) : exchange2_pin has 0 polygons
2026-08-18 11:30:42 -0400: Memory Usage (427184K) : exchange2_text has 0 polygons
2026-08-18 11:30:42 -0400: Memory Usage (427184K) : exchange3_drw has 0 polygons
2026-08-18 11:30:42 -0400: Memory Usage (427184K) : exchange3_pin has 0 polygons
2026-08-18 11:30:42 -0400: Memory Usage (427184K) : exchange3_text has 0 polygons
2026-08-18 11:30:42 -0400: Memory Usage (427184K) : exchange4_drw has 0 polygons
2026-08-18 11:30:42 -0400: Memory Usage (427184K) : exchange4_pin has 0 polygons
2026-08-18 11:30:42 -0400: Memory Usage (427448K) : exchange4_text has 0 polygons
2026-08-18 11:30:42 -0400: Memory Usage (427448K) : isonwell_drw has 0 polygons
2026-08-18 11:30:42 -0400: Memory Usage (427448K) : Total no. of polygons in the design is 3016
2026-08-18 11:30:42 -0400: Memory Usage (427448K) : Loaded TECH DRC rules values from /home/noorizad/local/pdks/ihp-sg13g2/libs.tech/klayout/python/sg13g2_pycell_lib/sg13g2_tech_mod.json
2026-08-18 11:30:42 -0400: Memory Usage (427448K) : Loaded default DRC rules values from /home/noorizad/local/pdks/ihp-sg13g2/libs.tech/klayout/tech/drc/rule_decks/sg13g2_tech_default.json
2026-08-18 11:30:42 -0400: Memory Usage (427448K) : The following rules values were missing in tech json and default values were used:
2026-08-18 11:30:42 -0400: Memory Usage (427448K) :   - Cnt_c_digibnd
2026-08-18 11:30:42 -0400: Memory Usage (428428K) : Total area of the design is 7374.223999999999 um^2.
2026-08-18 11:30:42 -0400: Memory Usage (428428K) : The design dimensions are 117.20000000000002 µm * 62.92 µm.
2026-08-18 11:30:42 -0400: Memory Usage (428428K) : Starting general IHP-SG13G2 derivations.
2026-08-18 11:30:42 -0400: Memory Usage (428428K) : Starting Pwell derivations
2026-08-18 11:30:42 -0400: Memory Usage (426236K) : Starting n-Activ derivations
2026-08-18 11:30:42 -0400: Memory Usage (433616K) : Starting p-Activ derivations
2026-08-18 11:30:42 -0400: Memory Usage (433040K) : Starting ptap derivations
2026-08-18 11:30:42 -0400: Memory Usage (433864K) : Starting ntap derivations
2026-08-18 11:30:42 -0400: Memory Usage (433216K) : Starting pact FET derivations
2026-08-18 11:30:42 -0400: Memory Usage (433168K) : Starting nact FET derivations
2026-08-18 11:30:42 -0400: Memory Usage (433004K) : Starting Gate derivations
2026-08-18 11:30:42 -0400: Memory Usage (433276K) : Starting cont/contbar general derivations
2026-08-18 11:30:42 -0400: Memory Usage (434024K) : Starting pad general derivations
2026-08-18 11:30:42 -0400: Memory Usage (433352K) : Starting IHP-SG13G2 DRC connectivity related derivations.
2026-08-18 11:30:42 -0400: Memory Usage (435116K) : Starting IHP-SG13G2 DRC connectivity setup
2026-08-18 11:30:42 -0400: Memory Usage (433388K) : Starting IHP-SG13G2 DRC rules.
2026-08-18 11:30:42 -0400: Memory Usage (433388K) : Running all FEOL rules
2026-08-18 11:30:42 -0400: Memory Usage (433388K) : Running all BEOL rules
2026-08-18 11:30:42 -0400: Memory Usage (433388K) : Starting 3.2. FORBIDDEN table
2026-08-18 11:30:42 -0400: Memory Usage (433388K) : Executing rule forbidden.biwind
2026-08-18 11:30:42 -0400: Memory Usage (433388K) : Executing rule forbidden.pemwind
2026-08-18 11:30:42 -0400: Memory Usage (433388K) : Executing rule forbidden.baspoly
2026-08-18 11:30:42 -0400: Memory Usage (433388K) : Executing rule forbidden.deepco
2026-08-18 11:30:42 -0400: Memory Usage (433388K) : Executing rule forbidden.pempoly
2026-08-18 11:30:42 -0400: Memory Usage (433388K) : Executing rule forbidden.empoly
2026-08-18 11:30:42 -0400: Memory Usage (433388K) : Executing rule forbidden.ldmos
2026-08-18 11:30:42 -0400: Memory Usage (433388K) : Executing rule forbidden.pbiwind
2026-08-18 11:30:42 -0400: Memory Usage (433388K) : Executing rule forbidden.nodrc
2026-08-18 11:30:42 -0400: Memory Usage (433388K) : Executing rule forbidden.flash
2026-08-18 11:30:42 -0400: Memory Usage (433388K) : Executing rule forbidden.colwind
2026-08-18 11:30:42 -0400: Memory Usage (433388K) : Starting 5.1 NWell table
2026-08-18 11:30:42 -0400: Memory Usage (433388K) : Executing rule NW.b
2026-08-18 11:30:42 -0400: Memory Usage (433388K) : Executing rule NW.b1
2026-08-18 11:30:42 -0400: Memory Usage (433388K) : Starting 5.2 PWell:block
2026-08-18 11:30:42 -0400: Memory Usage (433388K) : Executing rule PWB.e
2026-08-18 11:30:42 -0400: Memory Usage (433388K) : Executing rule PWB.e1
2026-08-18 11:30:42 -0400: Memory Usage (433388K) : Executing rule PWB.f
2026-08-18 11:30:42 -0400: Memory Usage (433388K) : Executing rule PWB.f1
2026-08-18 11:30:42 -0400: Memory Usage (433388K) : Starting 5.3 nBuLay table
2026-08-18 11:30:42 -0400: Memory Usage (433388K) : Executing rule NBL.b
2026-08-18 11:30:42 -0400: Memory Usage (433388K) : Executing rule NBL.c
2026-08-18 11:30:42 -0400: Memory Usage (433388K) : Executing rule NBL.d
2026-08-18 11:30:42 -0400: Memory Usage (433388K) : Executing rule NBL.e
2026-08-18 11:30:42 -0400: Memory Usage (433388K) : Executing rule NBL.f
2026-08-18 11:30:42 -0400: Memory Usage (433388K) : Starting 5.5. Activ table
2026-08-18 11:30:42 -0400: Memory Usage (433388K) : Executing rule Act.a
2026-08-18 11:30:42 -0400: Memory Usage (433388K) : Executing rule Act.b
2026-08-18 11:30:43 -0400: Memory Usage (434560K) : Starting 5.6 Activ:filler table
2026-08-18 11:30:43 -0400: Memory Usage (434560K) : Executing rule AFil.c1
2026-08-18 11:30:43 -0400: Memory Usage (434560K) : Executing rule AFil.c
2026-08-18 11:30:43 -0400: Memory Usage (434312K) : Executing rule AFil.d
2026-08-18 11:30:43 -0400: Memory Usage (433920K) : Executing rule AFil.e
2026-08-18 11:30:43 -0400: Memory Usage (433920K) : Executing rule AFil.j
2026-08-18 11:30:43 -0400: Memory Usage (433920K) : Starting 5.7. ThickGateOx table
2026-08-18 11:30:43 -0400: Memory Usage (433920K) : Executing rule TGO.f
2026-08-18 11:30:43 -0400: Memory Usage (433920K) : Starting 5.8. GatPoly table
2026-08-18 11:30:43 -0400: Memory Usage (433920K) : Executing rule Gat.a
2026-08-18 11:30:43 -0400: Memory Usage (433920K) : Executing rule Gat.b
2026-08-18 11:30:43 -0400: Memory Usage (434088K) : Executing rule Gat.d
2026-08-18 11:30:43 -0400: Memory Usage (434388K) : Executing rule Gat.a1
2026-08-18 11:30:43 -0400: Memory Usage (434136K) : Executing rule Gat.a2
2026-08-18 11:30:43 -0400: Memory Usage (434408K) : Executing rule Gat.g
2026-08-18 11:30:43 -0400: Memory Usage (434992K) : Starting 5.9 GatPoly:filler
2026-08-18 11:30:43 -0400: Memory Usage (434312K) : Executing rule GFil.d
2026-08-18 11:30:43 -0400: Memory Usage (434312K) : Executing rule GFil.e
2026-08-18 11:30:43 -0400: Memory Usage (434312K) : Executing rule GFil.i
2026-08-18 11:30:43 -0400: Memory Usage (434312K) : Starting 5.10 pSD table
2026-08-18 11:30:43 -0400: Memory Usage (434312K) : Executing rule pSD.c1
2026-08-18 11:30:43 -0400: Memory Usage (434408K) : Starting 5.14. Cont table
2026-08-18 11:30:43 -0400: Memory Usage (434408K) : Executing rule Cnt.a
2026-08-18 11:30:43 -0400: Memory Usage (434408K) : Executing rule Cnt.b
2026-08-18 11:30:43 -0400: Memory Usage (434744K) : Executing rule Cnt.c
2026-08-18 11:30:43 -0400: Memory Usage (435328K) : Executing rule Cnt.c
2026-08-18 11:30:43 -0400: Memory Usage (435040K) : Executing rule Cnt.d
2026-08-18 11:30:43 -0400: Memory Usage (434900K) : Executing rule Cnt.e
2026-08-18 11:30:43 -0400: Memory Usage (435384K) : Executing rule Cnt.g1
2026-08-18 11:30:43 -0400: Memory Usage (435156K) : Executing rule Cnt.g2
2026-08-18 11:30:44 -0400: Memory Usage (435788K) : Starting 5.15. ContBar table
2026-08-18 11:30:44 -0400: Memory Usage (435748K) : Executing rule CntB.b1
2026-08-18 11:30:44 -0400: Memory Usage (435584K) : Executing rule CntB.h1
2026-08-18 11:30:44 -0400: Memory Usage (435704K) : Starting 5.16. Metal1 table
2026-08-18 11:30:44 -0400: Memory Usage (435704K) : Executing rule M1.a
2026-08-18 11:30:44 -0400: Memory Usage (435704K) : Executing rule M1.b
2026-08-18 11:30:44 -0400: Memory Usage (436228K) : Executing rule M1.e
2026-08-18 11:30:44 -0400: Memory Usage (435968K) : Executing rule M1.f
2026-08-18 11:30:44 -0400: Memory Usage (435776K) : Executing rule M1.g
2026-08-18 11:30:44 -0400: Memory Usage (436224K) : Executing rule M1.i
2026-08-18 11:30:44 -0400: Memory Usage (435968K) : Starting 5.17 Metaln table
2026-08-18 11:30:44 -0400: Memory Usage (435968K) : Executing rule M2.a
2026-08-18 11:30:44 -0400: Memory Usage (435968K) : Executing rule M2.b
2026-08-18 11:30:44 -0400: Memory Usage (436144K) : Executing rule M2.e
2026-08-18 11:30:44 -0400: Memory Usage (436104K) : Executing rule M2.f
2026-08-18 11:30:44 -0400: Memory Usage (435920K) : Executing rule M2.g
2026-08-18 11:30:44 -0400: Memory Usage (435824K) : Executing rule M2.i
2026-08-18 11:30:44 -0400: Memory Usage (436696K) : Executing rule M3.a
2026-08-18 11:30:44 -0400: Memory Usage (436696K) : Executing rule M3.b
2026-08-18 11:30:44 -0400: Memory Usage (435956K) : Executing rule M3.e
2026-08-18 11:30:44 -0400: Memory Usage (435800K) : Executing rule M3.f
2026-08-18 11:30:44 -0400: Memory Usage (435800K) : Executing rule M3.g
2026-08-18 11:30:44 -0400: Memory Usage (435900K) : Executing rule M3.i
2026-08-18 11:30:45 -0400: Memory Usage (436728K) : Executing rule M4.a
2026-08-18 11:30:45 -0400: Memory Usage (436448K) : Executing rule M4.b
2026-08-18 11:30:45 -0400: Memory Usage (437172K) : Executing rule M4.e
2026-08-18 11:30:45 -0400: Memory Usage (435940K) : Executing rule M4.f
2026-08-18 11:30:45 -0400: Memory Usage (435940K) : Executing rule M4.g
2026-08-18 11:30:45 -0400: Memory Usage (435792K) : Executing rule M4.i
2026-08-18 11:30:45 -0400: Memory Usage (436152K) : Executing rule M5.a
2026-08-18 11:30:45 -0400: Memory Usage (435888K) : Executing rule M5.b
2026-08-18 11:30:45 -0400: Memory Usage (436972K) : Executing rule M5.e
2026-08-18 11:30:45 -0400: Memory Usage (436248K) : Executing rule M5.f
2026-08-18 11:30:45 -0400: Memory Usage (435856K) : Executing rule M5.g
2026-08-18 11:30:45 -0400: Memory Usage (435956K) : Executing rule M5.i
2026-08-18 11:30:45 -0400: Memory Usage (435792K) : Starting 5.18 Metaln:filler table
2026-08-18 11:30:45 -0400: Memory Usage (435792K) : Executing rule M1Fil.c
2026-08-18 11:30:45 -0400: Memory Usage (435792K) : Executing rule M1Fil.a2
2026-08-18 11:30:45 -0400: Memory Usage (435792K) : Executing rule M2Fil.c
2026-08-18 11:30:45 -0400: Memory Usage (435792K) : Executing rule M2Fil.a2
2026-08-18 11:30:45 -0400: Memory Usage (435792K) : Executing rule M3Fil.c
2026-08-18 11:30:45 -0400: Memory Usage (435792K) : Executing rule M3Fil.a2
2026-08-18 11:30:45 -0400: Memory Usage (435792K) : Executing rule M4Fil.c
2026-08-18 11:30:45 -0400: Memory Usage (435792K) : Executing rule M4Fil.a2
2026-08-18 11:30:45 -0400: Memory Usage (435792K) : Executing rule M5Fil.c
2026-08-18 11:30:45 -0400: Memory Usage (435792K) : Executing rule M5Fil.a2
2026-08-18 11:30:45 -0400: Memory Usage (435792K) : Starting 5.19. Via1 table
2026-08-18 11:30:45 -0400: Memory Usage (435792K) : Starting 5.19. Via1 table derivations
2026-08-18 11:30:45 -0400: Memory Usage (435792K) : Executing rule V1.a
2026-08-18 11:30:45 -0400: Memory Usage (435792K) : Executing rule V1.b
2026-08-18 11:30:45 -0400: Memory Usage (436028K) : Executing rule V1.c
2026-08-18 11:30:45 -0400: Memory Usage (436220K) : Starting 5.20. Vian table
2026-08-18 11:30:45 -0400: Memory Usage (436220K) : Executing rule V2.a
2026-08-18 11:30:45 -0400: Memory Usage (436220K) : Executing rule V2.b
2026-08-18 11:30:45 -0400: Memory Usage (436252K) : Executing rule V2.c
2026-08-18 11:30:45 -0400: Memory Usage (436524K) : Executing rule V3.a
2026-08-18 11:30:45 -0400: Memory Usage (436268K) : Executing rule V3.b
2026-08-18 11:30:45 -0400: Memory Usage (436796K) : Executing rule V3.c
2026-08-18 11:30:45 -0400: Memory Usage (436320K) : Executing rule V4.a
2026-08-18 11:30:45 -0400: Memory Usage (436320K) : Executing rule V4.b
2026-08-18 11:30:46 -0400: Memory Usage (436436K) : Executing rule V4.c
2026-08-18 11:30:46 -0400: Memory Usage (436676K) : Starting 5.21. TopVia1 table
2026-08-18 11:30:46 -0400: Memory Usage (436676K) : Executing rule TV1.a
2026-08-18 11:30:46 -0400: Memory Usage (436612K) : Executing rule TV1.b
2026-08-18 11:30:46 -0400: Memory Usage (436404K) : Executing rule TV1.c
2026-08-18 11:30:46 -0400: Memory Usage (436740K) : Executing rule TV1.d
2026-08-18 11:30:46 -0400: Memory Usage (436372K) : Starting 5.22. TopMetal1 table
2026-08-18 11:30:46 -0400: Memory Usage (436372K) : Executing rule TM1.a
2026-08-18 11:30:46 -0400: Memory Usage (436372K) : Executing rule TM1.b
2026-08-18 11:30:46 -0400: Memory Usage (436468K) : Starting 5.23 TopMetal1:filler table
2026-08-18 11:30:46 -0400: Memory Usage (436468K) : Executing rule TM1Fil.c
2026-08-18 11:30:46 -0400: Memory Usage (436468K) : Executing rule TM1Fil.a1
2026-08-18 11:30:46 -0400: Memory Usage (436468K) : Starting 5.24. TopVia2 table
2026-08-18 11:30:46 -0400: Memory Usage (436468K) : Executing rule TV2.a
2026-08-18 11:30:46 -0400: Memory Usage (436468K) : Executing rule TV2.b
2026-08-18 11:30:46 -0400: Memory Usage (436628K) : Executing rule TV2.c
2026-08-18 11:30:46 -0400: Memory Usage (436428K) : Executing rule TV2.d
2026-08-18 11:30:46 -0400: Memory Usage (436388K) : Starting 5.25. TopMetal2 table
2026-08-18 11:30:46 -0400: Memory Usage (436388K) : Executing rule TM2.a
2026-08-18 11:30:46 -0400: Memory Usage (436260K) : Executing rule TM2.b
2026-08-18 11:30:46 -0400: Memory Usage (436356K) : Executing rule TM2.bR
2026-08-18 11:30:46 -0400: Memory Usage (436356K) : Starting 5.26 TopMetal2:filler table
2026-08-18 11:30:46 -0400: Memory Usage (436356K) : Executing rule TM2Fil.c
2026-08-18 11:30:46 -0400: Memory Usage (436356K) : Executing rule TM2Fil.a1
2026-08-18 11:30:46 -0400: Memory Usage (436356K) : Starting 5.27. Passiv table
2026-08-18 11:30:46 -0400: Memory Usage (436356K) : Executing rule Pas.a
2026-08-18 11:30:46 -0400: Memory Usage (436356K) : Executing rule Pas.b
2026-08-18 11:30:46 -0400: Memory Usage (436356K) : Executing rule Pas.c
2026-08-18 11:30:46 -0400: Memory Usage (436356K) : Starting 6.1.3 NPN Substrate-Tie table
2026-08-18 11:30:46 -0400: Memory Usage (436688K) : Executing rule npn13G2.bR 
2026-08-18 11:30:47 -0400: Memory Usage (436416K) : Executing rule npn13G2L.cR 
2026-08-18 11:30:47 -0400: Memory Usage (436548K) : Executing rule npn13G2V.cR 
2026-08-18 11:30:47 -0400: Memory Usage (436548K) : Starting 6.7 Schottky diode table
2026-08-18 11:30:47 -0400: Memory Usage (436548K) : Executing rule Sdiod.d
2026-08-18 11:30:47 -0400: Memory Usage (436548K) : Executing rule Sdiod.e
2026-08-18 11:30:47 -0400: Memory Usage (436548K) : Starting 6.9.2 Copper Pillar table
2026-08-18 11:30:47 -0400: Memory Usage (436548K) : Executing rule Padc.a
2026-08-18 11:30:47 -0400: Memory Usage (436548K) : Executing rule Padc.b
2026-08-18 11:30:47 -0400: Memory Usage (436548K) : Executing rule Padc.c
2026-08-18 11:30:47 -0400: Memory Usage (436548K) : Executing rule Padb.f
2026-08-18 11:30:47 -0400: Memory Usage (436548K) : Starting 6.9 Pad table
2026-08-18 11:30:47 -0400: Memory Usage (436548K) : Executing rule Pad.m
2026-08-18 11:30:47 -0400: Memory Usage (436548K) : Executing rule Pad.fR_M1
2026-08-18 11:30:47 -0400: Memory Usage (436548K) : Executing rule Pad.fR_M2
2026-08-18 11:30:47 -0400: Memory Usage (436548K) : Executing rule Pad.fR_M3
2026-08-18 11:30:47 -0400: Memory Usage (436548K) : Executing rule Pad.fR_M4
2026-08-18 11:30:47 -0400: Memory Usage (436548K) : Executing rule Pad.fR_M5
2026-08-18 11:30:47 -0400: Memory Usage (436548K) : Executing rule Pad.fR_TM1
2026-08-18 11:30:47 -0400: Memory Usage (436548K) : Executing rule Pad.fR_TM2
2026-08-18 11:30:47 -0400: Memory Usage (436548K) : Executing rule Pad.i
2026-08-18 11:30:47 -0400: Memory Usage (436548K) : Starting 6.9.1 Solder Bump
2026-08-18 11:30:47 -0400: Memory Usage (436548K) : Executing rule Padb.a
2026-08-18 11:30:47 -0400: Memory Usage (436548K) : Executing rule Padb.b
2026-08-18 11:30:47 -0400: Memory Usage (436548K) : Executing rule Padb.c
2026-08-18 11:30:47 -0400: Memory Usage (436548K) : Executing rule Padb.f
2026-08-18 11:30:47 -0400: Memory Usage (436548K) : Executing rule Padb.d
2026-08-18 11:30:47 -0400: Memory Usage (436548K) : Starting 6.10 Sealring table
2026-08-18 11:30:47 -0400: Memory Usage (436548K) : Executing rule Seal.l
2026-08-18 11:30:47 -0400: Memory Usage (436548K) : Executing rule Seal.n
2026-08-18 11:30:47 -0400: Memory Usage (436548K) : Executing rule seal.b_metal1
2026-08-18 11:30:47 -0400: Memory Usage (436548K) : Executing rule seal.b_metal2
2026-08-18 11:30:47 -0400: Memory Usage (436548K) : Executing rule seal.b_metal3
2026-08-18 11:30:47 -0400: Memory Usage (436548K) : Executing rule seal.b_metal4
2026-08-18 11:30:47 -0400: Memory Usage (436548K) : Executing rule seal.b_metal5
2026-08-18 11:30:47 -0400: Memory Usage (436548K) : Executing rule seal.b_topmetal1
2026-08-18 11:30:47 -0400: Memory Usage (436548K) : Executing rule seal.b_topmetal2
2026-08-18 11:30:47 -0400: Memory Usage (436548K) : Executing rule seal.b_activ
2026-08-18 11:30:47 -0400: Memory Usage (436548K) : Executing rule seal.b_psd
2026-08-18 11:30:47 -0400: Memory Usage (436548K) : Executing rule Seal.k
2026-08-18 11:30:47 -0400: Memory Usage (436548K) : Executing rule Seal.m
2026-08-18 11:30:47 -0400: Memory Usage (436548K) : Starting 6.11 MIM table
2026-08-18 11:30:47 -0400: Memory Usage (436548K) : Executing rule MIM.c
2026-08-18 11:30:47 -0400: Memory Usage (436512K) : Executing rule MIM.d
2026-08-18 11:30:47 -0400: Memory Usage (437080K) : Executing rule MIM.gR
2026-08-18 11:30:47 -0400: Memory Usage (436784K) : Starting 7.2 Latch-up table
2026-08-18 11:30:47 -0400: Memory Usage (436768K) : Executing rule LU.b
2026-08-18 11:30:47 -0400: Memory Usage (436484K) : Starting 7.3 Metal Slits table
2026-08-18 11:30:47 -0400: Memory Usage (436484K) : Executing rule Slt.e1_M1
2026-08-18 11:30:47 -0400: Memory Usage (436484K) : Executing rule Slt.e1_M2
2026-08-18 11:30:47 -0400: Memory Usage (436484K) : Executing rule Slt.e1_M3
2026-08-18 11:30:47 -0400: Memory Usage (436484K) : Executing rule Slt.e1_M4
2026-08-18 11:30:47 -0400: Memory Usage (436484K) : Executing rule Slt.e1_M5
2026-08-18 11:30:47 -0400: Memory Usage (436484K) : Executing rule Slt.e1_TM1
2026-08-18 11:30:47 -0400: Memory Usage (436484K) : Executing rule Slt.e1_TM2
2026-08-18 11:30:47 -0400: Memory Usage (436484K) : Starting 7.4. PIN table
2026-08-18 11:30:47 -0400: Memory Usage (436484K) : Executing rule Pin.a
2026-08-18 11:30:47 -0400: Memory Usage (436484K) : Executing rule Pin.b
2026-08-18 11:30:47 -0400: Memory Usage (436484K) : Executing rule Pin.e
2026-08-18 11:30:47 -0400: Memory Usage (437396K) : Executing rule Pin.f_M2
2026-08-18 11:30:47 -0400: Memory Usage (437096K) : Executing rule Pin.f_M3
2026-08-18 11:30:47 -0400: Memory Usage (437096K) : Executing rule Pin.f_M4
2026-08-18 11:30:47 -0400: Memory Usage (436656K) : Executing rule Pin.f_M5
2026-08-18 11:30:47 -0400: Memory Usage (437708K) : Executing rule Pin.g
2026-08-18 11:30:48 -0400: Memory Usage (436536K) : Executing rule Pin.h
2026-08-18 11:30:48 -0400: Memory Usage (436536K) : Starting 9.1. LBE table
2026-08-18 11:30:48 -0400: Memory Usage (436536K) : Executing rule LBE.a
2026-08-18 11:30:48 -0400: Memory Usage (436536K) : Executing rule LBE.b
2026-08-18 11:30:48 -0400: Memory Usage (436536K) : Executing rule LBE.b1
2026-08-18 11:30:48 -0400: Memory Usage (436536K) : Executing rule LBE.c
2026-08-18 11:30:48 -0400: Memory Usage (436536K) : Executing rule LBE.d
2026-08-18 11:30:48 -0400: Memory Usage (436536K) : Executing rule LBE.h
2026-08-18 11:30:48 -0400: Memory Usage (436536K) : KLayout DRC run for table 'main' completed in 6.35 seconds
