# Logfile created on 2026-08-18 11:33:06 -0400 by logger.rb/61378
2026-08-18 11:33:06 -0400: Memory Usage (413348K) : Starting running SG13G2 Klayout LVS runset on /home/noorizad/spicexplorer-workspace/external/agentic-design-pam4-driver-ihp130/report/work/d/dut_pam4.gds
2026-08-18 11:33:06 -0400: Memory Usage (413348K) : Ruby Version for klayout: 2.5.9
2026-08-18 11:33:06 -0400: Memory Usage (413348K) : Loading database to memory is complete.
2026-08-18 11:33:06 -0400: Memory Usage (413348K) : SG13G2 Klayout LVS runset output at: /home/noorizad/spicexplorer-workspace/external/agentic-design-pam4-driver-ihp130/report/work/d/signoff/lvs/dut_pam4.lvsdb
2026-08-18 11:33:06 -0400: Memory Usage (413348K) : Evaluate switches.
2026-08-18 11:33:06 -0400: Memory Usage (413348K) : Extracted netlist with net names: true
2026-08-18 11:33:06 -0400: Memory Usage (413348K) : Extracted netlist with comments in details: false
2026-08-18 11:33:06 -0400: Memory Usage (413348K) : Selected NET_ONLY option: false
2026-08-18 11:33:06 -0400: Memory Usage (413348K) : Selected ALLOW_UNMATCHED_PORTS option: false
2026-08-18 11:33:06 -0400: Memory Usage (413348K) : Selected TOP_LVL_PINS option: false
2026-08-18 11:33:06 -0400: Memory Usage (413348K) : Selected COMBINE DEVICES option: false
2026-08-18 11:33:06 -0400: Memory Usage (413348K) : Selected PURGE option: false
2026-08-18 11:33:06 -0400: Memory Usage (413348K) : Selected PURGE_NETS option: false
2026-08-18 11:33:06 -0400: Memory Usage (413348K) : Selected SIMPLIFY option: true
2026-08-18 11:33:06 -0400: Memory Usage (413348K) : Selected SERIES_RES option: true
2026-08-18 11:33:06 -0400: Memory Usage (413348K) : Selected PARALLEL_RES option: true
2026-08-18 11:33:06 -0400: Memory Usage (413348K) : Verbose mode: false
2026-08-18 11:33:06 -0400: Memory Usage (413348K) : deep  mode is enabled.
2026-08-18 11:33:06 -0400: Memory Usage (413348K) : Netlist file: /home/noorizad/spicexplorer-workspace/external/agentic-design-pam4-driver-ihp130/report/work/d/dut_pam4_lvs.spice
2026-08-18 11:33:06 -0400: Memory Usage (413348K) : LVS extracted netlist at: /home/noorizad/spicexplorer-workspace/external/agentic-design-pam4-driver-ihp130/report/work/d/signoff/lvs/dut_pam4_extracted.cir
2026-08-18 11:33:06 -0400: Memory Usage (413348K) : Read in polygons from layers.
2026-08-18 11:33:06 -0400: Memory Usage (413348K) : activ_drw has 68 polygons
2026-08-18 11:33:06 -0400: Memory Usage (413348K) : activ_filler has 0 polygons
2026-08-18 11:33:06 -0400: Memory Usage (413348K) : activ has 68 polygons
2026-08-18 11:33:06 -0400: Memory Usage (413348K) : activ_pin has 0 polygons
2026-08-18 11:33:06 -0400: Memory Usage (413348K) : activ_mask has 12 polygons
2026-08-18 11:33:06 -0400: Memory Usage (413348K) : activ_nofill has 0 polygons
2026-08-18 11:33:06 -0400: Memory Usage (413348K) : activ_OPC has 0 polygons
2026-08-18 11:33:06 -0400: Memory Usage (413348K) : activ_iOPC has 0 polygons
2026-08-18 11:33:06 -0400: Memory Usage (413348K) : activ_noqrc has 0 polygons
2026-08-18 11:33:06 -0400: Memory Usage (413348K) : biwind_drw has 0 polygons
2026-08-18 11:33:06 -0400: Memory Usage (413348K) : biwind_OPC has 0 polygons
2026-08-18 11:33:06 -0400: Memory Usage (413348K) : gatpoly_drw has 24 polygons
2026-08-18 11:33:06 -0400: Memory Usage (413348K) : gatpoly_filler has 0 polygons
2026-08-18 11:33:06 -0400: Memory Usage (413348K) : gatpoly has 24 polygons
2026-08-18 11:33:06 -0400: Memory Usage (416484K) : gatpoly_pin has 0 polygons
2026-08-18 11:33:06 -0400: Memory Usage (416484K) : gatpoly_nofill has 0 polygons
2026-08-18 11:33:06 -0400: Memory Usage (416484K) : gatpoly_OPC has 0 polygons
2026-08-18 11:33:06 -0400: Memory Usage (416484K) : gatpoly_iOPC has 0 polygons
2026-08-18 11:33:06 -0400: Memory Usage (416484K) : gatpoly_noqrc has 0 polygons
2026-08-18 11:33:06 -0400: Memory Usage (416748K) : cont_drw has 912 polygons
2026-08-18 11:33:06 -0400: Memory Usage (416748K) : cont_OPC has 0 polygons
2026-08-18 11:33:06 -0400: Memory Usage (416748K) : nsd_drw has 0 polygons
2026-08-18 11:33:06 -0400: Memory Usage (416748K) : nsd_block has 24 polygons
2026-08-18 11:33:06 -0400: Memory Usage (417132K) : metal1_drw has 96 polygons
2026-08-18 11:33:06 -0400: Memory Usage (417132K) : metal1_filler has 0 polygons
2026-08-18 11:33:06 -0400: Memory Usage (417132K) : metal1_slit has 0 polygons
2026-08-18 11:33:06 -0400: Memory Usage (417132K) : metal1 has 96 polygons
2026-08-18 11:33:06 -0400: Memory Usage (417132K) : metal1_pin has 48 polygons
2026-08-18 11:33:06 -0400: Memory Usage (417516K) : metal1_mask has 0 polygons
2026-08-18 11:33:06 -0400: Memory Usage (417516K) : metal1_nofill has 0 polygons
2026-08-18 11:33:06 -0400: Memory Usage (417516K) : metal1_text has 6 polygons
2026-08-18 11:33:06 -0400: Memory Usage (417516K) : metal1_OPC has 0 polygons
2026-08-18 11:33:06 -0400: Memory Usage (417516K) : metal1_noqrc has 0 polygons
2026-08-18 11:33:06 -0400: Memory Usage (417516K) : metal1_res has 0 polygons
2026-08-18 11:33:06 -0400: Memory Usage (417516K) : metal1_iprobe has 0 polygons
2026-08-18 11:33:06 -0400: Memory Usage (418020K) : metal1_diffprb has 0 polygons
2026-08-18 11:33:06 -0400: Memory Usage (418020K) : passiv_drw has 0 polygons
2026-08-18 11:33:06 -0400: Memory Usage (418020K) : passiv_pin has 0 polygons
2026-08-18 11:33:06 -0400: Memory Usage (418020K) : passiv_sbump has 0 polygons
2026-08-18 11:33:06 -0400: Memory Usage (418284K) : passiv_pillar has 0 polygons
2026-08-18 11:33:06 -0400: Memory Usage (418284K) : passiv_pdl has 0 polygons
2026-08-18 11:33:06 -0400: Memory Usage (418284K) : metal2_drw has 34 polygons
2026-08-18 11:33:06 -0400: Memory Usage (418284K) : metal2_filler has 0 polygons
2026-08-18 11:33:06 -0400: Memory Usage (418548K) : metal2_slit has 0 polygons
2026-08-18 11:33:06 -0400: Memory Usage (418548K) : metal2 has 34 polygons
2026-08-18 11:33:06 -0400: Memory Usage (418548K) : metal2_pin has 12 polygons
2026-08-18 11:33:06 -0400: Memory Usage (418812K) : metal2_mask has 0 polygons
2026-08-18 11:33:06 -0400: Memory Usage (418812K) : metal2_nofill has 0 polygons
2026-08-18 11:33:06 -0400: Memory Usage (418812K) : metal2_text has 0 polygons
2026-08-18 11:33:06 -0400: Memory Usage (418812K) : metal2_OPC has 0 polygons
2026-08-18 11:33:06 -0400: Memory Usage (419076K) : metal2_noqrc has 0 polygons
2026-08-18 11:33:06 -0400: Memory Usage (419076K) : metal2_res has 0 polygons
2026-08-18 11:33:06 -0400: Memory Usage (419076K) : metal2_iprobe has 0 polygons
2026-08-18 11:33:06 -0400: Memory Usage (419076K) : metal2_diffprb has 0 polygons
2026-08-18 11:33:06 -0400: Memory Usage (419340K) : baspoly_drw has 0 polygons
2026-08-18 11:33:06 -0400: Memory Usage (419340K) : baspoly_pin has 0 polygons
2026-08-18 11:33:06 -0400: Memory Usage (419340K) : psd_drw has 20 polygons
2026-08-18 11:33:06 -0400: Memory Usage (419340K) : nldb_drw has 0 polygons
2026-08-18 11:33:06 -0400: Memory Usage (419604K) : digibnd_drw has 0 polygons
2026-08-18 11:33:06 -0400: Memory Usage (419604K) : via1_drw has 440 polygons
2026-08-18 11:33:06 -0400: Memory Usage (419604K) : backmetal1_drw has 0 polygons
2026-08-18 11:33:06 -0400: Memory Usage (419604K) : backmetal1_pin has 0 polygons
2026-08-18 11:33:06 -0400: Memory Usage (419928K) : backmetal1_mask has 0 polygons
2026-08-18 11:33:06 -0400: Memory Usage (419928K) : backmetal1_filler has 0 polygons
2026-08-18 11:33:06 -0400: Memory Usage (419928K) : backmetal1_nofill has 0 polygons
2026-08-18 11:33:06 -0400: Memory Usage (419928K) : backmetal1_slit has 0 polygons
2026-08-18 11:33:06 -0400: Memory Usage (419928K) : backmetal1_text has 0 polygons
2026-08-18 11:33:06 -0400: Memory Usage (419928K) : backmetal1_OPC has 0 polygons
2026-08-18 11:33:06 -0400: Memory Usage (419928K) : backmetal1_noqrc has 0 polygons
2026-08-18 11:33:06 -0400: Memory Usage (420192K) : backmetal1_res has 0 polygons
2026-08-18 11:33:06 -0400: Memory Usage (420192K) : backmetal1_iprobe has 0 polygons
2026-08-18 11:33:06 -0400: Memory Usage (420192K) : backmetal1_diffprb has 0 polygons
2026-08-18 11:33:06 -0400: Memory Usage (420192K) : backpassiv_drw has 0 polygons
2026-08-18 11:33:06 -0400: Memory Usage (420456K) : res_drw has 12 polygons
2026-08-18 11:33:06 -0400: Memory Usage (420456K) : sram_drw has 0 polygons
2026-08-18 11:33:06 -0400: Memory Usage (420456K) : trans_drw has 12 polygons
2026-08-18 11:33:06 -0400: Memory Usage (420456K) : ind_drw has 0 polygons
2026-08-18 11:33:06 -0400: Memory Usage (420720K) : ind_pin has 0 polygons
2026-08-18 11:33:06 -0400: Memory Usage (420720K) : ind_text has 0 polygons
2026-08-18 11:33:06 -0400: Memory Usage (420720K) : salblock_drw has 0 polygons
2026-08-18 11:33:06 -0400: Memory Usage (420720K) : via2_drw has 184 polygons
2026-08-18 11:33:06 -0400: Memory Usage (420984K) : metal3_drw has 26 polygons
2026-08-18 11:33:06 -0400: Memory Usage (420984K) : metal3_filler has 0 polygons
2026-08-18 11:33:06 -0400: Memory Usage (420984K) : metal3_slit has 0 polygons
2026-08-18 11:33:06 -0400: Memory Usage (420984K) : metal3 has 26 polygons
2026-08-18 11:33:06 -0400: Memory Usage (421248K) : metal3_pin has 0 polygons
2026-08-18 11:33:06 -0400: Memory Usage (421248K) : metal3_mask has 0 polygons
2026-08-18 11:33:06 -0400: Memory Usage (421248K) : metal3_nofill has 0 polygons
2026-08-18 11:33:06 -0400: Memory Usage (421248K) : metal3_text has 0 polygons
2026-08-18 11:33:06 -0400: Memory Usage (421512K) : metal3_OPC has 0 polygons
2026-08-18 11:33:06 -0400: Memory Usage (421512K) : metal3_noqrc has 0 polygons
2026-08-18 11:33:06 -0400: Memory Usage (421512K) : metal3_res has 0 polygons
2026-08-18 11:33:06 -0400: Memory Usage (421512K) : metal3_iprobe has 0 polygons
2026-08-18 11:33:06 -0400: Memory Usage (421776K) : metal3_diffprb has 0 polygons
2026-08-18 11:33:06 -0400: Memory Usage (421776K) : nwell_drw has 0 polygons
2026-08-18 11:33:06 -0400: Memory Usage (421776K) : nwell_pin has 0 polygons
2026-08-18 11:33:06 -0400: Memory Usage (421776K) : nbulay_drw has 0 polygons
2026-08-18 11:33:06 -0400: Memory Usage (422040K) : nbulay_pin has 0 polygons
2026-08-18 11:33:06 -0400: Memory Usage (422040K) : nbulay_block has 0 polygons
2026-08-18 11:33:06 -0400: Memory Usage (422040K) : emwind_drw has 36 polygons
2026-08-18 11:33:06 -0400: Memory Usage (422040K) : emwind_OPC has 0 polygons
2026-08-18 11:33:06 -0400: Memory Usage (422304K) : deepco_drw has 0 polygons
2026-08-18 11:33:06 -0400: Memory Usage (422304K) : mim_drw has 3 polygons
2026-08-18 11:33:06 -0400: Memory Usage (422304K) : edgeseal_drw has 0 polygons
2026-08-18 11:33:06 -0400: Memory Usage (422304K) : substrate_drw has 0 polygons
2026-08-18 11:33:06 -0400: Memory Usage (422568K) : substrate_text has 0 polygons
2026-08-18 11:33:06 -0400: Memory Usage (422568K) : dfpad_drw has 0 polygons
2026-08-18 11:33:06 -0400: Memory Usage (422568K) : dfpad_pillar has 0 polygons
2026-08-18 11:33:06 -0400: Memory Usage (422568K) : dfpad_sbump has 0 polygons
2026-08-18 11:33:06 -0400: Memory Usage (422832K) : thickgateox_drw has 0 polygons
2026-08-18 11:33:06 -0400: Memory Usage (422832K) : pldb_drw has 0 polygons
2026-08-18 11:33:06 -0400: Memory Usage (422832K) : pwell_drw has 0 polygons
2026-08-18 11:33:06 -0400: Memory Usage (422832K) : pwell_pin has 0 polygons
2026-08-18 11:33:06 -0400: Memory Usage (423096K) : pwell_block has 0 polygons
2026-08-18 11:33:06 -0400: Memory Usage (423096K) : ic_drw has 0 polygons
2026-08-18 11:33:06 -0400: Memory Usage (423096K) : via3_drw has 184 polygons
2026-08-18 11:33:06 -0400: Memory Usage (423096K) : metal4_drw has 24 polygons
2026-08-18 11:33:06 -0400: Memory Usage (423360K) : metal4_filler has 0 polygons
2026-08-18 11:33:06 -0400: Memory Usage (423360K) : metal4_slit has 0 polygons
2026-08-18 11:33:06 -0400: Memory Usage (423360K) : metal4 has 24 polygons
2026-08-18 11:33:06 -0400: Memory Usage (423624K) : metal4_pin has 0 polygons
2026-08-18 11:33:06 -0400: Memory Usage (423624K) : metal4_mask has 0 polygons
2026-08-18 11:33:06 -0400: Memory Usage (423624K) : metal4_nofill has 3 polygons
2026-08-18 11:33:06 -0400: Memory Usage (423624K) : metal4_text has 4 polygons
2026-08-18 11:33:06 -0400: Memory Usage (423624K) : metal4_OPC has 0 polygons
2026-08-18 11:33:06 -0400: Memory Usage (423888K) : metal4_noqrc has 0 polygons
2026-08-18 11:33:06 -0400: Memory Usage (423888K) : metal4_res has 0 polygons
2026-08-18 11:33:06 -0400: Memory Usage (423888K) : metal4_iprobe has 0 polygons
2026-08-18 11:33:06 -0400: Memory Usage (424152K) : metal4_diffprb has 0 polygons
2026-08-18 11:33:06 -0400: Memory Usage (424152K) : heattrans_drw has 0 polygons
2026-08-18 11:33:06 -0400: Memory Usage (424152K) : heatres_drw has 12 polygons
2026-08-18 11:33:06 -0400: Memory Usage (424152K) : fbe_drw has 0 polygons
2026-08-18 11:33:06 -0400: Memory Usage (424416K) : empoly_drw has 0 polygons
2026-08-18 11:33:06 -0400: Memory Usage (424416K) : digisub_drw has 0 polygons
2026-08-18 11:33:06 -0400: Memory Usage (424416K) : text_drw has 72 polygons
2026-08-18 11:33:06 -0400: Memory Usage (424416K) : via4_drw has 144 polygons
2026-08-18 11:33:06 -0400: Memory Usage (424680K) : metal5_drw has 16 polygons
2026-08-18 11:33:06 -0400: Memory Usage (424680K) : metal5_filler has 0 polygons
2026-08-18 11:33:06 -0400: Memory Usage (424680K) : metal5_slit has 0 polygons
2026-08-18 11:33:06 -0400: Memory Usage (424944K) : metal5 has 16 polygons
2026-08-18 11:33:06 -0400: Memory Usage (424944K) : metal5_pin has 3 polygons
2026-08-18 11:33:06 -0400: Memory Usage (424944K) : metal5_mask has 0 polygons
2026-08-18 11:33:06 -0400: Memory Usage (424944K) : metal5_nofill has 3 polygons
2026-08-18 11:33:06 -0400: Memory Usage (425208K) : metal5_text has 0 polygons
2026-08-18 11:33:06 -0400: Memory Usage (425208K) : metal5_OPC has 0 polygons
2026-08-18 11:33:06 -0400: Memory Usage (425208K) : metal5_noqrc has 0 polygons
2026-08-18 11:33:06 -0400: Memory Usage (425208K) : metal5_res has 0 polygons
2026-08-18 11:33:06 -0400: Memory Usage (425472K) : metal5_iprobe has 0 polygons
2026-08-18 11:33:06 -0400: Memory Usage (425472K) : metal5_diffprb has 0 polygons
2026-08-18 11:33:06 -0400: Memory Usage (425472K) : radhard_drw has 0 polygons
2026-08-18 11:33:06 -0400: Memory Usage (425472K) : memcap_drw has 3 polygons
2026-08-18 11:33:06 -0400: Memory Usage (425736K) : varicap_drw has 0 polygons
2026-08-18 11:33:06 -0400: Memory Usage (425736K) : intbondvia_drw has 0 polygons
2026-08-18 11:33:06 -0400: Memory Usage (425736K) : intbondmet_drw has 0 polygons
2026-08-18 11:33:06 -0400: Memory Usage (425736K) : devbondvia_drw has 0 polygons
2026-08-18 11:33:06 -0400: Memory Usage (426000K) : devbondmet_drw has 0 polygons
2026-08-18 11:33:06 -0400: Memory Usage (426000K) : devtrench_drw has 0 polygons
2026-08-18 11:33:06 -0400: Memory Usage (426000K) : redist_drw has 0 polygons
2026-08-18 11:33:06 -0400: Memory Usage (426264K) : graphbot_drw has 0 polygons
2026-08-18 11:33:06 -0400: Memory Usage (426264K) : graphtop_drw has 0 polygons
2026-08-18 11:33:06 -0400: Memory Usage (426264K) : antvia1_drw has 0 polygons
2026-08-18 11:33:06 -0400: Memory Usage (426264K) : antmetal2_drw has 0 polygons
2026-08-18 11:33:06 -0400: Memory Usage (426264K) : graphcont_drw has 0 polygons
2026-08-18 11:33:06 -0400: Memory Usage (426264K) : siwg_drw has 0 polygons
2026-08-18 11:33:06 -0400: Memory Usage (426528K) : siwg_filler has 0 polygons
2026-08-18 11:33:06 -0400: Memory Usage (426528K) : siwg_nofill has 0 polygons
2026-08-18 11:33:06 -0400: Memory Usage (426528K) : sigrating_drw has 0 polygons
2026-08-18 11:33:06 -0400: Memory Usage (426528K) : singrating_drw has 0 polygons
2026-08-18 11:33:06 -0400: Memory Usage (426792K) : graphpas_drw has 0 polygons
2026-08-18 11:33:06 -0400: Memory Usage (426792K) : emwind3_drw has 0 polygons
2026-08-18 11:33:06 -0400: Memory Usage (426792K) : emwihv3_drw has 0 polygons
2026-08-18 11:33:06 -0400: Memory Usage (426792K) : redbulay_drw has 0 polygons
2026-08-18 11:33:06 -0400: Memory Usage (427056K) : smos_drw has 0 polygons
2026-08-18 11:33:06 -0400: Memory Usage (427056K) : graphpad_drw has 0 polygons
2026-08-18 11:33:06 -0400: Memory Usage (427056K) : polimide_drw has 0 polygons
2026-08-18 11:33:06 -0400: Memory Usage (427056K) : polimide_pin has 0 polygons
2026-08-18 11:33:06 -0400: Memory Usage (427320K) : recog_drw has 0 polygons
2026-08-18 11:33:06 -0400: Memory Usage (427320K) : recog_pin has 0 polygons
2026-08-18 11:33:06 -0400: Memory Usage (427320K) : recog_esd has 0 polygons
2026-08-18 11:33:06 -0400: Memory Usage (427320K) : recog_diode has 0 polygons
2026-08-18 11:33:06 -0400: Memory Usage (427584K) : recog_tsv has 0 polygons
2026-08-18 11:33:06 -0400: Memory Usage (427584K) : recog_iprobe has 0 polygons
2026-08-18 11:33:06 -0400: Memory Usage (427584K) : recog_diffprb has 0 polygons
2026-08-18 11:33:06 -0400: Memory Usage (427584K) : recog_pillar has 0 polygons
2026-08-18 11:33:06 -0400: Memory Usage (427848K) : recog_sbump has 0 polygons
2026-08-18 11:33:06 -0400: Memory Usage (427848K) : recog_otp has 0 polygons
2026-08-18 11:33:06 -0400: Memory Usage (427848K) : recog_pdiode has 0 polygons
2026-08-18 11:33:06 -0400: Memory Usage (427848K) : recog_mom has 0 polygons
2026-08-18 11:33:06 -0400: Memory Usage (428112K) : recog_pcm has 0 polygons
2026-08-18 11:33:06 -0400: Memory Usage (428112K) : colopen_drw has 0 polygons
2026-08-18 11:33:06 -0400: Memory Usage (428112K) : graphmetal1_drw has 0 polygons
2026-08-18 11:33:06 -0400: Memory Usage (428112K) : graphmetal1_filler has 0 polygons
2026-08-18 11:33:06 -0400: Memory Usage (428112K) : graphmetal1_nofill has 0 polygons
2026-08-18 11:33:06 -0400: Memory Usage (428376K) : graphmetal1_slit has 0 polygons
2026-08-18 11:33:06 -0400: Memory Usage (428376K) : graphmetal1_OPC has 0 polygons
2026-08-18 11:33:06 -0400: Memory Usage (428376K) : graphmet1l_drw has 0 polygons
2026-08-18 11:33:06 -0400: Memory Usage (428640K) : graphmet1l_filler has 0 polygons
2026-08-18 11:33:06 -0400: Memory Usage (428640K) : graphmet1l_nofill has 0 polygons
2026-08-18 11:33:06 -0400: Memory Usage (428640K) : graphmet1l_slit has 0 polygons
2026-08-18 11:33:06 -0400: Memory Usage (428640K) : graphmet1l_OPC has 0 polygons
2026-08-18 11:33:06 -0400: Memory Usage (428904K) : extblock_drw has 12 polygons
2026-08-18 11:33:06 -0400: Memory Usage (428904K) : nldd_drw has 0 polygons
2026-08-18 11:33:06 -0400: Memory Usage (428904K) : pldd_drw has 0 polygons
2026-08-18 11:33:06 -0400: Memory Usage (428904K) : next_drw has 0 polygons
2026-08-18 11:33:06 -0400: Memory Usage (429168K) : pext_drw has 0 polygons
2026-08-18 11:33:06 -0400: Memory Usage (429168K) : nexthv_drw has 0 polygons
2026-08-18 11:33:06 -0400: Memory Usage (429168K) : pexthv_drw has 0 polygons
2026-08-18 11:33:06 -0400: Memory Usage (429168K) : graphgate_drw has 0 polygons
2026-08-18 11:33:06 -0400: Memory Usage (429432K) : sinwg_drw has 0 polygons
2026-08-18 11:33:06 -0400: Memory Usage (429432K) : sinwg_filler has 0 polygons
2026-08-18 11:33:06 -0400: Memory Usage (429432K) : sinwg_nofill has 0 polygons
2026-08-18 11:33:06 -0400: Memory Usage (429432K) : mempad_drw has 0 polygons
2026-08-18 11:33:06 -0400: Memory Usage (429696K) : topvia1_drw has 13 polygons
2026-08-18 11:33:06 -0400: Memory Usage (429696K) : topmetal1_drw has 10 polygons
2026-08-18 11:33:06 -0400: Memory Usage (429696K) : topmetal1_filler has 0 polygons
2026-08-18 11:33:06 -0400: Memory Usage (429696K) : topmetal1_slit has 0 polygons
2026-08-18 11:33:06 -0400: Memory Usage (429960K) : topmetal1 has 10 polygons
2026-08-18 11:33:06 -0400: Memory Usage (429960K) : topmetal1_pin has 3 polygons
2026-08-18 11:33:06 -0400: Memory Usage (429960K) : topmetal1_mask has 0 polygons
2026-08-18 11:33:06 -0400: Memory Usage (430224K) : topmetal1_nofill has 3 polygons
2026-08-18 11:33:06 -0400: Memory Usage (430224K) : topmetal1_text has 1 polygons
2026-08-18 11:33:06 -0400: Memory Usage (430224K) : topmetal1_noqrc has 0 polygons
2026-08-18 11:33:06 -0400: Memory Usage (430224K) : topmetal1_res has 0 polygons
2026-08-18 11:33:06 -0400: Memory Usage (430488K) : topmetal1_iprobe has 0 polygons
2026-08-18 11:33:06 -0400: Memory Usage (430488K) : topmetal1_diffprb has 0 polygons
2026-08-18 11:33:06 -0400: Memory Usage (430488K) : inldpwl_drw has 0 polygons
2026-08-18 11:33:06 -0400: Memory Usage (430488K) : polyres_drw has 12 polygons
2026-08-18 11:33:06 -0400: Memory Usage (430488K) : polyres_pin has 0 polygons
2026-08-18 11:33:06 -0400: Memory Usage (430752K) : vmim_drw has 12 polygons
2026-08-18 11:33:06 -0400: Memory Usage (430752K) : nbulaycut_drw has 0 polygons
2026-08-18 11:33:06 -0400: Memory Usage (430752K) : antmetal1_drw has 0 polygons
2026-08-18 11:33:06 -0400: Memory Usage (430752K) : topvia2_drw has 6 polygons
2026-08-18 11:33:06 -0400: Memory Usage (431016K) : topmetal2_drw has 2 polygons
2026-08-18 11:33:06 -0400: Memory Usage (431016K) : topmetal2_filler has 0 polygons
2026-08-18 11:33:06 -0400: Memory Usage (431016K) : topmetal2_slit has 0 polygons
2026-08-18 11:33:06 -0400: Memory Usage (431016K) : topmetal2 has 2 polygons
2026-08-18 11:33:06 -0400: Memory Usage (431016K) : topmetal2_pin has 0 polygons
2026-08-18 11:33:06 -0400: Memory Usage (431016K) : topmetal2_mask has 0 polygons
2026-08-18 11:33:06 -0400: Memory Usage (431016K) : topmetal2_nofill has 3 polygons
2026-08-18 11:33:06 -0400: Memory Usage (431016K) : topmetal2_text has 2 polygons
2026-08-18 11:33:06 -0400: Memory Usage (431016K) : topmetal2_noqrc has 0 polygons
2026-08-18 11:33:06 -0400: Memory Usage (431016K) : topmetal2_res has 0 polygons
2026-08-18 11:33:06 -0400: Memory Usage (431016K) : topmetal2_iprobe has 0 polygons
2026-08-18 11:33:06 -0400: Memory Usage (431016K) : topmetal2_diffprb has 0 polygons
2026-08-18 11:33:06 -0400: Memory Usage (431016K) : snsring_drw has 0 polygons
2026-08-18 11:33:06 -0400: Memory Usage (431016K) : sensor_drw has 0 polygons
2026-08-18 11:33:06 -0400: Memory Usage (431016K) : snsarms_drw has 0 polygons
2026-08-18 11:33:06 -0400: Memory Usage (431016K) : snscmosvia_drw has 0 polygons
2026-08-18 11:33:06 -0400: Memory Usage (431016K) : colwind_drw has 0 polygons
2026-08-18 11:33:06 -0400: Memory Usage (431016K) : flm_drw has 0 polygons
2026-08-18 11:33:06 -0400: Memory Usage (431016K) : hafniumox_drw has 0 polygons
2026-08-18 11:33:06 -0400: Memory Usage (431016K) : memvia_drw has 0 polygons
2026-08-18 11:33:06 -0400: Memory Usage (431016K) : thinfilmres_drw has 0 polygons
2026-08-18 11:33:06 -0400: Memory Usage (431016K) : rfmem_drw has 0 polygons
2026-08-18 11:33:06 -0400: Memory Usage (431016K) : norcx_drw has 0 polygons
2026-08-18 11:33:06 -0400: Memory Usage (431016K) : norcx_m2m3 has 0 polygons
2026-08-18 11:33:06 -0400: Memory Usage (431016K) : norcx_m2m4 has 0 polygons
2026-08-18 11:33:06 -0400: Memory Usage (431016K) : norcx_m2m5 has 0 polygons
2026-08-18 11:33:06 -0400: Memory Usage (431016K) : norcx_m2tm1 has 0 polygons
2026-08-18 11:33:06 -0400: Memory Usage (431016K) : norcx_m2tm2 has 0 polygons
2026-08-18 11:33:06 -0400: Memory Usage (431016K) : norcx_m3m4 has 0 polygons
2026-08-18 11:33:06 -0400: Memory Usage (431016K) : norcx_m3m5 has 0 polygons
2026-08-18 11:33:06 -0400: Memory Usage (431016K) : norcx_m3tm1 has 0 polygons
2026-08-18 11:33:06 -0400: Memory Usage (431016K) : norcx_m3tm2 has 0 polygons
2026-08-18 11:33:06 -0400: Memory Usage (431016K) : norcx_m4m5 has 0 polygons
2026-08-18 11:33:06 -0400: Memory Usage (431016K) : norcx_m4tm1 has 0 polygons
2026-08-18 11:33:06 -0400: Memory Usage (431016K) : norcx_m4tm2 has 0 polygons
2026-08-18 11:33:06 -0400: Memory Usage (431016K) : norcx_m5tm1 has 0 polygons
2026-08-18 11:33:06 -0400: Memory Usage (431016K) : norcx_m5tm2 has 0 polygons
2026-08-18 11:33:06 -0400: Memory Usage (431016K) : norcx_tm1tm2 has 0 polygons
2026-08-18 11:33:06 -0400: Memory Usage (431016K) : norcx_m1sub has 0 polygons
2026-08-18 11:33:06 -0400: Memory Usage (431016K) : norcx_m2sub has 0 polygons
2026-08-18 11:33:06 -0400: Memory Usage (431016K) : norcx_m3sub has 0 polygons
2026-08-18 11:33:06 -0400: Memory Usage (431016K) : norcx_m4sub has 0 polygons
2026-08-18 11:33:06 -0400: Memory Usage (431016K) : norcx_m5sub has 0 polygons
2026-08-18 11:33:06 -0400: Memory Usage (431016K) : norcx_tm1sub has 0 polygons
2026-08-18 11:33:06 -0400: Memory Usage (431016K) : norcx_tm2sub has 0 polygons
2026-08-18 11:33:06 -0400: Memory Usage (431016K) : snsbotvia_drw has 0 polygons
2026-08-18 11:33:06 -0400: Memory Usage (431016K) : snstopvia_drw has 0 polygons
2026-08-18 11:33:06 -0400: Memory Usage (431016K) : deepvia_drw has 0 polygons
2026-08-18 11:33:06 -0400: Memory Usage (431016K) : fgetch_drw has 0 polygons
2026-08-18 11:33:06 -0400: Memory Usage (431016K) : ctrgat_drw has 0 polygons
2026-08-18 11:33:06 -0400: Memory Usage (431016K) : fgimp_drw has 0 polygons
2026-08-18 11:33:06 -0400: Memory Usage (431016K) : emwihv_drw has 0 polygons
2026-08-18 11:33:06 -0400: Memory Usage (431016K) : lbe_drw has 0 polygons
2026-08-18 11:33:06 -0400: Memory Usage (431016K) : alcustop_drw has 0 polygons
2026-08-18 11:33:06 -0400: Memory Usage (431016K) : nometfiller_drw has 0 polygons
2026-08-18 11:33:06 -0400: Memory Usage (431016K) : prboundary_drw has 0 polygons
2026-08-18 11:33:06 -0400: Memory Usage (431016K) : exchange0_drw has 0 polygons
2026-08-18 11:33:06 -0400: Memory Usage (431016K) : exchange0_pin has 0 polygons
2026-08-18 11:33:06 -0400: Memory Usage (431016K) : exchange0_text has 0 polygons
2026-08-18 11:33:06 -0400: Memory Usage (431016K) : exchange1_drw has 0 polygons
2026-08-18 11:33:06 -0400: Memory Usage (431016K) : exchange1_pin has 0 polygons
2026-08-18 11:33:06 -0400: Memory Usage (431016K) : exchange1_text has 0 polygons
2026-08-18 11:33:06 -0400: Memory Usage (431016K) : exchange2_drw has 0 polygons
2026-08-18 11:33:06 -0400: Memory Usage (431016K) : exchange2_pin has 0 polygons
2026-08-18 11:33:06 -0400: Memory Usage (431016K) : exchange2_text has 0 polygons
2026-08-18 11:33:06 -0400: Memory Usage (431016K) : exchange3_drw has 0 polygons
2026-08-18 11:33:06 -0400: Memory Usage (431016K) : exchange3_pin has 0 polygons
2026-08-18 11:33:06 -0400: Memory Usage (431016K) : exchange3_text has 0 polygons
2026-08-18 11:33:06 -0400: Memory Usage (431016K) : exchange4_drw has 0 polygons
2026-08-18 11:33:06 -0400: Memory Usage (431016K) : exchange4_pin has 0 polygons
2026-08-18 11:33:06 -0400: Memory Usage (431016K) : exchange4_text has 0 polygons
2026-08-18 11:33:06 -0400: Memory Usage (431016K) : isonwell_drw has 0 polygons
2026-08-18 11:33:06 -0400: Memory Usage (431016K) : Total no. of polygons in the design is 2516
2026-08-18 11:33:06 -0400: Memory Usage (431016K) : Starting SG13G2 LVS runset
2026-08-18 11:33:06 -0400: Memory Usage (431016K) : Starting base layers derivations
2026-08-18 11:33:06 -0400: Memory Usage (431016K) : Starting general LVS derivations
2026-08-18 11:33:07 -0400: Memory Usage (432064K) : Starting MOSFET DERIVATIONS
2026-08-18 11:33:07 -0400: Memory Usage (432596K) : Starting NMOS DERIVATIONS
2026-08-18 11:33:07 -0400: Memory Usage (432596K) : Starting PMOS DERIVATIONS
2026-08-18 11:33:07 -0400: Memory Usage (432596K) : Starting RF-MOSFET DERIVATIONS
2026-08-18 11:33:07 -0400: Memory Usage (432596K) : Starting RF-NMOS DERIVATIONS
2026-08-18 11:33:07 -0400: Memory Usage (432596K) : Starting RF-PMOS DERIVATIONS
2026-08-18 11:33:07 -0400: Memory Usage (432596K) : Starting BJT DERIVATIONS
2026-08-18 11:33:07 -0400: Memory Usage (432596K) : Starting NPN-BJT DERIVATIONS
2026-08-18 11:33:07 -0400: Memory Usage (432596K) : Starting PNP-BJT DERIVATIONS
2026-08-18 11:33:07 -0400: Memory Usage (432596K) : Starting DIODE DERIVATIONS
2026-08-18 11:33:07 -0400: Memory Usage (432596K) : Starting RESISTOR DERIVATIONS
2026-08-18 11:33:07 -0400: Memory Usage (432660K) : Starting CAP DERIVATIONS
2026-08-18 11:33:07 -0400: Memory Usage (432660K) : Starting ESD DERIVATIONS
2026-08-18 11:33:08 -0400: Memory Usage (432660K) : Starting Inductor DERIVATIONS
2026-08-18 11:33:08 -0400: Memory Usage (432660K) : Starting Taps DERIVATIONS
2026-08-18 11:33:08 -0400: Memory Usage (432660K) : Starting SG13G2 LVS connectivity setup
2026-08-18 11:33:08 -0400: Memory Usage (432660K) : Starting SG13G2 LVS connectivity setup (Inter-layer)
2026-08-18 11:33:08 -0400: Memory Usage (432660K) : Starting SG13G2 LVS connectivity setup (Global)
2026-08-18 11:33:08 -0400: Memory Usage (432660K) : Starting LVS MOSFET CONNECTIONS
2026-08-18 11:33:08 -0400: Memory Usage (432660K) : Starting LVS RF-MOSFET CONNECTIONS
2026-08-18 11:33:08 -0400: Memory Usage (432660K) : Starting LVS BJT CONNECTIONS
2026-08-18 11:33:08 -0400: Memory Usage (432660K) : Starting LVS DIODE CONNECTIONS
2026-08-18 11:33:08 -0400: Memory Usage (432660K) : Starting RESISTOR CONNECTIONS
2026-08-18 11:33:08 -0400: Memory Usage (432660K) : Starting LVS CAP CONNECTIONS
2026-08-18 11:33:08 -0400: Memory Usage (432660K) : Starting ESD CONNECTIONS
2026-08-18 11:33:08 -0400: Memory Usage (432660K) : Starting Inductor CONNECTIONS
2026-08-18 11:33:08 -0400: Memory Usage (432660K) : Starting LVS Taps CONNECTIONS
2026-08-18 11:33:08 -0400: Memory Usage (432660K) : Starting SG13G2 LVS DEVICES EXTRACTION
2026-08-18 11:33:08 -0400: Memory Usage (432660K) : Starting MOSFET EXTRACTION
2026-08-18 11:33:08 -0400: Memory Usage (432660K) : Starting NMOS EXTRACTION
2026-08-18 11:33:08 -0400: Memory Usage (432660K) : Extraction of NMOS-LV transistor
2026-08-18 11:33:08 -0400: Memory Usage (432660K) : Extraction of NMOS-HV transistor
2026-08-18 11:33:08 -0400: Memory Usage (432660K) : Starting PMOS EXTRACTION
2026-08-18 11:33:08 -0400: Memory Usage (432660K) : Extraction of PMOS-LV transistor
2026-08-18 11:33:08 -0400: Memory Usage (432660K) : Extraction of PMOS-HV transistor
2026-08-18 11:33:08 -0400: Memory Usage (432660K) : Starting RF-MOSFET EXTRACTION
2026-08-18 11:33:08 -0400: Memory Usage (432660K) : Extraction of RF-NMOS-LV transistor
2026-08-18 11:33:08 -0400: Memory Usage (432660K) : Extraction of RF-NMOS-HV transistor
2026-08-18 11:33:08 -0400: Memory Usage (432660K) : Extraction of RF-PMOS-LV transistor
2026-08-18 11:33:08 -0400: Memory Usage (432660K) : Extraction of RF-PMOS-HV transistor
2026-08-18 11:33:08 -0400: Memory Usage (434652K) : Starting BJT EXTRACTION
2026-08-18 11:33:08 -0400: Memory Usage (434652K) : Starting NPN-BJT EXTRACTION
2026-08-18 11:33:08 -0400: Memory Usage (434652K) : Extraction of npn13G2 BJT transistor
2026-08-18 11:33:08 -0400: Memory Usage (434652K) : Extraction of npn13G2L BJT transistor
2026-08-18 11:33:08 -0400: Memory Usage (434652K) : Extraction of npn13G2V BJT transistor
2026-08-18 11:33:08 -0400: Memory Usage (434652K) : Starting PNP-BJT EXTRACTION
2026-08-18 11:33:08 -0400: Memory Usage (434652K) : Extracting pnpMPA BJT
2026-08-18 11:33:08 -0400: Memory Usage (434652K) : Starting DIODE EXTRACTION
2026-08-18 11:33:08 -0400: Memory Usage (434652K) : Extracting dantenna diode
2026-08-18 11:33:08 -0400: Memory Usage (434652K) : Extracting dpantenna diode
2026-08-18 11:33:08 -0400: Memory Usage (434652K) : Extracting schottky_nbl1 diode
2026-08-18 11:33:08 -0400: Memory Usage (434652K) : Starting RESISTOR EXTRACTION
2026-08-18 11:33:08 -0400: Memory Usage (434652K) : Extracting rsil resistor
2026-08-18 11:33:08 -0400: Memory Usage (434784K) : Extracting rppd resistor
2026-08-18 11:33:08 -0400: Memory Usage (434784K) : Extracting rhigh resistor
2026-08-18 11:33:08 -0400: Memory Usage (434784K) : Extracting res_metal1 resistor
2026-08-18 11:33:08 -0400: Memory Usage (434784K) : Extracting res_metal2 resistor
2026-08-18 11:33:08 -0400: Memory Usage (434784K) : Extracting res_metal3 resistor
2026-08-18 11:33:08 -0400: Memory Usage (434784K) : Extracting res_metal4 resistor
2026-08-18 11:33:08 -0400: Memory Usage (434784K) : Extracting res_metal5 resistor
2026-08-18 11:33:08 -0400: Memory Usage (434784K) : Extracting res_topmetal1 resistor
2026-08-18 11:33:08 -0400: Memory Usage (434784K) : Extracting res_topmetal2 resistor
2026-08-18 11:33:08 -0400: Memory Usage (434784K) : Starting CAP EXTRACTION
2026-08-18 11:33:08 -0400: Memory Usage (434784K) : Extracting cap_cmim device
2026-08-18 11:33:08 -0400: Memory Usage (434784K) : Extracting rfcmim device
2026-08-18 11:33:08 -0400: Memory Usage (434784K) : Extracting sg13_hv_svaricap varactor
2026-08-18 11:33:08 -0400: Memory Usage (434784K) : Starting ESD EXTRACTION
2026-08-18 11:33:08 -0400: Memory Usage (434784K) : Extracting diodevdd_2kv ESD device
2026-08-18 11:33:08 -0400: Memory Usage (434784K) : Extracting diodevdd_4kv ESD device
2026-08-18 11:33:08 -0400: Memory Usage (434784K) : Extracting diodevss_2kv ESD device
2026-08-18 11:33:08 -0400: Memory Usage (434784K) : Extracting diodevss_4kv ESD device
2026-08-18 11:33:08 -0400: Memory Usage (434784K) : Extracting idiodevdd_2kv ESD device
2026-08-18 11:33:08 -0400: Memory Usage (434784K) : Extracting idiodevdd_4kv ESD device
2026-08-18 11:33:08 -0400: Memory Usage (434784K) : Extracting idiodevss_2kv ESD device
2026-08-18 11:33:08 -0400: Memory Usage (434784K) : Extracting idiodevss_4kv ESD device
2026-08-18 11:33:08 -0400: Memory Usage (434784K) : Extracting nmoscl_2 ESD device
2026-08-18 11:33:08 -0400: Memory Usage (434784K) : Extracting nmoscl_4 ESD device
2026-08-18 11:33:08 -0400: Memory Usage (434784K) : Starting Inductor EXTRACTION
2026-08-18 11:33:08 -0400: Memory Usage (434784K) : Extracting Inductor2 device
2026-08-18 11:33:08 -0400: Memory Usage (434784K) : Extracting Inductor3 device
2026-08-18 11:33:08 -0400: Memory Usage (434784K) : Starting Taps EXTRACTION
2026-08-18 11:33:08 -0400: Memory Usage (434784K) : Extracting ntap1 device
2026-08-18 11:33:08 -0400: Memory Usage (434784K) : Extracting ptap1 device
2026-08-18 11:33:08 -0400: Memory Usage (434784K) : Starting SG13G2 LVS Options Preparations
2026-08-18 11:33:08 -0400: Memory Usage (434784K) : Starting SG13G2 LVS Alignment
2026-08-18 11:33:08 -0400: Memory Usage (434784K) : Starting SG13G2 LVS Simplification
2026-08-18 11:33:08 -0400: Memory Usage (434784K) : Starting SG13G2 LVS Comparison with flag_missing_ports
2026-08-18 11:33:08 -0400: Memory Usage (434784K) : ==========================================
2026-08-18 11:33:08 -0400: Memory Usage (434784K) : INFO : Congratulations! Netlists match.
2026-08-18 11:33:08 -0400: Memory Usage (434784K) : ==========================================
2026-08-18 11:33:08 -0400: Memory Usage (434784K) : LVS Total Run time 2.247472 seconds
