# Logfile created on 2026-08-18 11:32:32 -0400 by logger.rb/61378
2026-08-18 11:32:32 -0400: Memory Usage (413396K) : Starting running IHP-SG13G2 Klayout DRC runset on /home/noorizad/spicexplorer-workspace/external/agentic-design-pam4-driver-ihp130/report/work/d/dut_pam4.gds
2026-08-18 11:32:32 -0400: Memory Usage (413396K) : Ruby Version for klayout: 2.5.9
2026-08-18 11:32:32 -0400: Memory Usage (413396K) : Loading database to memory is complete.
2026-08-18 11:32:32 -0400: Memory Usage (413396K) : IHP-SG13G2 Klayout DRC runset output at: /home/noorizad/spicexplorer-workspace/external/agentic-design-pam4-driver-ihp130/report/work/d/signoff/drc/dut_pam4_pam4drv_pam4_lay_main.lyrdb
2026-08-18 11:32:32 -0400: Memory Usage (413396K) : Evaluate switches.
2026-08-18 11:32:32 -0400: Memory Usage (413396K) : table_name selected  main
2026-08-18 11:32:32 -0400: Memory Usage (413396K) : Klayout will use 128 thread(s)
2026-08-18 11:32:32 -0400: Memory Usage (413396K) : deep mode is enabled for main table.
2026-08-18 11:32:32 -0400: Memory Usage (413396K) : FEOL enabled: true
2026-08-18 11:32:32 -0400: Memory Usage (413396K) : BEOL enabled: true
2026-08-18 11:32:32 -0400: Memory Usage (413396K) : OffGrid enabled: true
2026-08-18 11:32:32 -0400: Memory Usage (413396K) : PreCheck DRC enabled: false
2026-08-18 11:32:32 -0400: Memory Usage (413396K) : CONNECTIVITY_RULES enabled: true for table main
2026-08-18 11:32:32 -0400: Memory Usage (413396K) : Read in polygons from layers.
2026-08-18 11:32:32 -0400: Memory Usage (413396K) : activ_drw has 68 polygons
2026-08-18 11:32:32 -0400: Memory Usage (413396K) : activ_pin has 0 polygons
2026-08-18 11:32:32 -0400: Memory Usage (413396K) : activ_mask has 12 polygons
2026-08-18 11:32:32 -0400: Memory Usage (413396K) : activ_filler has 0 polygons
2026-08-18 11:32:32 -0400: Memory Usage (413396K) : activ_nofill has 0 polygons
2026-08-18 11:32:32 -0400: Memory Usage (413396K) : activ_opc has 0 polygons
2026-08-18 11:32:32 -0400: Memory Usage (413396K) : activ_iopc has 0 polygons
2026-08-18 11:32:32 -0400: Memory Usage (413396K) : activ_noqrc has 0 polygons
2026-08-18 11:32:32 -0400: Memory Usage (413396K) : biwind_drw has 0 polygons
2026-08-18 11:32:32 -0400: Memory Usage (413396K) : biwind_opc has 0 polygons
2026-08-18 11:32:32 -0400: Memory Usage (413396K) : pemwind_drw has 0 polygons
2026-08-18 11:32:32 -0400: Memory Usage (413396K) : gatpoly_drw has 24 polygons
2026-08-18 11:32:32 -0400: Memory Usage (413396K) : gatpoly_pin has 0 polygons
2026-08-18 11:32:32 -0400: Memory Usage (413396K) : gatpoly_filler has 0 polygons
2026-08-18 11:32:32 -0400: Memory Usage (413396K) : gatpoly_nofill has 0 polygons
2026-08-18 11:32:32 -0400: Memory Usage (413396K) : gatpoly_opc has 0 polygons
2026-08-18 11:32:32 -0400: Memory Usage (413396K) : gatpoly_iopc has 0 polygons
2026-08-18 11:32:32 -0400: Memory Usage (413396K) : gatpoly_noqrc has 0 polygons
2026-08-18 11:32:32 -0400: Memory Usage (413396K) : cont_drw has 912 polygons
2026-08-18 11:32:32 -0400: Memory Usage (413396K) : cont_opc has 0 polygons
2026-08-18 11:32:32 -0400: Memory Usage (413396K) : nsd_drw has 0 polygons
2026-08-18 11:32:32 -0400: Memory Usage (413396K) : nsd_block has 24 polygons
2026-08-18 11:32:32 -0400: Memory Usage (413396K) : metal1_drw has 96 polygons
2026-08-18 11:32:32 -0400: Memory Usage (413396K) : metal1_pin has 48 polygons
2026-08-18 11:32:32 -0400: Memory Usage (415540K) : metal1_mask has 0 polygons
2026-08-18 11:32:32 -0400: Memory Usage (415540K) : metal1_filler has 0 polygons
2026-08-18 11:32:32 -0400: Memory Usage (415540K) : metal1_nofill has 0 polygons
2026-08-18 11:32:32 -0400: Memory Usage (415540K) : metal1_slit has 0 polygons
2026-08-18 11:32:32 -0400: Memory Usage (415540K) : metal1_text has 6 polygons
2026-08-18 11:32:32 -0400: Memory Usage (415540K) : metal1_opc has 0 polygons
2026-08-18 11:32:32 -0400: Memory Usage (415984K) : metal1_noqrc has 0 polygons
2026-08-18 11:32:32 -0400: Memory Usage (415984K) : metal1_res has 0 polygons
2026-08-18 11:32:32 -0400: Memory Usage (415984K) : metal1_iprobe has 0 polygons
2026-08-18 11:32:32 -0400: Memory Usage (415984K) : metal1_diffprb has 0 polygons
2026-08-18 11:32:32 -0400: Memory Usage (415984K) : passiv_drw has 0 polygons
2026-08-18 11:32:32 -0400: Memory Usage (415984K) : passiv_pin has 0 polygons
2026-08-18 11:32:32 -0400: Memory Usage (416248K) : passiv_sbump has 0 polygons
2026-08-18 11:32:32 -0400: Memory Usage (416248K) : passiv_pillar has 0 polygons
2026-08-18 11:32:32 -0400: Memory Usage (416248K) : passiv_pdl has 0 polygons
2026-08-18 11:32:32 -0400: Memory Usage (416248K) : metal2_drw has 34 polygons
2026-08-18 11:32:32 -0400: Memory Usage (416248K) : metal2_pin has 12 polygons
2026-08-18 11:32:32 -0400: Memory Usage (416248K) : metal2_mask has 0 polygons
2026-08-18 11:32:32 -0400: Memory Usage (416248K) : metal2_filler has 0 polygons
2026-08-18 11:32:32 -0400: Memory Usage (416248K) : metal2_nofill has 0 polygons
2026-08-18 11:32:32 -0400: Memory Usage (416248K) : metal2_slit has 0 polygons
2026-08-18 11:32:32 -0400: Memory Usage (416248K) : metal2_text has 0 polygons
2026-08-18 11:32:32 -0400: Memory Usage (416248K) : metal2_opc has 0 polygons
2026-08-18 11:32:32 -0400: Memory Usage (416248K) : metal2_noqrc has 0 polygons
2026-08-18 11:32:32 -0400: Memory Usage (416248K) : metal2_res has 0 polygons
2026-08-18 11:32:32 -0400: Memory Usage (416248K) : metal2_iprobe has 0 polygons
2026-08-18 11:32:32 -0400: Memory Usage (416512K) : metal2_diffprb has 0 polygons
2026-08-18 11:32:32 -0400: Memory Usage (416512K) : baspoly_drw has 0 polygons
2026-08-18 11:32:32 -0400: Memory Usage (416512K) : baspoly_pin has 0 polygons
2026-08-18 11:32:32 -0400: Memory Usage (416512K) : psd_drw has 20 polygons
2026-08-18 11:32:32 -0400: Memory Usage (416512K) : nldb_drw has 0 polygons
2026-08-18 11:32:32 -0400: Memory Usage (416512K) : digibnd_drw has 0 polygons
2026-08-18 11:32:32 -0400: Memory Usage (416776K) : via1_drw has 440 polygons
2026-08-18 11:32:32 -0400: Memory Usage (416776K) : backmetal1_drw has 0 polygons
2026-08-18 11:32:32 -0400: Memory Usage (416776K) : backmetal1_pin has 0 polygons
2026-08-18 11:32:32 -0400: Memory Usage (416776K) : backmetal1_mask has 0 polygons
2026-08-18 11:32:32 -0400: Memory Usage (416776K) : backmetal1_filler has 0 polygons
2026-08-18 11:32:32 -0400: Memory Usage (416776K) : backmetal1_nofill has 0 polygons
2026-08-18 11:32:32 -0400: Memory Usage (417040K) : backmetal1_slit has 0 polygons
2026-08-18 11:32:32 -0400: Memory Usage (417040K) : backmetal1_text has 0 polygons
2026-08-18 11:32:32 -0400: Memory Usage (417040K) : backmetal1_opc has 0 polygons
2026-08-18 11:32:32 -0400: Memory Usage (417040K) : backmetal1_noqrc has 0 polygons
2026-08-18 11:32:32 -0400: Memory Usage (417040K) : backmetal1_res has 0 polygons
2026-08-18 11:32:32 -0400: Memory Usage (417040K) : backmetal1_iprobe has 0 polygons
2026-08-18 11:32:32 -0400: Memory Usage (417304K) : backmetal1_diffprb has 0 polygons
2026-08-18 11:32:32 -0400: Memory Usage (417304K) : backpassiv_drw has 0 polygons
2026-08-18 11:32:32 -0400: Memory Usage (417304K) : res_drw has 12 polygons
2026-08-18 11:32:32 -0400: Memory Usage (417304K) : sram_drw has 0 polygons
2026-08-18 11:32:32 -0400: Memory Usage (417304K) : trans_drw has 12 polygons
2026-08-18 11:32:32 -0400: Memory Usage (417304K) : ind_drw has 0 polygons
2026-08-18 11:32:32 -0400: Memory Usage (417568K) : ind_pin has 0 polygons
2026-08-18 11:32:32 -0400: Memory Usage (417568K) : ind_text has 0 polygons
2026-08-18 11:32:32 -0400: Memory Usage (417568K) : salblock_drw has 0 polygons
2026-08-18 11:32:32 -0400: Memory Usage (417568K) : via2_drw has 184 polygons
2026-08-18 11:32:32 -0400: Memory Usage (417568K) : metal3_drw has 26 polygons
2026-08-18 11:32:32 -0400: Memory Usage (417832K) : metal3_pin has 0 polygons
2026-08-18 11:32:32 -0400: Memory Usage (417832K) : metal3_mask has 0 polygons
2026-08-18 11:32:32 -0400: Memory Usage (417832K) : metal3_filler has 0 polygons
2026-08-18 11:32:32 -0400: Memory Usage (417832K) : metal3_nofill has 0 polygons
2026-08-18 11:32:32 -0400: Memory Usage (417832K) : metal3_slit has 0 polygons
2026-08-18 11:32:32 -0400: Memory Usage (417832K) : metal3_text has 0 polygons
2026-08-18 11:32:32 -0400: Memory Usage (417832K) : metal3_opc has 0 polygons
2026-08-18 11:32:32 -0400: Memory Usage (417832K) : metal3_noqrc has 0 polygons
2026-08-18 11:32:32 -0400: Memory Usage (417832K) : metal3_res has 0 polygons
2026-08-18 11:32:32 -0400: Memory Usage (417832K) : metal3_iprobe has 0 polygons
2026-08-18 11:32:32 -0400: Memory Usage (418096K) : metal3_diffprb has 0 polygons
2026-08-18 11:32:32 -0400: Memory Usage (418096K) : nwell_drw has 0 polygons
2026-08-18 11:32:32 -0400: Memory Usage (418096K) : nwell_pin has 0 polygons
2026-08-18 11:32:32 -0400: Memory Usage (418096K) : nbulay_drw has 0 polygons
2026-08-18 11:32:32 -0400: Memory Usage (418096K) : nbulay_pin has 0 polygons
2026-08-18 11:32:32 -0400: Memory Usage (418096K) : nbulay_block has 0 polygons
2026-08-18 11:32:32 -0400: Memory Usage (418360K) : emwind_drw has 36 polygons
2026-08-18 11:32:32 -0400: Memory Usage (418360K) : emwind_opc has 0 polygons
2026-08-18 11:32:32 -0400: Memory Usage (418360K) : deepco_drw has 0 polygons
2026-08-18 11:32:32 -0400: Memory Usage (418360K) : deepco_drw has 0 polygons
2026-08-18 11:32:32 -0400: Memory Usage (418360K) : mim_drw has 3 polygons
2026-08-18 11:32:32 -0400: Memory Usage (418360K) : edgeseal_drw has 0 polygons
2026-08-18 11:32:32 -0400: Memory Usage (418360K) : edgeseal_bound has 0 polygons
2026-08-18 11:32:32 -0400: Memory Usage (418624K) : substrate_drw has 0 polygons
2026-08-18 11:32:32 -0400: Memory Usage (418624K) : substrate_text has 0 polygons
2026-08-18 11:32:32 -0400: Memory Usage (418624K) : dfpad_drw has 0 polygons
2026-08-18 11:32:32 -0400: Memory Usage (418624K) : dfpad_pillar has 0 polygons
2026-08-18 11:32:32 -0400: Memory Usage (418624K) : dfpad_sbump has 0 polygons
2026-08-18 11:32:32 -0400: Memory Usage (418624K) : thickgateox_drw has 0 polygons
2026-08-18 11:32:32 -0400: Memory Usage (418888K) : pldb_drw has 0 polygons
2026-08-18 11:32:32 -0400: Memory Usage (418888K) : pwell_drw has 0 polygons
2026-08-18 11:32:32 -0400: Memory Usage (418888K) : pwell_pin has 0 polygons
2026-08-18 11:32:32 -0400: Memory Usage (418888K) : pwell_block has 0 polygons
2026-08-18 11:32:32 -0400: Memory Usage (418888K) : ic_drw has 0 polygons
2026-08-18 11:32:32 -0400: Memory Usage (418888K) : via3_drw has 184 polygons
2026-08-18 11:32:32 -0400: Memory Usage (419152K) : metal4_drw has 24 polygons
2026-08-18 11:32:32 -0400: Memory Usage (419152K) : metal4_pin has 0 polygons
2026-08-18 11:32:32 -0400: Memory Usage (419152K) : metal4_mask has 0 polygons
2026-08-18 11:32:32 -0400: Memory Usage (419152K) : metal4_filler has 0 polygons
2026-08-18 11:32:32 -0400: Memory Usage (419152K) : metal4_nofill has 3 polygons
2026-08-18 11:32:32 -0400: Memory Usage (419152K) : metal4_slit has 0 polygons
2026-08-18 11:32:32 -0400: Memory Usage (419416K) : metal4_text has 4 polygons
2026-08-18 11:32:32 -0400: Memory Usage (419416K) : metal4_opc has 0 polygons
2026-08-18 11:32:32 -0400: Memory Usage (419416K) : metal4_noqrc has 0 polygons
2026-08-18 11:32:32 -0400: Memory Usage (419416K) : metal4_res has 0 polygons
2026-08-18 11:32:32 -0400: Memory Usage (419416K) : metal4_iprobe has 0 polygons
2026-08-18 11:32:32 -0400: Memory Usage (419416K) : metal4_diffprb has 0 polygons
2026-08-18 11:32:32 -0400: Memory Usage (419680K) : heattrans_drw has 0 polygons
2026-08-18 11:32:32 -0400: Memory Usage (419680K) : heatres_drw has 12 polygons
2026-08-18 11:32:32 -0400: Memory Usage (419680K) : pempoly_drw has 0 polygons
2026-08-18 11:32:32 -0400: Memory Usage (419680K) : fbe_drw has 0 polygons
2026-08-18 11:32:32 -0400: Memory Usage (419680K) : empoly_drw has 0 polygons
2026-08-18 11:32:32 -0400: Memory Usage (419680K) : ldmos_drw has 0 polygons
2026-08-18 11:32:32 -0400: Memory Usage (419944K) : pbiwind_drw has 0 polygons
2026-08-18 11:32:32 -0400: Memory Usage (419944K) : digisub_drw has 0 polygons
2026-08-18 11:32:32 -0400: Memory Usage (419944K) : nodrc_drw has 0 polygons
2026-08-18 11:32:32 -0400: Memory Usage (419944K) : text_drw has 72 polygons
2026-08-18 11:32:32 -0400: Memory Usage (419944K) : via4_drw has 144 polygons
2026-08-18 11:32:32 -0400: Memory Usage (420208K) : metal5_drw has 16 polygons
2026-08-18 11:32:32 -0400: Memory Usage (420208K) : metal5_pin has 3 polygons
2026-08-18 11:32:32 -0400: Memory Usage (420208K) : metal5_mask has 0 polygons
2026-08-18 11:32:32 -0400: Memory Usage (420208K) : metal5_filler has 0 polygons
2026-08-18 11:32:32 -0400: Memory Usage (420208K) : metal5_nofill has 3 polygons
2026-08-18 11:32:32 -0400: Memory Usage (420472K) : metal5_slit has 0 polygons
2026-08-18 11:32:32 -0400: Memory Usage (420472K) : metal5_text has 0 polygons
2026-08-18 11:32:32 -0400: Memory Usage (420472K) : metal5_opc has 0 polygons
2026-08-18 11:32:32 -0400: Memory Usage (420472K) : metal5_noqrc has 0 polygons
2026-08-18 11:32:32 -0400: Memory Usage (420472K) : metal5_res has 0 polygons
2026-08-18 11:32:32 -0400: Memory Usage (420472K) : metal5_iprobe has 0 polygons
2026-08-18 11:32:32 -0400: Memory Usage (420472K) : metal5_diffprb has 0 polygons
2026-08-18 11:32:32 -0400: Memory Usage (420736K) : radhard_drw has 0 polygons
2026-08-18 11:32:32 -0400: Memory Usage (420736K) : memcap_drw has 3 polygons
2026-08-18 11:32:32 -0400: Memory Usage (420736K) : varicap_drw has 0 polygons
2026-08-18 11:32:32 -0400: Memory Usage (420736K) : flash_drw has 0 polygons
2026-08-18 11:32:32 -0400: Memory Usage (420736K) : intbondvia_drw has 0 polygons
2026-08-18 11:32:32 -0400: Memory Usage (421000K) : intbondmet_drw has 0 polygons
2026-08-18 11:32:32 -0400: Memory Usage (421000K) : devbondvia_drw has 0 polygons
2026-08-18 11:32:32 -0400: Memory Usage (421000K) : devbondmet_drw has 0 polygons
2026-08-18 11:32:32 -0400: Memory Usage (421000K) : devtrench_drw has 0 polygons
2026-08-18 11:32:32 -0400: Memory Usage (421000K) : redist_drw has 0 polygons
2026-08-18 11:32:32 -0400: Memory Usage (421000K) : graphbot_drw has 0 polygons
2026-08-18 11:32:32 -0400: Memory Usage (421264K) : graphtop_drw has 0 polygons
2026-08-18 11:32:32 -0400: Memory Usage (421264K) : antvia1_drw has 0 polygons
2026-08-18 11:32:32 -0400: Memory Usage (421264K) : antmetal2_drw has 0 polygons
2026-08-18 11:32:32 -0400: Memory Usage (421264K) : graphcont_drw has 0 polygons
2026-08-18 11:32:32 -0400: Memory Usage (421264K) : siwg_drw has 0 polygons
2026-08-18 11:32:32 -0400: Memory Usage (421528K) : siwg_filler has 0 polygons
2026-08-18 11:32:32 -0400: Memory Usage (421528K) : siwg_nofill has 0 polygons
2026-08-18 11:32:32 -0400: Memory Usage (421528K) : sigrating_drw has 0 polygons
2026-08-18 11:32:32 -0400: Memory Usage (421528K) : singrating_drw has 0 polygons
2026-08-18 11:32:32 -0400: Memory Usage (421528K) : graphpas_drw has 0 polygons
2026-08-18 11:32:32 -0400: Memory Usage (421528K) : emwind3_drw has 0 polygons
2026-08-18 11:32:32 -0400: Memory Usage (421792K) : emwihv3_drw has 0 polygons
2026-08-18 11:32:32 -0400: Memory Usage (421792K) : redbulay_drw has 0 polygons
2026-08-18 11:32:32 -0400: Memory Usage (421792K) : smos_drw has 0 polygons
2026-08-18 11:32:32 -0400: Memory Usage (421792K) : graphpad_drw has 0 polygons
2026-08-18 11:32:32 -0400: Memory Usage (421792K) : polimide_drw has 0 polygons
2026-08-18 11:32:32 -0400: Memory Usage (422056K) : polimide_pin has 0 polygons
2026-08-18 11:32:32 -0400: Memory Usage (422056K) : recog_drw has 0 polygons
2026-08-18 11:32:32 -0400: Memory Usage (422056K) : recog_pin has 0 polygons
2026-08-18 11:32:32 -0400: Memory Usage (422056K) : recog_esd has 0 polygons
2026-08-18 11:32:32 -0400: Memory Usage (422056K) : recog_diode has 0 polygons
2026-08-18 11:32:32 -0400: Memory Usage (422056K) : recog_tsv has 0 polygons
2026-08-18 11:32:32 -0400: Memory Usage (422320K) : recog_iprobe has 0 polygons
2026-08-18 11:32:32 -0400: Memory Usage (422320K) : recog_diffprb has 0 polygons
2026-08-18 11:32:32 -0400: Memory Usage (422320K) : recog_pillar has 0 polygons
2026-08-18 11:32:32 -0400: Memory Usage (422320K) : recog_sbump has 0 polygons
2026-08-18 11:32:32 -0400: Memory Usage (422320K) : recog_otp has 0 polygons
2026-08-18 11:32:32 -0400: Memory Usage (422320K) : recog_pdiode has 0 polygons
2026-08-18 11:32:32 -0400: Memory Usage (422320K) : recog_mom has 0 polygons
2026-08-18 11:32:32 -0400: Memory Usage (422320K) : recog_pcm has 0 polygons
2026-08-18 11:32:32 -0400: Memory Usage (422584K) : colopen_drw has 0 polygons
2026-08-18 11:32:32 -0400: Memory Usage (422584K) : graphmetal1_drw has 0 polygons
2026-08-18 11:32:32 -0400: Memory Usage (422584K) : graphmetal1_filler has 0 polygons
2026-08-18 11:32:32 -0400: Memory Usage (422584K) : graphmetal1_nofill has 0 polygons
2026-08-18 11:32:32 -0400: Memory Usage (422584K) : graphmetal1_slit has 0 polygons
2026-08-18 11:32:32 -0400: Memory Usage (422584K) : graphmetal1_opc has 0 polygons
2026-08-18 11:32:32 -0400: Memory Usage (422848K) : graphmet1l_drw has 0 polygons
2026-08-18 11:32:32 -0400: Memory Usage (422848K) : graphmet1l_filler has 0 polygons
2026-08-18 11:32:32 -0400: Memory Usage (422848K) : graphmet1l_nofill has 0 polygons
2026-08-18 11:32:32 -0400: Memory Usage (422848K) : graphmet1l_slit has 0 polygons
2026-08-18 11:32:32 -0400: Memory Usage (422848K) : graphmet1l_opc has 0 polygons
2026-08-18 11:32:32 -0400: Memory Usage (422848K) : extblock_drw has 12 polygons
2026-08-18 11:32:32 -0400: Memory Usage (423112K) : nldd_drw has 0 polygons
2026-08-18 11:32:32 -0400: Memory Usage (423112K) : pldd_drw has 0 polygons
2026-08-18 11:32:32 -0400: Memory Usage (423112K) : next_drw has 0 polygons
2026-08-18 11:32:32 -0400: Memory Usage (423112K) : pext_drw has 0 polygons
2026-08-18 11:32:32 -0400: Memory Usage (423112K) : nexthv_drw has 0 polygons
2026-08-18 11:32:32 -0400: Memory Usage (423376K) : pexthv_drw has 0 polygons
2026-08-18 11:32:32 -0400: Memory Usage (423376K) : graphgate_drw has 0 polygons
2026-08-18 11:32:32 -0400: Memory Usage (423376K) : sinwg_drw has 0 polygons
2026-08-18 11:32:32 -0400: Memory Usage (423376K) : sinwg_filler has 0 polygons
2026-08-18 11:32:32 -0400: Memory Usage (423376K) : sinwg_nofill has 0 polygons
2026-08-18 11:32:32 -0400: Memory Usage (423376K) : mempad_drw has 0 polygons
2026-08-18 11:32:32 -0400: Memory Usage (423640K) : topvia1_drw has 13 polygons
2026-08-18 11:32:32 -0400: Memory Usage (423640K) : topmetal1_drw has 10 polygons
2026-08-18 11:32:32 -0400: Memory Usage (423640K) : topmetal1_pin has 3 polygons
2026-08-18 11:32:32 -0400: Memory Usage (423640K) : topmetal1_mask has 0 polygons
2026-08-18 11:32:32 -0400: Memory Usage (423640K) : topmetal1_filler has 0 polygons
2026-08-18 11:32:32 -0400: Memory Usage (423640K) : topmetal1_nofill has 3 polygons
2026-08-18 11:32:32 -0400: Memory Usage (423904K) : topmetal1_slit has 0 polygons
2026-08-18 11:32:32 -0400: Memory Usage (423904K) : topmetal1_text has 1 polygons
2026-08-18 11:32:32 -0400: Memory Usage (423904K) : topmetal1_noqrc has 0 polygons
2026-08-18 11:32:32 -0400: Memory Usage (423904K) : topmetal1_res has 0 polygons
2026-08-18 11:32:32 -0400: Memory Usage (423904K) : topmetal1_iprobe has 0 polygons
2026-08-18 11:32:32 -0400: Memory Usage (423904K) : topmetal1_diffprb has 0 polygons
2026-08-18 11:32:32 -0400: Memory Usage (423904K) : inldpwl_drw has 0 polygons
2026-08-18 11:32:32 -0400: Memory Usage (424168K) : polyres_drw has 12 polygons
2026-08-18 11:32:32 -0400: Memory Usage (424168K) : polyres_pin has 0 polygons
2026-08-18 11:32:32 -0400: Memory Usage (424168K) : vmim_drw has 12 polygons
2026-08-18 11:32:32 -0400: Memory Usage (424168K) : nbulaycut_drw has 0 polygons
2026-08-18 11:32:32 -0400: Memory Usage (424168K) : antmetal1_drw has 0 polygons
2026-08-18 11:32:32 -0400: Memory Usage (424432K) : topvia2_drw has 6 polygons
2026-08-18 11:32:32 -0400: Memory Usage (424432K) : topmetal2_drw has 2 polygons
2026-08-18 11:32:32 -0400: Memory Usage (424432K) : topmetal2_pin has 0 polygons
2026-08-18 11:32:32 -0400: Memory Usage (424432K) : topmetal2_mask has 0 polygons
2026-08-18 11:32:32 -0400: Memory Usage (424432K) : topmetal2_filler has 0 polygons
2026-08-18 11:32:32 -0400: Memory Usage (424432K) : topmetal2_nofill has 3 polygons
2026-08-18 11:32:32 -0400: Memory Usage (424696K) : topmetal2_slit has 0 polygons
2026-08-18 11:32:32 -0400: Memory Usage (424696K) : topmetal2_text has 2 polygons
2026-08-18 11:32:32 -0400: Memory Usage (424696K) : topmetal2_noqrc has 0 polygons
2026-08-18 11:32:32 -0400: Memory Usage (424696K) : topmetal2_res has 0 polygons
2026-08-18 11:32:32 -0400: Memory Usage (424696K) : topmetal2_iprobe has 0 polygons
2026-08-18 11:32:32 -0400: Memory Usage (424696K) : topmetal2_diffprb has 0 polygons
2026-08-18 11:32:32 -0400: Memory Usage (424960K) : snsring_drw has 0 polygons
2026-08-18 11:32:32 -0400: Memory Usage (424960K) : sensor_drw has 0 polygons
2026-08-18 11:32:32 -0400: Memory Usage (424960K) : snsarms_drw has 0 polygons
2026-08-18 11:32:32 -0400: Memory Usage (424960K) : snscmosvia_drw has 0 polygons
2026-08-18 11:32:32 -0400: Memory Usage (424960K) : colwind_drw has 0 polygons
2026-08-18 11:32:32 -0400: Memory Usage (425224K) : flm_drw has 0 polygons
2026-08-18 11:32:32 -0400: Memory Usage (425224K) : hafniumox_drw has 0 polygons
2026-08-18 11:32:32 -0400: Memory Usage (425224K) : memvia_drw has 0 polygons
2026-08-18 11:32:32 -0400: Memory Usage (425224K) : thinfilmres_drw has 0 polygons
2026-08-18 11:32:32 -0400: Memory Usage (425224K) : rfmem_drw has 0 polygons
2026-08-18 11:32:32 -0400: Memory Usage (425224K) : norcx_drw has 0 polygons
2026-08-18 11:32:32 -0400: Memory Usage (425224K) : norcx_m2m3 has 0 polygons
2026-08-18 11:32:32 -0400: Memory Usage (425488K) : norcx_m2m4 has 0 polygons
2026-08-18 11:32:32 -0400: Memory Usage (425488K) : norcx_m2m5 has 0 polygons
2026-08-18 11:32:32 -0400: Memory Usage (425488K) : norcx_m2tm1 has 0 polygons
2026-08-18 11:32:32 -0400: Memory Usage (425488K) : norcx_m2tm2 has 0 polygons
2026-08-18 11:32:32 -0400: Memory Usage (425488K) : norcx_m3m4 has 0 polygons
2026-08-18 11:32:32 -0400: Memory Usage (425488K) : norcx_m3m5 has 0 polygons
2026-08-18 11:32:32 -0400: Memory Usage (425488K) : norcx_m3tm1 has 0 polygons
2026-08-18 11:32:32 -0400: Memory Usage (425752K) : norcx_m3tm2 has 0 polygons
2026-08-18 11:32:32 -0400: Memory Usage (425752K) : norcx_m4m5 has 0 polygons
2026-08-18 11:32:32 -0400: Memory Usage (425752K) : norcx_m4tm1 has 0 polygons
2026-08-18 11:32:32 -0400: Memory Usage (425752K) : norcx_m4tm2 has 0 polygons
2026-08-18 11:32:32 -0400: Memory Usage (425752K) : norcx_m5tm1 has 0 polygons
2026-08-18 11:32:32 -0400: Memory Usage (425752K) : norcx_m5tm2 has 0 polygons
2026-08-18 11:32:32 -0400: Memory Usage (425752K) : norcx_tm1tm2 has 0 polygons
2026-08-18 11:32:32 -0400: Memory Usage (425752K) : norcx_m1sub has 0 polygons
2026-08-18 11:32:32 -0400: Memory Usage (426016K) : norcx_m2sub has 0 polygons
2026-08-18 11:32:32 -0400: Memory Usage (426016K) : norcx_m3sub has 0 polygons
2026-08-18 11:32:32 -0400: Memory Usage (426016K) : norcx_m4sub has 0 polygons
2026-08-18 11:32:32 -0400: Memory Usage (426016K) : norcx_m5sub has 0 polygons
2026-08-18 11:32:32 -0400: Memory Usage (426016K) : norcx_tm1sub has 0 polygons
2026-08-18 11:32:32 -0400: Memory Usage (426016K) : norcx_tm2sub has 0 polygons
2026-08-18 11:32:32 -0400: Memory Usage (426280K) : snsbotvia_drw has 0 polygons
2026-08-18 11:32:32 -0400: Memory Usage (426280K) : snstopvia_drw has 0 polygons
2026-08-18 11:32:32 -0400: Memory Usage (426280K) : deepvia_drw has 0 polygons
2026-08-18 11:32:32 -0400: Memory Usage (426280K) : fgetch_drw has 0 polygons
2026-08-18 11:32:32 -0400: Memory Usage (426280K) : ctrgat_drw has 0 polygons
2026-08-18 11:32:32 -0400: Memory Usage (426280K) : fgimp_drw has 0 polygons
2026-08-18 11:32:32 -0400: Memory Usage (426544K) : emwihv_drw has 0 polygons
2026-08-18 11:32:32 -0400: Memory Usage (426544K) : lbe_drw has 0 polygons
2026-08-18 11:32:32 -0400: Memory Usage (426544K) : alcustop_drw has 0 polygons
2026-08-18 11:32:32 -0400: Memory Usage (426544K) : nometfiller_drw has 0 polygons
2026-08-18 11:32:32 -0400: Memory Usage (426544K) : prboundary_drw has 0 polygons
2026-08-18 11:32:32 -0400: Memory Usage (426544K) : exchange0_drw has 0 polygons
2026-08-18 11:32:32 -0400: Memory Usage (426544K) : exchange0_pin has 0 polygons
2026-08-18 11:32:32 -0400: Memory Usage (426808K) : exchange0_text has 0 polygons
2026-08-18 11:32:32 -0400: Memory Usage (426808K) : exchange1_drw has 0 polygons
2026-08-18 11:32:32 -0400: Memory Usage (426808K) : exchange1_pin has 0 polygons
2026-08-18 11:32:32 -0400: Memory Usage (426808K) : exchange1_text has 0 polygons
2026-08-18 11:32:32 -0400: Memory Usage (426808K) : exchange2_drw has 0 polygons
2026-08-18 11:32:32 -0400: Memory Usage (426808K) : exchange2_pin has 0 polygons
2026-08-18 11:32:32 -0400: Memory Usage (427072K) : exchange2_text has 0 polygons
2026-08-18 11:32:32 -0400: Memory Usage (427072K) : exchange3_drw has 0 polygons
2026-08-18 11:32:32 -0400: Memory Usage (427072K) : exchange3_pin has 0 polygons
2026-08-18 11:32:32 -0400: Memory Usage (427072K) : exchange3_text has 0 polygons
2026-08-18 11:32:32 -0400: Memory Usage (427072K) : exchange4_drw has 0 polygons
2026-08-18 11:32:32 -0400: Memory Usage (427072K) : exchange4_pin has 0 polygons
2026-08-18 11:32:32 -0400: Memory Usage (427336K) : exchange4_text has 0 polygons
2026-08-18 11:32:32 -0400: Memory Usage (427336K) : isonwell_drw has 0 polygons
2026-08-18 11:32:32 -0400: Memory Usage (427336K) : Total no. of polygons in the design is 2516
2026-08-18 11:32:32 -0400: Memory Usage (427336K) : Loaded TECH DRC rules values from /home/noorizad/local/pdks/ihp-sg13g2/libs.tech/klayout/python/sg13g2_pycell_lib/sg13g2_tech_mod.json
2026-08-18 11:32:32 -0400: Memory Usage (427336K) : Loaded default DRC rules values from /home/noorizad/local/pdks/ihp-sg13g2/libs.tech/klayout/tech/drc/rule_decks/sg13g2_tech_default.json
2026-08-18 11:32:32 -0400: Memory Usage (427336K) : The following rules values were missing in tech json and default values were used:
2026-08-18 11:32:32 -0400: Memory Usage (427336K) :   - Cnt_c_digibnd
2026-08-18 11:32:32 -0400: Memory Usage (428316K) : Total area of the design is 6880.2576 um^2.
2026-08-18 11:32:32 -0400: Memory Usage (428316K) : The design dimensions are 97.62 µm * 70.48 µm.
2026-08-18 11:32:32 -0400: Memory Usage (428316K) : Starting general IHP-SG13G2 derivations.
2026-08-18 11:32:32 -0400: Memory Usage (428316K) : Starting Pwell derivations
2026-08-18 11:32:32 -0400: Memory Usage (428580K) : Starting n-Activ derivations
2026-08-18 11:32:32 -0400: Memory Usage (435588K) : Starting p-Activ derivations
2026-08-18 11:32:32 -0400: Memory Usage (436580K) : Starting ptap derivations
2026-08-18 11:32:32 -0400: Memory Usage (439904K) : Starting ntap derivations
2026-08-18 11:32:32 -0400: Memory Usage (439904K) : Starting pact FET derivations
2026-08-18 11:32:32 -0400: Memory Usage (439904K) : Starting nact FET derivations
2026-08-18 11:32:32 -0400: Memory Usage (436484K) : Starting Gate derivations
2026-08-18 11:32:33 -0400: Memory Usage (435832K) : Starting cont/contbar general derivations
2026-08-18 11:32:33 -0400: Memory Usage (435840K) : Starting pad general derivations
2026-08-18 11:32:33 -0400: Memory Usage (435840K) : Starting IHP-SG13G2 DRC connectivity related derivations.
2026-08-18 11:32:33 -0400: Memory Usage (438892K) : Starting IHP-SG13G2 DRC connectivity setup
2026-08-18 11:32:33 -0400: Memory Usage (435884K) : Starting IHP-SG13G2 DRC rules.
2026-08-18 11:32:33 -0400: Memory Usage (435884K) : Running all FEOL rules
2026-08-18 11:32:33 -0400: Memory Usage (435884K) : Running all BEOL rules
2026-08-18 11:32:33 -0400: Memory Usage (435884K) : Starting 3.2. FORBIDDEN table
2026-08-18 11:32:33 -0400: Memory Usage (435884K) : Executing rule forbidden.biwind
2026-08-18 11:32:33 -0400: Memory Usage (435884K) : Executing rule forbidden.pemwind
2026-08-18 11:32:33 -0400: Memory Usage (435884K) : Executing rule forbidden.baspoly
2026-08-18 11:32:33 -0400: Memory Usage (435884K) : Executing rule forbidden.deepco
2026-08-18 11:32:33 -0400: Memory Usage (435884K) : Executing rule forbidden.pempoly
2026-08-18 11:32:33 -0400: Memory Usage (435884K) : Executing rule forbidden.empoly
2026-08-18 11:32:33 -0400: Memory Usage (435884K) : Executing rule forbidden.ldmos
2026-08-18 11:32:33 -0400: Memory Usage (435884K) : Executing rule forbidden.pbiwind
2026-08-18 11:32:33 -0400: Memory Usage (435884K) : Executing rule forbidden.nodrc
2026-08-18 11:32:33 -0400: Memory Usage (435884K) : Executing rule forbidden.flash
2026-08-18 11:32:33 -0400: Memory Usage (435884K) : Executing rule forbidden.colwind
2026-08-18 11:32:33 -0400: Memory Usage (435884K) : Starting 5.1 NWell table
2026-08-18 11:32:33 -0400: Memory Usage (435884K) : Executing rule NW.b
2026-08-18 11:32:33 -0400: Memory Usage (435884K) : Executing rule NW.b1
2026-08-18 11:32:33 -0400: Memory Usage (435884K) : Starting 5.2 PWell:block
2026-08-18 11:32:33 -0400: Memory Usage (435884K) : Executing rule PWB.e
2026-08-18 11:32:33 -0400: Memory Usage (435884K) : Executing rule PWB.e1
2026-08-18 11:32:33 -0400: Memory Usage (435884K) : Executing rule PWB.f
2026-08-18 11:32:33 -0400: Memory Usage (435884K) : Executing rule PWB.f1
2026-08-18 11:32:33 -0400: Memory Usage (435884K) : Starting 5.3 nBuLay table
2026-08-18 11:32:33 -0400: Memory Usage (435884K) : Executing rule NBL.b
2026-08-18 11:32:33 -0400: Memory Usage (435884K) : Executing rule NBL.c
2026-08-18 11:32:33 -0400: Memory Usage (435884K) : Executing rule NBL.d
2026-08-18 11:32:33 -0400: Memory Usage (435884K) : Executing rule NBL.e
2026-08-18 11:32:33 -0400: Memory Usage (435884K) : Executing rule NBL.f
2026-08-18 11:32:33 -0400: Memory Usage (435884K) : Starting 5.5. Activ table
2026-08-18 11:32:33 -0400: Memory Usage (435884K) : Executing rule Act.a
2026-08-18 11:32:33 -0400: Memory Usage (435884K) : Executing rule Act.b
2026-08-18 11:32:33 -0400: Memory Usage (436940K) : Starting 5.6 Activ:filler table
2026-08-18 11:32:33 -0400: Memory Usage (436540K) : Executing rule AFil.c1
2026-08-18 11:32:33 -0400: Memory Usage (436540K) : Executing rule AFil.c
2026-08-18 11:32:33 -0400: Memory Usage (436540K) : Executing rule AFil.d
2026-08-18 11:32:33 -0400: Memory Usage (436540K) : Executing rule AFil.e
2026-08-18 11:32:33 -0400: Memory Usage (436540K) : Executing rule AFil.j
2026-08-18 11:32:33 -0400: Memory Usage (436540K) : Starting 5.7. ThickGateOx table
2026-08-18 11:32:33 -0400: Memory Usage (436540K) : Executing rule TGO.f
2026-08-18 11:32:33 -0400: Memory Usage (436540K) : Starting 5.8. GatPoly table
2026-08-18 11:32:33 -0400: Memory Usage (436540K) : Executing rule Gat.a
2026-08-18 11:32:33 -0400: Memory Usage (436540K) : Executing rule Gat.b
2026-08-18 11:32:33 -0400: Memory Usage (436636K) : Executing rule Gat.d
2026-08-18 11:32:33 -0400: Memory Usage (436468K) : Executing rule Gat.a1
2026-08-18 11:32:33 -0400: Memory Usage (436748K) : Executing rule Gat.a2
2026-08-18 11:32:33 -0400: Memory Usage (437468K) : Executing rule Gat.g
2026-08-18 11:32:33 -0400: Memory Usage (437008K) : Starting 5.9 GatPoly:filler
2026-08-18 11:32:33 -0400: Memory Usage (437008K) : Executing rule GFil.d
2026-08-18 11:32:33 -0400: Memory Usage (437008K) : Executing rule GFil.e
2026-08-18 11:32:33 -0400: Memory Usage (437008K) : Executing rule GFil.i
2026-08-18 11:32:33 -0400: Memory Usage (437008K) : Starting 5.10 pSD table
2026-08-18 11:32:33 -0400: Memory Usage (437008K) : Executing rule pSD.c1
2026-08-18 11:32:34 -0400: Memory Usage (437436K) : Starting 5.14. Cont table
2026-08-18 11:32:34 -0400: Memory Usage (437436K) : Executing rule Cnt.a
2026-08-18 11:32:34 -0400: Memory Usage (437148K) : Executing rule Cnt.b
2026-08-18 11:32:34 -0400: Memory Usage (437684K) : Executing rule Cnt.c
2026-08-18 11:32:34 -0400: Memory Usage (438500K) : Executing rule Cnt.c
2026-08-18 11:32:34 -0400: Memory Usage (438020K) : Executing rule Cnt.d
2026-08-18 11:32:34 -0400: Memory Usage (438192K) : Executing rule Cnt.e
2026-08-18 11:32:34 -0400: Memory Usage (437524K) : Executing rule Cnt.g1
2026-08-18 11:32:34 -0400: Memory Usage (437636K) : Executing rule Cnt.g2
2026-08-18 11:32:34 -0400: Memory Usage (438160K) : Starting 5.15. ContBar table
2026-08-18 11:32:34 -0400: Memory Usage (438160K) : Executing rule CntB.b1
2026-08-18 11:32:34 -0400: Memory Usage (438444K) : Executing rule CntB.h1
2026-08-18 11:32:34 -0400: Memory Usage (438116K) : Starting 5.16. Metal1 table
2026-08-18 11:32:34 -0400: Memory Usage (438116K) : Executing rule M1.a
2026-08-18 11:32:34 -0400: Memory Usage (438116K) : Executing rule M1.b
2026-08-18 11:32:34 -0400: Memory Usage (438252K) : Executing rule M1.e
2026-08-18 11:32:34 -0400: Memory Usage (438872K) : Executing rule M1.f
2026-08-18 11:32:34 -0400: Memory Usage (438456K) : Executing rule M1.g
2026-08-18 11:32:34 -0400: Memory Usage (438432K) : Executing rule M1.i
2026-08-18 11:32:35 -0400: Memory Usage (438384K) : Starting 5.17 Metaln table
2026-08-18 11:32:35 -0400: Memory Usage (438384K) : Executing rule M2.a
2026-08-18 11:32:35 -0400: Memory Usage (438384K) : Executing rule M2.b
2026-08-18 11:32:35 -0400: Memory Usage (438496K) : Executing rule M2.e
2026-08-18 11:32:35 -0400: Memory Usage (438340K) : Executing rule M2.f
2026-08-18 11:32:35 -0400: Memory Usage (438340K) : Executing rule M2.g
2026-08-18 11:32:35 -0400: Memory Usage (438700K) : Executing rule M2.i
2026-08-18 11:32:35 -0400: Memory Usage (438588K) : Executing rule M3.a
2026-08-18 11:32:35 -0400: Memory Usage (438268K) : Executing rule M3.b
2026-08-18 11:32:35 -0400: Memory Usage (438808K) : Executing rule M3.e
2026-08-18 11:32:35 -0400: Memory Usage (438668K) : Executing rule M3.f
2026-08-18 11:32:35 -0400: Memory Usage (438468K) : Executing rule M3.g
2026-08-18 11:32:35 -0400: Memory Usage (438552K) : Executing rule M3.i
2026-08-18 11:32:35 -0400: Memory Usage (438404K) : Executing rule M4.a
2026-08-18 11:32:35 -0400: Memory Usage (438404K) : Executing rule M4.b
2026-08-18 11:32:35 -0400: Memory Usage (438804K) : Executing rule M4.e
2026-08-18 11:32:35 -0400: Memory Usage (438352K) : Executing rule M4.f
2026-08-18 11:32:35 -0400: Memory Usage (438352K) : Executing rule M4.g
2026-08-18 11:32:35 -0400: Memory Usage (439056K) : Executing rule M4.i
2026-08-18 11:32:35 -0400: Memory Usage (438592K) : Executing rule M5.a
2026-08-18 11:32:35 -0400: Memory Usage (438320K) : Executing rule M5.b
2026-08-18 11:32:35 -0400: Memory Usage (438704K) : Executing rule M5.e
2026-08-18 11:32:35 -0400: Memory Usage (438868K) : Executing rule M5.f
2026-08-18 11:32:35 -0400: Memory Usage (438532K) : Executing rule M5.g
2026-08-18 11:32:36 -0400: Memory Usage (438428K) : Executing rule M5.i
2026-08-18 11:32:36 -0400: Memory Usage (439004K) : Starting 5.18 Metaln:filler table
2026-08-18 11:32:36 -0400: Memory Usage (438972K) : Executing rule M1Fil.c
2026-08-18 11:32:36 -0400: Memory Usage (438492K) : Executing rule M1Fil.a2
2026-08-18 11:32:36 -0400: Memory Usage (438492K) : Executing rule M2Fil.c
2026-08-18 11:32:36 -0400: Memory Usage (438492K) : Executing rule M2Fil.a2
2026-08-18 11:32:36 -0400: Memory Usage (438492K) : Executing rule M3Fil.c
2026-08-18 11:32:36 -0400: Memory Usage (438492K) : Executing rule M3Fil.a2
2026-08-18 11:32:36 -0400: Memory Usage (438492K) : Executing rule M4Fil.c
2026-08-18 11:32:36 -0400: Memory Usage (438492K) : Executing rule M4Fil.a2
2026-08-18 11:32:36 -0400: Memory Usage (438492K) : Executing rule M5Fil.c
2026-08-18 11:32:36 -0400: Memory Usage (438492K) : Executing rule M5Fil.a2
2026-08-18 11:32:36 -0400: Memory Usage (438492K) : Starting 5.19. Via1 table
2026-08-18 11:32:36 -0400: Memory Usage (438492K) : Starting 5.19. Via1 table derivations
2026-08-18 11:32:36 -0400: Memory Usage (438492K) : Executing rule V1.a
2026-08-18 11:32:36 -0400: Memory Usage (438492K) : Executing rule V1.b
2026-08-18 11:32:36 -0400: Memory Usage (438404K) : Executing rule V1.c
2026-08-18 11:32:36 -0400: Memory Usage (438760K) : Starting 5.20. Vian table
2026-08-18 11:32:36 -0400: Memory Usage (438576K) : Executing rule V2.a
2026-08-18 11:32:36 -0400: Memory Usage (438576K) : Executing rule V2.b
2026-08-18 11:32:36 -0400: Memory Usage (438720K) : Executing rule V2.c
2026-08-18 11:32:36 -0400: Memory Usage (438616K) : Executing rule V3.a
2026-08-18 11:32:36 -0400: Memory Usage (438592K) : Executing rule V3.b
2026-08-18 11:32:36 -0400: Memory Usage (438736K) : Executing rule V3.c
2026-08-18 11:32:36 -0400: Memory Usage (438836K) : Executing rule V4.a
2026-08-18 11:32:36 -0400: Memory Usage (438836K) : Executing rule V4.b
2026-08-18 11:32:36 -0400: Memory Usage (438700K) : Executing rule V4.c
2026-08-18 11:32:36 -0400: Memory Usage (439256K) : Starting 5.21. TopVia1 table
2026-08-18 11:32:36 -0400: Memory Usage (439024K) : Executing rule TV1.a
2026-08-18 11:32:36 -0400: Memory Usage (438824K) : Executing rule TV1.b
2026-08-18 11:32:36 -0400: Memory Usage (439420K) : Executing rule TV1.c
2026-08-18 11:32:36 -0400: Memory Usage (438868K) : Executing rule TV1.d
2026-08-18 11:32:36 -0400: Memory Usage (438704K) : Starting 5.22. TopMetal1 table
2026-08-18 11:32:36 -0400: Memory Usage (438704K) : Executing rule TM1.a
2026-08-18 11:32:36 -0400: Memory Usage (438704K) : Executing rule TM1.b
2026-08-18 11:32:37 -0400: Memory Usage (439188K) : Starting 5.23 TopMetal1:filler table
2026-08-18 11:32:37 -0400: Memory Usage (439148K) : Executing rule TM1Fil.c
2026-08-18 11:32:37 -0400: Memory Usage (438804K) : Executing rule TM1Fil.a1
2026-08-18 11:32:37 -0400: Memory Usage (438804K) : Starting 5.24. TopVia2 table
2026-08-18 11:32:37 -0400: Memory Usage (438804K) : Executing rule TV2.a
2026-08-18 11:32:37 -0400: Memory Usage (438804K) : Executing rule TV2.b
2026-08-18 11:32:37 -0400: Memory Usage (438916K) : Executing rule TV2.c
2026-08-18 11:32:37 -0400: Memory Usage (438732K) : Executing rule TV2.d
2026-08-18 11:32:37 -0400: Memory Usage (438832K) : Starting 5.25. TopMetal2 table
2026-08-18 11:32:37 -0400: Memory Usage (438832K) : Executing rule TM2.a
2026-08-18 11:32:37 -0400: Memory Usage (438832K) : Executing rule TM2.b
2026-08-18 11:32:37 -0400: Memory Usage (438844K) : Executing rule TM2.bR
2026-08-18 11:32:37 -0400: Memory Usage (438684K) : Starting 5.26 TopMetal2:filler table
2026-08-18 11:32:37 -0400: Memory Usage (438684K) : Executing rule TM2Fil.c
2026-08-18 11:32:37 -0400: Memory Usage (438684K) : Executing rule TM2Fil.a1
2026-08-18 11:32:37 -0400: Memory Usage (438684K) : Starting 5.27. Passiv table
2026-08-18 11:32:37 -0400: Memory Usage (438684K) : Executing rule Pas.a
2026-08-18 11:32:37 -0400: Memory Usage (438684K) : Executing rule Pas.b
2026-08-18 11:32:37 -0400: Memory Usage (438684K) : Executing rule Pas.c
2026-08-18 11:32:37 -0400: Memory Usage (438684K) : Starting 6.1.3 NPN Substrate-Tie table
2026-08-18 11:32:37 -0400: Memory Usage (439428K) : Executing rule npn13G2.bR 
2026-08-18 11:32:37 -0400: Memory Usage (438952K) : Executing rule npn13G2L.cR 
2026-08-18 11:32:37 -0400: Memory Usage (438860K) : Executing rule npn13G2V.cR 
2026-08-18 11:32:37 -0400: Memory Usage (438860K) : Starting 6.7 Schottky diode table
2026-08-18 11:32:37 -0400: Memory Usage (438860K) : Executing rule Sdiod.d
2026-08-18 11:32:37 -0400: Memory Usage (438860K) : Executing rule Sdiod.e
2026-08-18 11:32:37 -0400: Memory Usage (438860K) : Starting 6.9.2 Copper Pillar table
2026-08-18 11:32:37 -0400: Memory Usage (438860K) : Executing rule Padc.a
2026-08-18 11:32:37 -0400: Memory Usage (438860K) : Executing rule Padc.b
2026-08-18 11:32:37 -0400: Memory Usage (438860K) : Executing rule Padc.c
2026-08-18 11:32:37 -0400: Memory Usage (438860K) : Executing rule Padb.f
2026-08-18 11:32:37 -0400: Memory Usage (438860K) : Starting 6.9 Pad table
2026-08-18 11:32:37 -0400: Memory Usage (438860K) : Executing rule Pad.m
2026-08-18 11:32:37 -0400: Memory Usage (438860K) : Executing rule Pad.fR_M1
2026-08-18 11:32:37 -0400: Memory Usage (438860K) : Executing rule Pad.fR_M2
2026-08-18 11:32:37 -0400: Memory Usage (438860K) : Executing rule Pad.fR_M3
2026-08-18 11:32:37 -0400: Memory Usage (438860K) : Executing rule Pad.fR_M4
2026-08-18 11:32:37 -0400: Memory Usage (438860K) : Executing rule Pad.fR_M5
2026-08-18 11:32:37 -0400: Memory Usage (438860K) : Executing rule Pad.fR_TM1
2026-08-18 11:32:37 -0400: Memory Usage (438860K) : Executing rule Pad.fR_TM2
2026-08-18 11:32:37 -0400: Memory Usage (438860K) : Executing rule Pad.i
2026-08-18 11:32:37 -0400: Memory Usage (438860K) : Starting 6.9.1 Solder Bump
2026-08-18 11:32:37 -0400: Memory Usage (438860K) : Executing rule Padb.a
2026-08-18 11:32:37 -0400: Memory Usage (438860K) : Executing rule Padb.b
2026-08-18 11:32:37 -0400: Memory Usage (438860K) : Executing rule Padb.c
2026-08-18 11:32:37 -0400: Memory Usage (438860K) : Executing rule Padb.f
2026-08-18 11:32:37 -0400: Memory Usage (438860K) : Executing rule Padb.d
2026-08-18 11:32:37 -0400: Memory Usage (438860K) : Starting 6.10 Sealring table
2026-08-18 11:32:37 -0400: Memory Usage (438860K) : Executing rule Seal.l
2026-08-18 11:32:37 -0400: Memory Usage (438860K) : Executing rule Seal.n
2026-08-18 11:32:37 -0400: Memory Usage (438860K) : Executing rule seal.b_metal1
2026-08-18 11:32:37 -0400: Memory Usage (438860K) : Executing rule seal.b_metal2
2026-08-18 11:32:37 -0400: Memory Usage (438860K) : Executing rule seal.b_metal3
2026-08-18 11:32:37 -0400: Memory Usage (438860K) : Executing rule seal.b_metal4
2026-08-18 11:32:37 -0400: Memory Usage (438860K) : Executing rule seal.b_metal5
2026-08-18 11:32:37 -0400: Memory Usage (438860K) : Executing rule seal.b_topmetal1
2026-08-18 11:32:37 -0400: Memory Usage (438860K) : Executing rule seal.b_topmetal2
2026-08-18 11:32:37 -0400: Memory Usage (438860K) : Executing rule seal.b_activ
2026-08-18 11:32:37 -0400: Memory Usage (438860K) : Executing rule seal.b_psd
2026-08-18 11:32:37 -0400: Memory Usage (438860K) : Executing rule Seal.k
2026-08-18 11:32:37 -0400: Memory Usage (438860K) : Executing rule Seal.m
2026-08-18 11:32:37 -0400: Memory Usage (438860K) : Starting 6.11 MIM table
2026-08-18 11:32:37 -0400: Memory Usage (438860K) : Executing rule MIM.c
2026-08-18 11:32:38 -0400: Memory Usage (438800K) : Executing rule MIM.d
2026-08-18 11:32:38 -0400: Memory Usage (439092K) : Executing rule MIM.gR
2026-08-18 11:32:38 -0400: Memory Usage (438900K) : Starting 7.2 Latch-up table
2026-08-18 11:32:38 -0400: Memory Usage (438900K) : Executing rule LU.b
2026-08-18 11:32:38 -0400: Memory Usage (439000K) : Starting 7.3 Metal Slits table
2026-08-18 11:32:38 -0400: Memory Usage (439000K) : Executing rule Slt.e1_M1
2026-08-18 11:32:38 -0400: Memory Usage (439000K) : Executing rule Slt.e1_M2
2026-08-18 11:32:38 -0400: Memory Usage (439000K) : Executing rule Slt.e1_M3
2026-08-18 11:32:38 -0400: Memory Usage (439000K) : Executing rule Slt.e1_M4
2026-08-18 11:32:38 -0400: Memory Usage (439000K) : Executing rule Slt.e1_M5
2026-08-18 11:32:38 -0400: Memory Usage (439000K) : Executing rule Slt.e1_TM1
2026-08-18 11:32:38 -0400: Memory Usage (439000K) : Executing rule Slt.e1_TM2
2026-08-18 11:32:38 -0400: Memory Usage (439000K) : Starting 7.4. PIN table
2026-08-18 11:32:38 -0400: Memory Usage (439000K) : Executing rule Pin.a
2026-08-18 11:32:38 -0400: Memory Usage (439000K) : Executing rule Pin.b
2026-08-18 11:32:38 -0400: Memory Usage (439000K) : Executing rule Pin.e
2026-08-18 11:32:38 -0400: Memory Usage (438900K) : Executing rule Pin.f_M2
2026-08-18 11:32:38 -0400: Memory Usage (439144K) : Executing rule Pin.f_M3
2026-08-18 11:32:38 -0400: Memory Usage (438952K) : Executing rule Pin.f_M4
2026-08-18 11:32:38 -0400: Memory Usage (438952K) : Executing rule Pin.f_M5
2026-08-18 11:32:38 -0400: Memory Usage (438940K) : Executing rule Pin.g
2026-08-18 11:32:38 -0400: Memory Usage (439200K) : Executing rule Pin.h
2026-08-18 11:32:38 -0400: Memory Usage (438896K) : Starting 9.1. LBE table
2026-08-18 11:32:38 -0400: Memory Usage (438888K) : Executing rule LBE.a
2026-08-18 11:32:38 -0400: Memory Usage (438888K) : Executing rule LBE.b
2026-08-18 11:32:38 -0400: Memory Usage (438888K) : Executing rule LBE.b1
2026-08-18 11:32:38 -0400: Memory Usage (438888K) : Executing rule LBE.c
2026-08-18 11:32:38 -0400: Memory Usage (438888K) : Executing rule LBE.d
2026-08-18 11:32:38 -0400: Memory Usage (438888K) : Executing rule LBE.h
2026-08-18 11:32:38 -0400: Memory Usage (438888K) : KLayout DRC run for table 'main' completed in 6.44 seconds
