# Logfile created on 2026-08-18 11:32:10 -0400 by logger.rb/61378
2026-08-18 11:32:10 -0400: Memory Usage (413648K) : Starting running SG13G2 Klayout LVS runset on /home/noorizad/spicexplorer-workspace/external/agentic-design-pam4-driver-ihp130/report/work/c/dut_pam4.gds
2026-08-18 11:32:10 -0400: Memory Usage (413648K) : Ruby Version for klayout: 2.5.9
2026-08-18 11:32:10 -0400: Memory Usage (413648K) : Loading database to memory is complete.
2026-08-18 11:32:10 -0400: Memory Usage (413648K) : SG13G2 Klayout LVS runset output at: /home/noorizad/spicexplorer-workspace/external/agentic-design-pam4-driver-ihp130/report/work/c/signoff/lvs/dut_pam4.lvsdb
2026-08-18 11:32:10 -0400: Memory Usage (413648K) : Evaluate switches.
2026-08-18 11:32:10 -0400: Memory Usage (413648K) : Extracted netlist with net names: true
2026-08-18 11:32:10 -0400: Memory Usage (413648K) : Extracted netlist with comments in details: false
2026-08-18 11:32:10 -0400: Memory Usage (413648K) : Selected NET_ONLY option: false
2026-08-18 11:32:10 -0400: Memory Usage (413648K) : Selected ALLOW_UNMATCHED_PORTS option: false
2026-08-18 11:32:10 -0400: Memory Usage (413648K) : Selected TOP_LVL_PINS option: false
2026-08-18 11:32:10 -0400: Memory Usage (413648K) : Selected COMBINE DEVICES option: false
2026-08-18 11:32:10 -0400: Memory Usage (413648K) : Selected PURGE option: false
2026-08-18 11:32:10 -0400: Memory Usage (413648K) : Selected PURGE_NETS option: false
2026-08-18 11:32:10 -0400: Memory Usage (413648K) : Selected SIMPLIFY option: true
2026-08-18 11:32:10 -0400: Memory Usage (413648K) : Selected SERIES_RES option: true
2026-08-18 11:32:10 -0400: Memory Usage (413648K) : Selected PARALLEL_RES option: true
2026-08-18 11:32:10 -0400: Memory Usage (413648K) : Verbose mode: false
2026-08-18 11:32:10 -0400: Memory Usage (413648K) : deep  mode is enabled.
2026-08-18 11:32:10 -0400: Memory Usage (413648K) : Netlist file: /home/noorizad/spicexplorer-workspace/external/agentic-design-pam4-driver-ihp130/report/work/c/dut_pam4_lvs.spice
2026-08-18 11:32:10 -0400: Memory Usage (413648K) : LVS extracted netlist at: /home/noorizad/spicexplorer-workspace/external/agentic-design-pam4-driver-ihp130/report/work/c/signoff/lvs/dut_pam4_extracted.cir
2026-08-18 11:32:10 -0400: Memory Usage (413648K) : Read in polygons from layers.
2026-08-18 11:32:10 -0400: Memory Usage (413648K) : activ_drw has 68 polygons
2026-08-18 11:32:10 -0400: Memory Usage (413648K) : activ_filler has 0 polygons
2026-08-18 11:32:10 -0400: Memory Usage (413648K) : activ has 68 polygons
2026-08-18 11:32:10 -0400: Memory Usage (413648K) : activ_pin has 0 polygons
2026-08-18 11:32:10 -0400: Memory Usage (413648K) : activ_mask has 12 polygons
2026-08-18 11:32:10 -0400: Memory Usage (413648K) : activ_nofill has 0 polygons
2026-08-18 11:32:10 -0400: Memory Usage (413648K) : activ_OPC has 0 polygons
2026-08-18 11:32:10 -0400: Memory Usage (413648K) : activ_iOPC has 0 polygons
2026-08-18 11:32:10 -0400: Memory Usage (413648K) : activ_noqrc has 0 polygons
2026-08-18 11:32:10 -0400: Memory Usage (413648K) : biwind_drw has 0 polygons
2026-08-18 11:32:10 -0400: Memory Usage (413648K) : biwind_OPC has 0 polygons
2026-08-18 11:32:10 -0400: Memory Usage (413648K) : gatpoly_drw has 24 polygons
2026-08-18 11:32:10 -0400: Memory Usage (413648K) : gatpoly_filler has 0 polygons
2026-08-18 11:32:10 -0400: Memory Usage (413648K) : gatpoly has 24 polygons
2026-08-18 11:32:10 -0400: Memory Usage (416772K) : gatpoly_pin has 0 polygons
2026-08-18 11:32:10 -0400: Memory Usage (416772K) : gatpoly_nofill has 0 polygons
2026-08-18 11:32:10 -0400: Memory Usage (416772K) : gatpoly_OPC has 0 polygons
2026-08-18 11:32:10 -0400: Memory Usage (416772K) : gatpoly_iOPC has 0 polygons
2026-08-18 11:32:10 -0400: Memory Usage (416772K) : gatpoly_noqrc has 0 polygons
2026-08-18 11:32:10 -0400: Memory Usage (416772K) : cont_drw has 950 polygons
2026-08-18 11:32:10 -0400: Memory Usage (417156K) : cont_OPC has 0 polygons
2026-08-18 11:32:10 -0400: Memory Usage (417156K) : nsd_drw has 0 polygons
2026-08-18 11:32:10 -0400: Memory Usage (417156K) : nsd_block has 24 polygons
2026-08-18 11:32:10 -0400: Memory Usage (417420K) : metal1_drw has 94 polygons
2026-08-18 11:32:10 -0400: Memory Usage (417420K) : metal1_filler has 0 polygons
2026-08-18 11:32:10 -0400: Memory Usage (417420K) : metal1_slit has 0 polygons
2026-08-18 11:32:10 -0400: Memory Usage (417420K) : metal1 has 94 polygons
2026-08-18 11:32:10 -0400: Memory Usage (417420K) : metal1_pin has 48 polygons
2026-08-18 11:32:10 -0400: Memory Usage (417684K) : metal1_mask has 0 polygons
2026-08-18 11:32:10 -0400: Memory Usage (417684K) : metal1_nofill has 0 polygons
2026-08-18 11:32:10 -0400: Memory Usage (417684K) : metal1_text has 6 polygons
2026-08-18 11:32:10 -0400: Memory Usage (417684K) : metal1_OPC has 0 polygons
2026-08-18 11:32:10 -0400: Memory Usage (417684K) : metal1_noqrc has 0 polygons
2026-08-18 11:32:10 -0400: Memory Usage (417684K) : metal1_res has 0 polygons
2026-08-18 11:32:10 -0400: Memory Usage (417684K) : metal1_iprobe has 0 polygons
2026-08-18 11:32:10 -0400: Memory Usage (417684K) : metal1_diffprb has 0 polygons
2026-08-18 11:32:10 -0400: Memory Usage (418188K) : passiv_drw has 0 polygons
2026-08-18 11:32:10 -0400: Memory Usage (418188K) : passiv_pin has 0 polygons
2026-08-18 11:32:10 -0400: Memory Usage (418188K) : passiv_sbump has 0 polygons
2026-08-18 11:32:10 -0400: Memory Usage (418188K) : passiv_pillar has 0 polygons
2026-08-18 11:32:10 -0400: Memory Usage (418452K) : passiv_pdl has 0 polygons
2026-08-18 11:32:10 -0400: Memory Usage (418452K) : metal2_drw has 44 polygons
2026-08-18 11:32:10 -0400: Memory Usage (418452K) : metal2_filler has 0 polygons
2026-08-18 11:32:10 -0400: Memory Usage (418452K) : metal2_slit has 0 polygons
2026-08-18 11:32:10 -0400: Memory Usage (418716K) : metal2 has 44 polygons
2026-08-18 11:32:10 -0400: Memory Usage (418716K) : metal2_pin has 12 polygons
2026-08-18 11:32:10 -0400: Memory Usage (418716K) : metal2_mask has 0 polygons
2026-08-18 11:32:10 -0400: Memory Usage (418980K) : metal2_nofill has 0 polygons
2026-08-18 11:32:10 -0400: Memory Usage (418980K) : metal2_text has 0 polygons
2026-08-18 11:32:10 -0400: Memory Usage (418980K) : metal2_OPC has 0 polygons
2026-08-18 11:32:10 -0400: Memory Usage (418980K) : metal2_noqrc has 0 polygons
2026-08-18 11:32:10 -0400: Memory Usage (419244K) : metal2_res has 0 polygons
2026-08-18 11:32:10 -0400: Memory Usage (419244K) : metal2_iprobe has 0 polygons
2026-08-18 11:32:10 -0400: Memory Usage (419244K) : metal2_diffprb has 0 polygons
2026-08-18 11:32:10 -0400: Memory Usage (419244K) : baspoly_drw has 0 polygons
2026-08-18 11:32:10 -0400: Memory Usage (419508K) : baspoly_pin has 0 polygons
2026-08-18 11:32:10 -0400: Memory Usage (419508K) : psd_drw has 20 polygons
2026-08-18 11:32:10 -0400: Memory Usage (419508K) : nldb_drw has 0 polygons
2026-08-18 11:32:10 -0400: Memory Usage (419508K) : digibnd_drw has 0 polygons
2026-08-18 11:32:10 -0400: Memory Usage (419772K) : via1_drw has 504 polygons
2026-08-18 11:32:10 -0400: Memory Usage (419772K) : backmetal1_drw has 0 polygons
2026-08-18 11:32:10 -0400: Memory Usage (419772K) : backmetal1_pin has 0 polygons
2026-08-18 11:32:10 -0400: Memory Usage (419772K) : backmetal1_mask has 0 polygons
2026-08-18 11:32:10 -0400: Memory Usage (420096K) : backmetal1_filler has 0 polygons
2026-08-18 11:32:10 -0400: Memory Usage (420096K) : backmetal1_nofill has 0 polygons
2026-08-18 11:32:10 -0400: Memory Usage (420096K) : backmetal1_slit has 0 polygons
2026-08-18 11:32:10 -0400: Memory Usage (420096K) : backmetal1_text has 0 polygons
2026-08-18 11:32:10 -0400: Memory Usage (420096K) : backmetal1_OPC has 0 polygons
2026-08-18 11:32:10 -0400: Memory Usage (420096K) : backmetal1_noqrc has 0 polygons
2026-08-18 11:32:10 -0400: Memory Usage (420096K) : backmetal1_res has 0 polygons
2026-08-18 11:32:10 -0400: Memory Usage (420360K) : backmetal1_iprobe has 0 polygons
2026-08-18 11:32:10 -0400: Memory Usage (420360K) : backmetal1_diffprb has 0 polygons
2026-08-18 11:32:10 -0400: Memory Usage (420360K) : backpassiv_drw has 0 polygons
2026-08-18 11:32:10 -0400: Memory Usage (420360K) : res_drw has 12 polygons
2026-08-18 11:32:10 -0400: Memory Usage (420624K) : sram_drw has 0 polygons
2026-08-18 11:32:10 -0400: Memory Usage (420624K) : trans_drw has 12 polygons
2026-08-18 11:32:10 -0400: Memory Usage (420624K) : ind_drw has 0 polygons
2026-08-18 11:32:10 -0400: Memory Usage (420624K) : ind_pin has 0 polygons
2026-08-18 11:32:10 -0400: Memory Usage (420888K) : ind_text has 0 polygons
2026-08-18 11:32:10 -0400: Memory Usage (420888K) : salblock_drw has 0 polygons
2026-08-18 11:32:10 -0400: Memory Usage (420888K) : via2_drw has 200 polygons
2026-08-18 11:32:10 -0400: Memory Usage (420888K) : metal3_drw has 28 polygons
2026-08-18 11:32:10 -0400: Memory Usage (421152K) : metal3_filler has 0 polygons
2026-08-18 11:32:10 -0400: Memory Usage (421152K) : metal3_slit has 0 polygons
2026-08-18 11:32:10 -0400: Memory Usage (421152K) : metal3 has 28 polygons
2026-08-18 11:32:10 -0400: Memory Usage (421416K) : metal3_pin has 0 polygons
2026-08-18 11:32:10 -0400: Memory Usage (421416K) : metal3_mask has 0 polygons
2026-08-18 11:32:10 -0400: Memory Usage (421416K) : metal3_nofill has 0 polygons
2026-08-18 11:32:10 -0400: Memory Usage (421416K) : metal3_text has 0 polygons
2026-08-18 11:32:10 -0400: Memory Usage (421416K) : metal3_OPC has 0 polygons
2026-08-18 11:32:10 -0400: Memory Usage (421680K) : metal3_noqrc has 0 polygons
2026-08-18 11:32:10 -0400: Memory Usage (421680K) : metal3_res has 0 polygons
2026-08-18 11:32:10 -0400: Memory Usage (421680K) : metal3_iprobe has 0 polygons
2026-08-18 11:32:10 -0400: Memory Usage (421944K) : metal3_diffprb has 0 polygons
2026-08-18 11:32:10 -0400: Memory Usage (421944K) : nwell_drw has 0 polygons
2026-08-18 11:32:10 -0400: Memory Usage (421944K) : nwell_pin has 0 polygons
2026-08-18 11:32:10 -0400: Memory Usage (421944K) : nbulay_drw has 0 polygons
2026-08-18 11:32:10 -0400: Memory Usage (421944K) : nbulay_pin has 0 polygons
2026-08-18 11:32:10 -0400: Memory Usage (422208K) : nbulay_block has 0 polygons
2026-08-18 11:32:10 -0400: Memory Usage (422208K) : emwind_drw has 36 polygons
2026-08-18 11:32:10 -0400: Memory Usage (422208K) : emwind_OPC has 0 polygons
2026-08-18 11:32:10 -0400: Memory Usage (422472K) : deepco_drw has 0 polygons
2026-08-18 11:32:10 -0400: Memory Usage (422472K) : mim_drw has 3 polygons
2026-08-18 11:32:10 -0400: Memory Usage (422472K) : edgeseal_drw has 0 polygons
2026-08-18 11:32:10 -0400: Memory Usage (422472K) : substrate_drw has 0 polygons
2026-08-18 11:32:10 -0400: Memory Usage (422736K) : substrate_text has 0 polygons
2026-08-18 11:32:10 -0400: Memory Usage (422736K) : dfpad_drw has 0 polygons
2026-08-18 11:32:10 -0400: Memory Usage (422736K) : dfpad_pillar has 0 polygons
2026-08-18 11:32:10 -0400: Memory Usage (422736K) : dfpad_sbump has 0 polygons
2026-08-18 11:32:10 -0400: Memory Usage (422736K) : thickgateox_drw has 0 polygons
2026-08-18 11:32:10 -0400: Memory Usage (423000K) : pldb_drw has 0 polygons
2026-08-18 11:32:10 -0400: Memory Usage (423000K) : pwell_drw has 0 polygons
2026-08-18 11:32:10 -0400: Memory Usage (423000K) : pwell_pin has 0 polygons
2026-08-18 11:32:10 -0400: Memory Usage (423000K) : pwell_block has 0 polygons
2026-08-18 11:32:10 -0400: Memory Usage (423264K) : ic_drw has 0 polygons
2026-08-18 11:32:10 -0400: Memory Usage (423264K) : via3_drw has 184 polygons
2026-08-18 11:32:10 -0400: Memory Usage (423264K) : metal4_drw has 24 polygons
2026-08-18 11:32:10 -0400: Memory Usage (423264K) : metal4_filler has 0 polygons
2026-08-18 11:32:10 -0400: Memory Usage (423528K) : metal4_slit has 0 polygons
2026-08-18 11:32:10 -0400: Memory Usage (423528K) : metal4 has 24 polygons
2026-08-18 11:32:10 -0400: Memory Usage (423528K) : metal4_pin has 0 polygons
2026-08-18 11:32:10 -0400: Memory Usage (423792K) : metal4_mask has 0 polygons
2026-08-18 11:32:10 -0400: Memory Usage (423792K) : metal4_nofill has 3 polygons
2026-08-18 11:32:10 -0400: Memory Usage (423792K) : metal4_text has 4 polygons
2026-08-18 11:32:10 -0400: Memory Usage (423792K) : metal4_OPC has 0 polygons
2026-08-18 11:32:10 -0400: Memory Usage (424056K) : metal4_noqrc has 0 polygons
2026-08-18 11:32:10 -0400: Memory Usage (424056K) : metal4_res has 0 polygons
2026-08-18 11:32:10 -0400: Memory Usage (424056K) : metal4_iprobe has 0 polygons
2026-08-18 11:32:10 -0400: Memory Usage (424056K) : metal4_diffprb has 0 polygons
2026-08-18 11:32:10 -0400: Memory Usage (424320K) : heattrans_drw has 0 polygons
2026-08-18 11:32:10 -0400: Memory Usage (424320K) : heatres_drw has 12 polygons
2026-08-18 11:32:10 -0400: Memory Usage (424320K) : fbe_drw has 0 polygons
2026-08-18 11:32:10 -0400: Memory Usage (424320K) : empoly_drw has 0 polygons
2026-08-18 11:32:10 -0400: Memory Usage (424584K) : digisub_drw has 0 polygons
2026-08-18 11:32:10 -0400: Memory Usage (424584K) : text_drw has 72 polygons
2026-08-18 11:32:10 -0400: Memory Usage (424584K) : via4_drw has 144 polygons
2026-08-18 11:32:10 -0400: Memory Usage (424584K) : metal5_drw has 16 polygons
2026-08-18 11:32:10 -0400: Memory Usage (424848K) : metal5_filler has 0 polygons
2026-08-18 11:32:10 -0400: Memory Usage (424848K) : metal5_slit has 0 polygons
2026-08-18 11:32:10 -0400: Memory Usage (424848K) : metal5 has 16 polygons
2026-08-18 11:32:10 -0400: Memory Usage (425112K) : metal5_pin has 3 polygons
2026-08-18 11:32:10 -0400: Memory Usage (425112K) : metal5_mask has 0 polygons
2026-08-18 11:32:10 -0400: Memory Usage (425112K) : metal5_nofill has 3 polygons
2026-08-18 11:32:10 -0400: Memory Usage (425112K) : metal5_text has 0 polygons
2026-08-18 11:32:10 -0400: Memory Usage (425376K) : metal5_OPC has 0 polygons
2026-08-18 11:32:10 -0400: Memory Usage (425376K) : metal5_noqrc has 0 polygons
2026-08-18 11:32:10 -0400: Memory Usage (425376K) : metal5_res has 0 polygons
2026-08-18 11:32:10 -0400: Memory Usage (425376K) : metal5_iprobe has 0 polygons
2026-08-18 11:32:10 -0400: Memory Usage (425640K) : metal5_diffprb has 0 polygons
2026-08-18 11:32:10 -0400: Memory Usage (425640K) : radhard_drw has 0 polygons
2026-08-18 11:32:10 -0400: Memory Usage (425640K) : memcap_drw has 3 polygons
2026-08-18 11:32:10 -0400: Memory Usage (425904K) : varicap_drw has 0 polygons
2026-08-18 11:32:10 -0400: Memory Usage (425904K) : intbondvia_drw has 0 polygons
2026-08-18 11:32:10 -0400: Memory Usage (425904K) : intbondmet_drw has 0 polygons
2026-08-18 11:32:10 -0400: Memory Usage (425904K) : devbondvia_drw has 0 polygons
2026-08-18 11:32:10 -0400: Memory Usage (426168K) : devbondmet_drw has 0 polygons
2026-08-18 11:32:10 -0400: Memory Usage (426168K) : devtrench_drw has 0 polygons
2026-08-18 11:32:10 -0400: Memory Usage (426168K) : redist_drw has 0 polygons
2026-08-18 11:32:10 -0400: Memory Usage (426168K) : graphbot_drw has 0 polygons
2026-08-18 11:32:10 -0400: Memory Usage (426432K) : graphtop_drw has 0 polygons
2026-08-18 11:32:10 -0400: Memory Usage (426432K) : antvia1_drw has 0 polygons
2026-08-18 11:32:10 -0400: Memory Usage (426432K) : antmetal2_drw has 0 polygons
2026-08-18 11:32:10 -0400: Memory Usage (426432K) : graphcont_drw has 0 polygons
2026-08-18 11:32:10 -0400: Memory Usage (426432K) : siwg_drw has 0 polygons
2026-08-18 11:32:10 -0400: Memory Usage (426432K) : siwg_filler has 0 polygons
2026-08-18 11:32:10 -0400: Memory Usage (426696K) : siwg_nofill has 0 polygons
2026-08-18 11:32:10 -0400: Memory Usage (426696K) : sigrating_drw has 0 polygons
2026-08-18 11:32:10 -0400: Memory Usage (426696K) : singrating_drw has 0 polygons
2026-08-18 11:32:10 -0400: Memory Usage (426696K) : graphpas_drw has 0 polygons
2026-08-18 11:32:10 -0400: Memory Usage (426960K) : emwind3_drw has 0 polygons
2026-08-18 11:32:10 -0400: Memory Usage (426960K) : emwihv3_drw has 0 polygons
2026-08-18 11:32:10 -0400: Memory Usage (426960K) : redbulay_drw has 0 polygons
2026-08-18 11:32:10 -0400: Memory Usage (426960K) : smos_drw has 0 polygons
2026-08-18 11:32:10 -0400: Memory Usage (427224K) : graphpad_drw has 0 polygons
2026-08-18 11:32:10 -0400: Memory Usage (427224K) : polimide_drw has 0 polygons
2026-08-18 11:32:10 -0400: Memory Usage (427224K) : polimide_pin has 0 polygons
2026-08-18 11:32:10 -0400: Memory Usage (427224K) : recog_drw has 0 polygons
2026-08-18 11:32:10 -0400: Memory Usage (427488K) : recog_pin has 0 polygons
2026-08-18 11:32:10 -0400: Memory Usage (427488K) : recog_esd has 0 polygons
2026-08-18 11:32:10 -0400: Memory Usage (427488K) : recog_diode has 0 polygons
2026-08-18 11:32:10 -0400: Memory Usage (427488K) : recog_tsv has 0 polygons
2026-08-18 11:32:10 -0400: Memory Usage (427752K) : recog_iprobe has 0 polygons
2026-08-18 11:32:10 -0400: Memory Usage (427752K) : recog_diffprb has 0 polygons
2026-08-18 11:32:10 -0400: Memory Usage (427752K) : recog_pillar has 0 polygons
2026-08-18 11:32:10 -0400: Memory Usage (427752K) : recog_sbump has 0 polygons
2026-08-18 11:32:10 -0400: Memory Usage (428016K) : recog_otp has 0 polygons
2026-08-18 11:32:10 -0400: Memory Usage (428016K) : recog_pdiode has 0 polygons
2026-08-18 11:32:10 -0400: Memory Usage (428016K) : recog_mom has 0 polygons
2026-08-18 11:32:10 -0400: Memory Usage (428280K) : recog_pcm has 0 polygons
2026-08-18 11:32:10 -0400: Memory Usage (428280K) : colopen_drw has 0 polygons
2026-08-18 11:32:10 -0400: Memory Usage (428280K) : graphmetal1_drw has 0 polygons
2026-08-18 11:32:10 -0400: Memory Usage (428280K) : graphmetal1_filler has 0 polygons
2026-08-18 11:32:10 -0400: Memory Usage (428280K) : graphmetal1_nofill has 0 polygons
2026-08-18 11:32:10 -0400: Memory Usage (428544K) : graphmetal1_slit has 0 polygons
2026-08-18 11:32:10 -0400: Memory Usage (428544K) : graphmetal1_OPC has 0 polygons
2026-08-18 11:32:10 -0400: Memory Usage (428544K) : graphmet1l_drw has 0 polygons
2026-08-18 11:32:10 -0400: Memory Usage (428544K) : graphmet1l_filler has 0 polygons
2026-08-18 11:32:10 -0400: Memory Usage (428808K) : graphmet1l_nofill has 0 polygons
2026-08-18 11:32:10 -0400: Memory Usage (428808K) : graphmet1l_slit has 0 polygons
2026-08-18 11:32:10 -0400: Memory Usage (428808K) : graphmet1l_OPC has 0 polygons
2026-08-18 11:32:10 -0400: Memory Usage (428808K) : extblock_drw has 12 polygons
2026-08-18 11:32:10 -0400: Memory Usage (429072K) : nldd_drw has 0 polygons
2026-08-18 11:32:10 -0400: Memory Usage (429072K) : pldd_drw has 0 polygons
2026-08-18 11:32:10 -0400: Memory Usage (429072K) : next_drw has 0 polygons
2026-08-18 11:32:10 -0400: Memory Usage (429072K) : pext_drw has 0 polygons
2026-08-18 11:32:10 -0400: Memory Usage (429336K) : nexthv_drw has 0 polygons
2026-08-18 11:32:10 -0400: Memory Usage (429336K) : pexthv_drw has 0 polygons
2026-08-18 11:32:10 -0400: Memory Usage (429336K) : graphgate_drw has 0 polygons
2026-08-18 11:32:10 -0400: Memory Usage (429336K) : sinwg_drw has 0 polygons
2026-08-18 11:32:10 -0400: Memory Usage (429600K) : sinwg_filler has 0 polygons
2026-08-18 11:32:10 -0400: Memory Usage (429600K) : sinwg_nofill has 0 polygons
2026-08-18 11:32:10 -0400: Memory Usage (429600K) : mempad_drw has 0 polygons
2026-08-18 11:32:10 -0400: Memory Usage (429600K) : topvia1_drw has 13 polygons
2026-08-18 11:32:10 -0400: Memory Usage (429864K) : topmetal1_drw has 11 polygons
2026-08-18 11:32:10 -0400: Memory Usage (429864K) : topmetal1_filler has 0 polygons
2026-08-18 11:32:10 -0400: Memory Usage (429864K) : topmetal1_slit has 0 polygons
2026-08-18 11:32:10 -0400: Memory Usage (430128K) : topmetal1 has 11 polygons
2026-08-18 11:32:10 -0400: Memory Usage (430128K) : topmetal1_pin has 3 polygons
2026-08-18 11:32:10 -0400: Memory Usage (430128K) : topmetal1_mask has 0 polygons
2026-08-18 11:32:10 -0400: Memory Usage (430128K) : topmetal1_nofill has 3 polygons
2026-08-18 11:32:10 -0400: Memory Usage (430392K) : topmetal1_text has 2 polygons
2026-08-18 11:32:10 -0400: Memory Usage (430392K) : topmetal1_noqrc has 0 polygons
2026-08-18 11:32:10 -0400: Memory Usage (430392K) : topmetal1_res has 0 polygons
2026-08-18 11:32:10 -0400: Memory Usage (430392K) : topmetal1_iprobe has 0 polygons
2026-08-18 11:32:10 -0400: Memory Usage (430392K) : topmetal1_diffprb has 0 polygons
2026-08-18 11:32:10 -0400: Memory Usage (430392K) : inldpwl_drw has 0 polygons
2026-08-18 11:32:10 -0400: Memory Usage (430392K) : polyres_drw has 12 polygons
2026-08-18 11:32:10 -0400: Memory Usage (430392K) : polyres_pin has 0 polygons
2026-08-18 11:32:10 -0400: Memory Usage (430392K) : vmim_drw has 12 polygons
2026-08-18 11:32:10 -0400: Memory Usage (430392K) : nbulaycut_drw has 0 polygons
2026-08-18 11:32:10 -0400: Memory Usage (430392K) : antmetal1_drw has 0 polygons
2026-08-18 11:32:10 -0400: Memory Usage (430392K) : topvia2_drw has 2 polygons
2026-08-18 11:32:10 -0400: Memory Usage (430392K) : topmetal2_drw has 1 polygons
2026-08-18 11:32:10 -0400: Memory Usage (430392K) : topmetal2_filler has 0 polygons
2026-08-18 11:32:10 -0400: Memory Usage (430392K) : topmetal2_slit has 0 polygons
2026-08-18 11:32:10 -0400: Memory Usage (430392K) : topmetal2 has 1 polygons
2026-08-18 11:32:10 -0400: Memory Usage (430392K) : topmetal2_pin has 0 polygons
2026-08-18 11:32:10 -0400: Memory Usage (430392K) : topmetal2_mask has 0 polygons
2026-08-18 11:32:10 -0400: Memory Usage (430392K) : topmetal2_nofill has 3 polygons
2026-08-18 11:32:10 -0400: Memory Usage (430392K) : topmetal2_text has 1 polygons
2026-08-18 11:32:10 -0400: Memory Usage (430392K) : topmetal2_noqrc has 0 polygons
2026-08-18 11:32:10 -0400: Memory Usage (430392K) : topmetal2_res has 0 polygons
2026-08-18 11:32:10 -0400: Memory Usage (430392K) : topmetal2_iprobe has 0 polygons
2026-08-18 11:32:10 -0400: Memory Usage (430392K) : topmetal2_diffprb has 0 polygons
2026-08-18 11:32:10 -0400: Memory Usage (430392K) : snsring_drw has 0 polygons
2026-08-18 11:32:10 -0400: Memory Usage (430392K) : sensor_drw has 0 polygons
2026-08-18 11:32:10 -0400: Memory Usage (430392K) : snsarms_drw has 0 polygons
2026-08-18 11:32:10 -0400: Memory Usage (430392K) : snscmosvia_drw has 0 polygons
2026-08-18 11:32:10 -0400: Memory Usage (430392K) : colwind_drw has 0 polygons
2026-08-18 11:32:10 -0400: Memory Usage (430392K) : flm_drw has 0 polygons
2026-08-18 11:32:10 -0400: Memory Usage (430392K) : hafniumox_drw has 0 polygons
2026-08-18 11:32:10 -0400: Memory Usage (430392K) : memvia_drw has 0 polygons
2026-08-18 11:32:10 -0400: Memory Usage (430392K) : thinfilmres_drw has 0 polygons
2026-08-18 11:32:10 -0400: Memory Usage (430392K) : rfmem_drw has 0 polygons
2026-08-18 11:32:10 -0400: Memory Usage (430392K) : norcx_drw has 0 polygons
2026-08-18 11:32:10 -0400: Memory Usage (430392K) : norcx_m2m3 has 0 polygons
2026-08-18 11:32:10 -0400: Memory Usage (430392K) : norcx_m2m4 has 0 polygons
2026-08-18 11:32:10 -0400: Memory Usage (430392K) : norcx_m2m5 has 0 polygons
2026-08-18 11:32:10 -0400: Memory Usage (430392K) : norcx_m2tm1 has 0 polygons
2026-08-18 11:32:10 -0400: Memory Usage (430392K) : norcx_m2tm2 has 0 polygons
2026-08-18 11:32:10 -0400: Memory Usage (430392K) : norcx_m3m4 has 0 polygons
2026-08-18 11:32:10 -0400: Memory Usage (430392K) : norcx_m3m5 has 0 polygons
2026-08-18 11:32:10 -0400: Memory Usage (430392K) : norcx_m3tm1 has 0 polygons
2026-08-18 11:32:10 -0400: Memory Usage (430392K) : norcx_m3tm2 has 0 polygons
2026-08-18 11:32:10 -0400: Memory Usage (430392K) : norcx_m4m5 has 0 polygons
2026-08-18 11:32:10 -0400: Memory Usage (430392K) : norcx_m4tm1 has 0 polygons
2026-08-18 11:32:10 -0400: Memory Usage (430392K) : norcx_m4tm2 has 0 polygons
2026-08-18 11:32:10 -0400: Memory Usage (430392K) : norcx_m5tm1 has 0 polygons
2026-08-18 11:32:10 -0400: Memory Usage (430392K) : norcx_m5tm2 has 0 polygons
2026-08-18 11:32:10 -0400: Memory Usage (430392K) : norcx_tm1tm2 has 0 polygons
2026-08-18 11:32:10 -0400: Memory Usage (430392K) : norcx_m1sub has 0 polygons
2026-08-18 11:32:10 -0400: Memory Usage (430392K) : norcx_m2sub has 0 polygons
2026-08-18 11:32:10 -0400: Memory Usage (430392K) : norcx_m3sub has 0 polygons
2026-08-18 11:32:10 -0400: Memory Usage (430392K) : norcx_m4sub has 0 polygons
2026-08-18 11:32:10 -0400: Memory Usage (430392K) : norcx_m5sub has 0 polygons
2026-08-18 11:32:10 -0400: Memory Usage (430392K) : norcx_tm1sub has 0 polygons
2026-08-18 11:32:10 -0400: Memory Usage (430392K) : norcx_tm2sub has 0 polygons
2026-08-18 11:32:10 -0400: Memory Usage (430392K) : snsbotvia_drw has 0 polygons
2026-08-18 11:32:10 -0400: Memory Usage (430392K) : snstopvia_drw has 0 polygons
2026-08-18 11:32:10 -0400: Memory Usage (430392K) : deepvia_drw has 0 polygons
2026-08-18 11:32:10 -0400: Memory Usage (430392K) : fgetch_drw has 0 polygons
2026-08-18 11:32:10 -0400: Memory Usage (430392K) : ctrgat_drw has 0 polygons
2026-08-18 11:32:10 -0400: Memory Usage (430392K) : fgimp_drw has 0 polygons
2026-08-18 11:32:10 -0400: Memory Usage (430392K) : emwihv_drw has 0 polygons
2026-08-18 11:32:10 -0400: Memory Usage (430392K) : lbe_drw has 0 polygons
2026-08-18 11:32:10 -0400: Memory Usage (430392K) : alcustop_drw has 0 polygons
2026-08-18 11:32:10 -0400: Memory Usage (430392K) : nometfiller_drw has 0 polygons
2026-08-18 11:32:10 -0400: Memory Usage (430392K) : prboundary_drw has 0 polygons
2026-08-18 11:32:10 -0400: Memory Usage (430392K) : exchange0_drw has 0 polygons
2026-08-18 11:32:10 -0400: Memory Usage (430392K) : exchange0_pin has 0 polygons
2026-08-18 11:32:10 -0400: Memory Usage (430392K) : exchange0_text has 0 polygons
2026-08-18 11:32:10 -0400: Memory Usage (430392K) : exchange1_drw has 0 polygons
2026-08-18 11:32:10 -0400: Memory Usage (430392K) : exchange1_pin has 0 polygons
2026-08-18 11:32:10 -0400: Memory Usage (430392K) : exchange1_text has 0 polygons
2026-08-18 11:32:10 -0400: Memory Usage (430392K) : exchange2_drw has 0 polygons
2026-08-18 11:32:10 -0400: Memory Usage (430392K) : exchange2_pin has 0 polygons
2026-08-18 11:32:10 -0400: Memory Usage (430392K) : exchange2_text has 0 polygons
2026-08-18 11:32:10 -0400: Memory Usage (430392K) : exchange3_drw has 0 polygons
2026-08-18 11:32:10 -0400: Memory Usage (430392K) : exchange3_pin has 0 polygons
2026-08-18 11:32:10 -0400: Memory Usage (430392K) : exchange3_text has 0 polygons
2026-08-18 11:32:10 -0400: Memory Usage (430392K) : exchange4_drw has 0 polygons
2026-08-18 11:32:10 -0400: Memory Usage (430392K) : exchange4_pin has 0 polygons
2026-08-18 11:32:10 -0400: Memory Usage (430392K) : exchange4_text has 0 polygons
2026-08-18 11:32:10 -0400: Memory Usage (430392K) : isonwell_drw has 0 polygons
2026-08-18 11:32:10 -0400: Memory Usage (430392K) : Total no. of polygons in the design is 2640
2026-08-18 11:32:10 -0400: Memory Usage (430392K) : Starting SG13G2 LVS runset
2026-08-18 11:32:10 -0400: Memory Usage (430392K) : Starting base layers derivations
2026-08-18 11:32:10 -0400: Memory Usage (430392K) : Starting general LVS derivations
2026-08-18 11:32:11 -0400: Memory Usage (431300K) : Starting MOSFET DERIVATIONS
2026-08-18 11:32:11 -0400: Memory Usage (431836K) : Starting NMOS DERIVATIONS
2026-08-18 11:32:11 -0400: Memory Usage (431836K) : Starting PMOS DERIVATIONS
2026-08-18 11:32:11 -0400: Memory Usage (431836K) : Starting RF-MOSFET DERIVATIONS
2026-08-18 11:32:11 -0400: Memory Usage (431836K) : Starting RF-NMOS DERIVATIONS
2026-08-18 11:32:11 -0400: Memory Usage (431836K) : Starting RF-PMOS DERIVATIONS
2026-08-18 11:32:11 -0400: Memory Usage (431836K) : Starting BJT DERIVATIONS
2026-08-18 11:32:11 -0400: Memory Usage (431836K) : Starting NPN-BJT DERIVATIONS
2026-08-18 11:32:11 -0400: Memory Usage (431900K) : Starting PNP-BJT DERIVATIONS
2026-08-18 11:32:11 -0400: Memory Usage (431900K) : Starting DIODE DERIVATIONS
2026-08-18 11:32:11 -0400: Memory Usage (431900K) : Starting RESISTOR DERIVATIONS
2026-08-18 11:32:11 -0400: Memory Usage (432092K) : Starting CAP DERIVATIONS
2026-08-18 11:32:11 -0400: Memory Usage (432092K) : Starting ESD DERIVATIONS
2026-08-18 11:32:12 -0400: Memory Usage (432092K) : Starting Inductor DERIVATIONS
2026-08-18 11:32:12 -0400: Memory Usage (432092K) : Starting Taps DERIVATIONS
2026-08-18 11:32:12 -0400: Memory Usage (432092K) : Starting SG13G2 LVS connectivity setup
2026-08-18 11:32:12 -0400: Memory Usage (432092K) : Starting SG13G2 LVS connectivity setup (Inter-layer)
2026-08-18 11:32:12 -0400: Memory Usage (434268K) : Starting SG13G2 LVS connectivity setup (Global)
2026-08-18 11:32:12 -0400: Memory Usage (434268K) : Starting LVS MOSFET CONNECTIONS
2026-08-18 11:32:12 -0400: Memory Usage (434268K) : Starting LVS RF-MOSFET CONNECTIONS
2026-08-18 11:32:12 -0400: Memory Usage (434268K) : Starting LVS BJT CONNECTIONS
2026-08-18 11:32:12 -0400: Memory Usage (434268K) : Starting LVS DIODE CONNECTIONS
2026-08-18 11:32:12 -0400: Memory Usage (434268K) : Starting RESISTOR CONNECTIONS
2026-08-18 11:32:12 -0400: Memory Usage (434268K) : Starting LVS CAP CONNECTIONS
2026-08-18 11:32:12 -0400: Memory Usage (434268K) : Starting ESD CONNECTIONS
2026-08-18 11:32:12 -0400: Memory Usage (434268K) : Starting Inductor CONNECTIONS
2026-08-18 11:32:12 -0400: Memory Usage (434268K) : Starting LVS Taps CONNECTIONS
2026-08-18 11:32:12 -0400: Memory Usage (434268K) : Starting SG13G2 LVS DEVICES EXTRACTION
2026-08-18 11:32:12 -0400: Memory Usage (434268K) : Starting MOSFET EXTRACTION
2026-08-18 11:32:12 -0400: Memory Usage (434268K) : Starting NMOS EXTRACTION
2026-08-18 11:32:12 -0400: Memory Usage (434268K) : Extraction of NMOS-LV transistor
2026-08-18 11:32:12 -0400: Memory Usage (434268K) : Extraction of NMOS-HV transistor
2026-08-18 11:32:12 -0400: Memory Usage (434268K) : Starting PMOS EXTRACTION
2026-08-18 11:32:12 -0400: Memory Usage (434268K) : Extraction of PMOS-LV transistor
2026-08-18 11:32:12 -0400: Memory Usage (434268K) : Extraction of PMOS-HV transistor
2026-08-18 11:32:12 -0400: Memory Usage (434268K) : Starting RF-MOSFET EXTRACTION
2026-08-18 11:32:12 -0400: Memory Usage (434268K) : Extraction of RF-NMOS-LV transistor
2026-08-18 11:32:12 -0400: Memory Usage (434268K) : Extraction of RF-NMOS-HV transistor
2026-08-18 11:32:12 -0400: Memory Usage (434268K) : Extraction of RF-PMOS-LV transistor
2026-08-18 11:32:12 -0400: Memory Usage (434268K) : Extraction of RF-PMOS-HV transistor
2026-08-18 11:32:12 -0400: Memory Usage (434268K) : Starting BJT EXTRACTION
2026-08-18 11:32:12 -0400: Memory Usage (434268K) : Starting NPN-BJT EXTRACTION
2026-08-18 11:32:12 -0400: Memory Usage (434268K) : Extraction of npn13G2 BJT transistor
2026-08-18 11:32:12 -0400: Memory Usage (434268K) : Extraction of npn13G2L BJT transistor
2026-08-18 11:32:12 -0400: Memory Usage (434268K) : Extraction of npn13G2V BJT transistor
2026-08-18 11:32:12 -0400: Memory Usage (434268K) : Starting PNP-BJT EXTRACTION
2026-08-18 11:32:12 -0400: Memory Usage (434268K) : Extracting pnpMPA BJT
2026-08-18 11:32:12 -0400: Memory Usage (434268K) : Starting DIODE EXTRACTION
2026-08-18 11:32:12 -0400: Memory Usage (434268K) : Extracting dantenna diode
2026-08-18 11:32:12 -0400: Memory Usage (434268K) : Extracting dpantenna diode
2026-08-18 11:32:12 -0400: Memory Usage (434268K) : Extracting schottky_nbl1 diode
2026-08-18 11:32:12 -0400: Memory Usage (434268K) : Starting RESISTOR EXTRACTION
2026-08-18 11:32:12 -0400: Memory Usage (434268K) : Extracting rsil resistor
2026-08-18 11:32:12 -0400: Memory Usage (434400K) : Extracting rppd resistor
2026-08-18 11:32:12 -0400: Memory Usage (434400K) : Extracting rhigh resistor
2026-08-18 11:32:12 -0400: Memory Usage (434400K) : Extracting res_metal1 resistor
2026-08-18 11:32:12 -0400: Memory Usage (434400K) : Extracting res_metal2 resistor
2026-08-18 11:32:12 -0400: Memory Usage (434400K) : Extracting res_metal3 resistor
2026-08-18 11:32:12 -0400: Memory Usage (434400K) : Extracting res_metal4 resistor
2026-08-18 11:32:12 -0400: Memory Usage (434400K) : Extracting res_metal5 resistor
2026-08-18 11:32:12 -0400: Memory Usage (434400K) : Extracting res_topmetal1 resistor
2026-08-18 11:32:12 -0400: Memory Usage (434400K) : Extracting res_topmetal2 resistor
2026-08-18 11:32:12 -0400: Memory Usage (434400K) : Starting CAP EXTRACTION
2026-08-18 11:32:12 -0400: Memory Usage (434400K) : Extracting cap_cmim device
2026-08-18 11:32:12 -0400: Memory Usage (434400K) : Extracting rfcmim device
2026-08-18 11:32:12 -0400: Memory Usage (434400K) : Extracting sg13_hv_svaricap varactor
2026-08-18 11:32:12 -0400: Memory Usage (434400K) : Starting ESD EXTRACTION
2026-08-18 11:32:12 -0400: Memory Usage (434400K) : Extracting diodevdd_2kv ESD device
2026-08-18 11:32:12 -0400: Memory Usage (434400K) : Extracting diodevdd_4kv ESD device
2026-08-18 11:32:12 -0400: Memory Usage (434400K) : Extracting diodevss_2kv ESD device
2026-08-18 11:32:12 -0400: Memory Usage (434400K) : Extracting diodevss_4kv ESD device
2026-08-18 11:32:12 -0400: Memory Usage (434400K) : Extracting idiodevdd_2kv ESD device
2026-08-18 11:32:12 -0400: Memory Usage (434400K) : Extracting idiodevdd_4kv ESD device
2026-08-18 11:32:12 -0400: Memory Usage (434400K) : Extracting idiodevss_2kv ESD device
2026-08-18 11:32:12 -0400: Memory Usage (434400K) : Extracting idiodevss_4kv ESD device
2026-08-18 11:32:12 -0400: Memory Usage (434400K) : Extracting nmoscl_2 ESD device
2026-08-18 11:32:12 -0400: Memory Usage (434400K) : Extracting nmoscl_4 ESD device
2026-08-18 11:32:12 -0400: Memory Usage (434400K) : Starting Inductor EXTRACTION
2026-08-18 11:32:12 -0400: Memory Usage (434400K) : Extracting Inductor2 device
2026-08-18 11:32:12 -0400: Memory Usage (434400K) : Extracting Inductor3 device
2026-08-18 11:32:12 -0400: Memory Usage (434400K) : Starting Taps EXTRACTION
2026-08-18 11:32:12 -0400: Memory Usage (434400K) : Extracting ntap1 device
2026-08-18 11:32:12 -0400: Memory Usage (434400K) : Extracting ptap1 device
2026-08-18 11:32:12 -0400: Memory Usage (434400K) : Starting SG13G2 LVS Options Preparations
2026-08-18 11:32:12 -0400: Memory Usage (434400K) : Starting SG13G2 LVS Alignment
2026-08-18 11:32:12 -0400: Memory Usage (434400K) : Starting SG13G2 LVS Simplification
2026-08-18 11:32:12 -0400: Memory Usage (434400K) : Starting SG13G2 LVS Comparison with flag_missing_ports
2026-08-18 11:32:12 -0400: Memory Usage (434400K) : ==========================================
2026-08-18 11:32:12 -0400: Memory Usage (434400K) : INFO : Congratulations! Netlists match.
2026-08-18 11:32:12 -0400: Memory Usage (434400K) : ==========================================
2026-08-18 11:32:12 -0400: Memory Usage (434400K) : LVS Total Run time 2.208898 seconds
