# Logfile created on 2026-08-18 11:31:37 -0400 by logger.rb/61378
2026-08-18 11:31:37 -0400: Memory Usage (413860K) : Starting running IHP-SG13G2 Klayout DRC runset on /home/noorizad/spicexplorer-workspace/external/agentic-design-pam4-driver-ihp130/report/work/c/dut_pam4.gds
2026-08-18 11:31:37 -0400: Memory Usage (413860K) : Ruby Version for klayout: 2.5.9
2026-08-18 11:31:37 -0400: Memory Usage (413860K) : Loading database to memory is complete.
2026-08-18 11:31:37 -0400: Memory Usage (413860K) : IHP-SG13G2 Klayout DRC runset output at: /home/noorizad/spicexplorer-workspace/external/agentic-design-pam4-driver-ihp130/report/work/c/signoff/drc/dut_pam4_pam4drv_pam4_lay_main.lyrdb
2026-08-18 11:31:37 -0400: Memory Usage (413860K) : Evaluate switches.
2026-08-18 11:31:37 -0400: Memory Usage (413860K) : table_name selected  main
2026-08-18 11:31:37 -0400: Memory Usage (413860K) : Klayout will use 128 thread(s)
2026-08-18 11:31:37 -0400: Memory Usage (413860K) : deep mode is enabled for main table.
2026-08-18 11:31:37 -0400: Memory Usage (413860K) : FEOL enabled: true
2026-08-18 11:31:37 -0400: Memory Usage (413860K) : BEOL enabled: true
2026-08-18 11:31:37 -0400: Memory Usage (413860K) : OffGrid enabled: true
2026-08-18 11:31:37 -0400: Memory Usage (413860K) : PreCheck DRC enabled: false
2026-08-18 11:31:37 -0400: Memory Usage (413860K) : CONNECTIVITY_RULES enabled: true for table main
2026-08-18 11:31:37 -0400: Memory Usage (413860K) : Read in polygons from layers.
2026-08-18 11:31:37 -0400: Memory Usage (413860K) : activ_drw has 68 polygons
2026-08-18 11:31:37 -0400: Memory Usage (413860K) : activ_pin has 0 polygons
2026-08-18 11:31:37 -0400: Memory Usage (413860K) : activ_mask has 12 polygons
2026-08-18 11:31:37 -0400: Memory Usage (413860K) : activ_filler has 0 polygons
2026-08-18 11:31:37 -0400: Memory Usage (413860K) : activ_nofill has 0 polygons
2026-08-18 11:31:37 -0400: Memory Usage (413860K) : activ_opc has 0 polygons
2026-08-18 11:31:37 -0400: Memory Usage (413860K) : activ_iopc has 0 polygons
2026-08-18 11:31:37 -0400: Memory Usage (413860K) : activ_noqrc has 0 polygons
2026-08-18 11:31:37 -0400: Memory Usage (413860K) : biwind_drw has 0 polygons
2026-08-18 11:31:37 -0400: Memory Usage (413860K) : biwind_opc has 0 polygons
2026-08-18 11:31:37 -0400: Memory Usage (413860K) : pemwind_drw has 0 polygons
2026-08-18 11:31:37 -0400: Memory Usage (413860K) : gatpoly_drw has 24 polygons
2026-08-18 11:31:37 -0400: Memory Usage (413860K) : gatpoly_pin has 0 polygons
2026-08-18 11:31:37 -0400: Memory Usage (413860K) : gatpoly_filler has 0 polygons
2026-08-18 11:31:37 -0400: Memory Usage (413860K) : gatpoly_nofill has 0 polygons
2026-08-18 11:31:37 -0400: Memory Usage (413860K) : gatpoly_opc has 0 polygons
2026-08-18 11:31:37 -0400: Memory Usage (413860K) : gatpoly_iopc has 0 polygons
2026-08-18 11:31:37 -0400: Memory Usage (413860K) : gatpoly_noqrc has 0 polygons
2026-08-18 11:31:37 -0400: Memory Usage (413860K) : cont_drw has 950 polygons
2026-08-18 11:31:37 -0400: Memory Usage (413860K) : cont_opc has 0 polygons
2026-08-18 11:31:37 -0400: Memory Usage (413860K) : nsd_drw has 0 polygons
2026-08-18 11:31:37 -0400: Memory Usage (413860K) : nsd_block has 24 polygons
2026-08-18 11:31:37 -0400: Memory Usage (413860K) : metal1_drw has 94 polygons
2026-08-18 11:31:37 -0400: Memory Usage (413860K) : metal1_pin has 48 polygons
2026-08-18 11:31:37 -0400: Memory Usage (413860K) : metal1_mask has 0 polygons
2026-08-18 11:31:37 -0400: Memory Usage (413860K) : metal1_filler has 0 polygons
2026-08-18 11:31:37 -0400: Memory Usage (416004K) : metal1_nofill has 0 polygons
2026-08-18 11:31:37 -0400: Memory Usage (416004K) : metal1_slit has 0 polygons
2026-08-18 11:31:37 -0400: Memory Usage (416004K) : metal1_text has 6 polygons
2026-08-18 11:31:37 -0400: Memory Usage (416004K) : metal1_opc has 0 polygons
2026-08-18 11:31:37 -0400: Memory Usage (416004K) : metal1_noqrc has 0 polygons
2026-08-18 11:31:37 -0400: Memory Usage (416004K) : metal1_res has 0 polygons
2026-08-18 11:31:37 -0400: Memory Usage (416004K) : metal1_iprobe has 0 polygons
2026-08-18 11:31:37 -0400: Memory Usage (416448K) : metal1_diffprb has 0 polygons
2026-08-18 11:31:37 -0400: Memory Usage (416448K) : passiv_drw has 0 polygons
2026-08-18 11:31:37 -0400: Memory Usage (416448K) : passiv_pin has 0 polygons
2026-08-18 11:31:37 -0400: Memory Usage (416448K) : passiv_sbump has 0 polygons
2026-08-18 11:31:37 -0400: Memory Usage (416448K) : passiv_pillar has 0 polygons
2026-08-18 11:31:37 -0400: Memory Usage (416712K) : passiv_pdl has 0 polygons
2026-08-18 11:31:37 -0400: Memory Usage (416712K) : metal2_drw has 44 polygons
2026-08-18 11:31:37 -0400: Memory Usage (416712K) : metal2_pin has 12 polygons
2026-08-18 11:31:37 -0400: Memory Usage (416712K) : metal2_mask has 0 polygons
2026-08-18 11:31:37 -0400: Memory Usage (416712K) : metal2_filler has 0 polygons
2026-08-18 11:31:37 -0400: Memory Usage (416712K) : metal2_nofill has 0 polygons
2026-08-18 11:31:37 -0400: Memory Usage (416712K) : metal2_slit has 0 polygons
2026-08-18 11:31:37 -0400: Memory Usage (416712K) : metal2_text has 0 polygons
2026-08-18 11:31:37 -0400: Memory Usage (416712K) : metal2_opc has 0 polygons
2026-08-18 11:31:37 -0400: Memory Usage (416712K) : metal2_noqrc has 0 polygons
2026-08-18 11:31:37 -0400: Memory Usage (416712K) : metal2_res has 0 polygons
2026-08-18 11:31:37 -0400: Memory Usage (416712K) : metal2_iprobe has 0 polygons
2026-08-18 11:31:37 -0400: Memory Usage (416712K) : metal2_diffprb has 0 polygons
2026-08-18 11:31:37 -0400: Memory Usage (416976K) : baspoly_drw has 0 polygons
2026-08-18 11:31:37 -0400: Memory Usage (416976K) : baspoly_pin has 0 polygons
2026-08-18 11:31:37 -0400: Memory Usage (416976K) : psd_drw has 20 polygons
2026-08-18 11:31:37 -0400: Memory Usage (416976K) : nldb_drw has 0 polygons
2026-08-18 11:31:37 -0400: Memory Usage (416976K) : digibnd_drw has 0 polygons
2026-08-18 11:31:37 -0400: Memory Usage (416976K) : via1_drw has 504 polygons
2026-08-18 11:31:37 -0400: Memory Usage (417300K) : backmetal1_drw has 0 polygons
2026-08-18 11:31:37 -0400: Memory Usage (417300K) : backmetal1_pin has 0 polygons
2026-08-18 11:31:37 -0400: Memory Usage (417300K) : backmetal1_mask has 0 polygons
2026-08-18 11:31:37 -0400: Memory Usage (417300K) : backmetal1_filler has 0 polygons
2026-08-18 11:31:37 -0400: Memory Usage (417300K) : backmetal1_nofill has 0 polygons
2026-08-18 11:31:37 -0400: Memory Usage (417300K) : backmetal1_slit has 0 polygons
2026-08-18 11:31:37 -0400: Memory Usage (417564K) : backmetal1_text has 0 polygons
2026-08-18 11:31:37 -0400: Memory Usage (417564K) : backmetal1_opc has 0 polygons
2026-08-18 11:31:37 -0400: Memory Usage (417564K) : backmetal1_noqrc has 0 polygons
2026-08-18 11:31:37 -0400: Memory Usage (417564K) : backmetal1_res has 0 polygons
2026-08-18 11:31:37 -0400: Memory Usage (417564K) : backmetal1_iprobe has 0 polygons
2026-08-18 11:31:37 -0400: Memory Usage (417564K) : backmetal1_diffprb has 0 polygons
2026-08-18 11:31:37 -0400: Memory Usage (417828K) : backpassiv_drw has 0 polygons
2026-08-18 11:31:37 -0400: Memory Usage (417828K) : res_drw has 12 polygons
2026-08-18 11:31:37 -0400: Memory Usage (417828K) : sram_drw has 0 polygons
2026-08-18 11:31:37 -0400: Memory Usage (417828K) : trans_drw has 12 polygons
2026-08-18 11:31:37 -0400: Memory Usage (417828K) : ind_drw has 0 polygons
2026-08-18 11:31:37 -0400: Memory Usage (418092K) : ind_pin has 0 polygons
2026-08-18 11:31:37 -0400: Memory Usage (418092K) : ind_text has 0 polygons
2026-08-18 11:31:37 -0400: Memory Usage (418092K) : salblock_drw has 0 polygons
2026-08-18 11:31:37 -0400: Memory Usage (418092K) : via2_drw has 200 polygons
2026-08-18 11:31:37 -0400: Memory Usage (418092K) : metal3_drw has 28 polygons
2026-08-18 11:31:37 -0400: Memory Usage (418092K) : metal3_pin has 0 polygons
2026-08-18 11:31:37 -0400: Memory Usage (418356K) : metal3_mask has 0 polygons
2026-08-18 11:31:37 -0400: Memory Usage (418356K) : metal3_filler has 0 polygons
2026-08-18 11:31:37 -0400: Memory Usage (418356K) : metal3_nofill has 0 polygons
2026-08-18 11:31:37 -0400: Memory Usage (418356K) : metal3_slit has 0 polygons
2026-08-18 11:31:37 -0400: Memory Usage (418356K) : metal3_text has 0 polygons
2026-08-18 11:31:37 -0400: Memory Usage (418356K) : metal3_opc has 0 polygons
2026-08-18 11:31:37 -0400: Memory Usage (418356K) : metal3_noqrc has 0 polygons
2026-08-18 11:31:37 -0400: Memory Usage (418356K) : metal3_res has 0 polygons
2026-08-18 11:31:37 -0400: Memory Usage (418356K) : metal3_iprobe has 0 polygons
2026-08-18 11:31:37 -0400: Memory Usage (418356K) : metal3_diffprb has 0 polygons
2026-08-18 11:31:37 -0400: Memory Usage (418620K) : nwell_drw has 0 polygons
2026-08-18 11:31:37 -0400: Memory Usage (418620K) : nwell_pin has 0 polygons
2026-08-18 11:31:37 -0400: Memory Usage (418620K) : nbulay_drw has 0 polygons
2026-08-18 11:31:37 -0400: Memory Usage (418620K) : nbulay_pin has 0 polygons
2026-08-18 11:31:37 -0400: Memory Usage (418620K) : nbulay_block has 0 polygons
2026-08-18 11:31:37 -0400: Memory Usage (418620K) : emwind_drw has 36 polygons
2026-08-18 11:31:37 -0400: Memory Usage (418620K) : emwind_opc has 0 polygons
2026-08-18 11:31:37 -0400: Memory Usage (418884K) : deepco_drw has 0 polygons
2026-08-18 11:31:37 -0400: Memory Usage (418884K) : deepco_drw has 0 polygons
2026-08-18 11:31:37 -0400: Memory Usage (418884K) : mim_drw has 3 polygons
2026-08-18 11:31:37 -0400: Memory Usage (418884K) : edgeseal_drw has 0 polygons
2026-08-18 11:31:37 -0400: Memory Usage (418884K) : edgeseal_bound has 0 polygons
2026-08-18 11:31:37 -0400: Memory Usage (418884K) : substrate_drw has 0 polygons
2026-08-18 11:31:37 -0400: Memory Usage (419148K) : substrate_text has 0 polygons
2026-08-18 11:31:37 -0400: Memory Usage (419148K) : dfpad_drw has 0 polygons
2026-08-18 11:31:37 -0400: Memory Usage (419148K) : dfpad_pillar has 0 polygons
2026-08-18 11:31:37 -0400: Memory Usage (419148K) : dfpad_sbump has 0 polygons
2026-08-18 11:31:37 -0400: Memory Usage (419148K) : thickgateox_drw has 0 polygons
2026-08-18 11:31:37 -0400: Memory Usage (419148K) : pldb_drw has 0 polygons
2026-08-18 11:31:37 -0400: Memory Usage (419412K) : pwell_drw has 0 polygons
2026-08-18 11:31:37 -0400: Memory Usage (419412K) : pwell_pin has 0 polygons
2026-08-18 11:31:37 -0400: Memory Usage (419412K) : pwell_block has 0 polygons
2026-08-18 11:31:37 -0400: Memory Usage (419412K) : ic_drw has 0 polygons
2026-08-18 11:31:37 -0400: Memory Usage (419412K) : via3_drw has 184 polygons
2026-08-18 11:31:37 -0400: Memory Usage (419412K) : metal4_drw has 24 polygons
2026-08-18 11:31:37 -0400: Memory Usage (419676K) : metal4_pin has 0 polygons
2026-08-18 11:31:37 -0400: Memory Usage (419676K) : metal4_mask has 0 polygons
2026-08-18 11:31:37 -0400: Memory Usage (419676K) : metal4_filler has 0 polygons
2026-08-18 11:31:37 -0400: Memory Usage (419676K) : metal4_nofill has 3 polygons
2026-08-18 11:31:37 -0400: Memory Usage (419676K) : metal4_slit has 0 polygons
2026-08-18 11:31:37 -0400: Memory Usage (419676K) : metal4_text has 4 polygons
2026-08-18 11:31:37 -0400: Memory Usage (419940K) : metal4_opc has 0 polygons
2026-08-18 11:31:37 -0400: Memory Usage (419940K) : metal4_noqrc has 0 polygons
2026-08-18 11:31:37 -0400: Memory Usage (419940K) : metal4_res has 0 polygons
2026-08-18 11:31:37 -0400: Memory Usage (419940K) : metal4_iprobe has 0 polygons
2026-08-18 11:31:37 -0400: Memory Usage (419940K) : metal4_diffprb has 0 polygons
2026-08-18 11:31:37 -0400: Memory Usage (420204K) : heattrans_drw has 0 polygons
2026-08-18 11:31:37 -0400: Memory Usage (420204K) : heatres_drw has 12 polygons
2026-08-18 11:31:37 -0400: Memory Usage (420204K) : pempoly_drw has 0 polygons
2026-08-18 11:31:37 -0400: Memory Usage (420204K) : fbe_drw has 0 polygons
2026-08-18 11:31:37 -0400: Memory Usage (420204K) : empoly_drw has 0 polygons
2026-08-18 11:31:37 -0400: Memory Usage (420204K) : ldmos_drw has 0 polygons
2026-08-18 11:31:37 -0400: Memory Usage (420468K) : pbiwind_drw has 0 polygons
2026-08-18 11:31:37 -0400: Memory Usage (420468K) : digisub_drw has 0 polygons
2026-08-18 11:31:37 -0400: Memory Usage (420468K) : nodrc_drw has 0 polygons
2026-08-18 11:31:37 -0400: Memory Usage (420468K) : text_drw has 72 polygons
2026-08-18 11:31:37 -0400: Memory Usage (420468K) : via4_drw has 144 polygons
2026-08-18 11:31:37 -0400: Memory Usage (420468K) : metal5_drw has 16 polygons
2026-08-18 11:31:37 -0400: Memory Usage (420732K) : metal5_pin has 3 polygons
2026-08-18 11:31:37 -0400: Memory Usage (420732K) : metal5_mask has 0 polygons
2026-08-18 11:31:37 -0400: Memory Usage (420732K) : metal5_filler has 0 polygons
2026-08-18 11:31:37 -0400: Memory Usage (420732K) : metal5_nofill has 3 polygons
2026-08-18 11:31:37 -0400: Memory Usage (420732K) : metal5_slit has 0 polygons
2026-08-18 11:31:37 -0400: Memory Usage (420732K) : metal5_text has 0 polygons
2026-08-18 11:31:37 -0400: Memory Usage (420996K) : metal5_opc has 0 polygons
2026-08-18 11:31:37 -0400: Memory Usage (420996K) : metal5_noqrc has 0 polygons
2026-08-18 11:31:37 -0400: Memory Usage (420996K) : metal5_res has 0 polygons
2026-08-18 11:31:37 -0400: Memory Usage (420996K) : metal5_iprobe has 0 polygons
2026-08-18 11:31:37 -0400: Memory Usage (420996K) : metal5_diffprb has 0 polygons
2026-08-18 11:31:37 -0400: Memory Usage (421260K) : radhard_drw has 0 polygons
2026-08-18 11:31:37 -0400: Memory Usage (421260K) : memcap_drw has 3 polygons
2026-08-18 11:31:37 -0400: Memory Usage (421260K) : varicap_drw has 0 polygons
2026-08-18 11:31:37 -0400: Memory Usage (421260K) : flash_drw has 0 polygons
2026-08-18 11:31:37 -0400: Memory Usage (421260K) : intbondvia_drw has 0 polygons
2026-08-18 11:31:37 -0400: Memory Usage (421260K) : intbondmet_drw has 0 polygons
2026-08-18 11:31:37 -0400: Memory Usage (421524K) : devbondvia_drw has 0 polygons
2026-08-18 11:31:37 -0400: Memory Usage (421524K) : devbondmet_drw has 0 polygons
2026-08-18 11:31:37 -0400: Memory Usage (421524K) : devtrench_drw has 0 polygons
2026-08-18 11:31:37 -0400: Memory Usage (421524K) : redist_drw has 0 polygons
2026-08-18 11:31:37 -0400: Memory Usage (421524K) : graphbot_drw has 0 polygons
2026-08-18 11:31:37 -0400: Memory Usage (421788K) : graphtop_drw has 0 polygons
2026-08-18 11:31:37 -0400: Memory Usage (421788K) : antvia1_drw has 0 polygons
2026-08-18 11:31:37 -0400: Memory Usage (421788K) : antmetal2_drw has 0 polygons
2026-08-18 11:31:37 -0400: Memory Usage (421788K) : graphcont_drw has 0 polygons
2026-08-18 11:31:37 -0400: Memory Usage (421788K) : siwg_drw has 0 polygons
2026-08-18 11:31:37 -0400: Memory Usage (421788K) : siwg_filler has 0 polygons
2026-08-18 11:31:37 -0400: Memory Usage (422052K) : siwg_nofill has 0 polygons
2026-08-18 11:31:37 -0400: Memory Usage (422052K) : sigrating_drw has 0 polygons
2026-08-18 11:31:37 -0400: Memory Usage (422052K) : singrating_drw has 0 polygons
2026-08-18 11:31:37 -0400: Memory Usage (422052K) : graphpas_drw has 0 polygons
2026-08-18 11:31:37 -0400: Memory Usage (422052K) : emwind3_drw has 0 polygons
2026-08-18 11:31:37 -0400: Memory Usage (422316K) : emwihv3_drw has 0 polygons
2026-08-18 11:31:37 -0400: Memory Usage (422316K) : redbulay_drw has 0 polygons
2026-08-18 11:31:37 -0400: Memory Usage (422316K) : smos_drw has 0 polygons
2026-08-18 11:31:37 -0400: Memory Usage (422316K) : graphpad_drw has 0 polygons
2026-08-18 11:31:37 -0400: Memory Usage (422316K) : polimide_drw has 0 polygons
2026-08-18 11:31:37 -0400: Memory Usage (422316K) : polimide_pin has 0 polygons
2026-08-18 11:31:37 -0400: Memory Usage (422580K) : recog_drw has 0 polygons
2026-08-18 11:31:37 -0400: Memory Usage (422580K) : recog_pin has 0 polygons
2026-08-18 11:31:37 -0400: Memory Usage (422580K) : recog_esd has 0 polygons
2026-08-18 11:31:37 -0400: Memory Usage (422580K) : recog_diode has 0 polygons
2026-08-18 11:31:37 -0400: Memory Usage (422580K) : recog_tsv has 0 polygons
2026-08-18 11:31:37 -0400: Memory Usage (422580K) : recog_iprobe has 0 polygons
2026-08-18 11:31:37 -0400: Memory Usage (422844K) : recog_diffprb has 0 polygons
2026-08-18 11:31:37 -0400: Memory Usage (422844K) : recog_pillar has 0 polygons
2026-08-18 11:31:37 -0400: Memory Usage (422844K) : recog_sbump has 0 polygons
2026-08-18 11:31:37 -0400: Memory Usage (422844K) : recog_otp has 0 polygons
2026-08-18 11:31:37 -0400: Memory Usage (422844K) : recog_pdiode has 0 polygons
2026-08-18 11:31:37 -0400: Memory Usage (422844K) : recog_mom has 0 polygons
2026-08-18 11:31:37 -0400: Memory Usage (422844K) : recog_pcm has 0 polygons
2026-08-18 11:31:37 -0400: Memory Usage (423108K) : colopen_drw has 0 polygons
2026-08-18 11:31:37 -0400: Memory Usage (423108K) : graphmetal1_drw has 0 polygons
2026-08-18 11:31:37 -0400: Memory Usage (423108K) : graphmetal1_filler has 0 polygons
2026-08-18 11:31:37 -0400: Memory Usage (423108K) : graphmetal1_nofill has 0 polygons
2026-08-18 11:31:37 -0400: Memory Usage (423108K) : graphmetal1_slit has 0 polygons
2026-08-18 11:31:37 -0400: Memory Usage (423108K) : graphmetal1_opc has 0 polygons
2026-08-18 11:31:37 -0400: Memory Usage (423372K) : graphmet1l_drw has 0 polygons
2026-08-18 11:31:37 -0400: Memory Usage (423372K) : graphmet1l_filler has 0 polygons
2026-08-18 11:31:37 -0400: Memory Usage (423372K) : graphmet1l_nofill has 0 polygons
2026-08-18 11:31:37 -0400: Memory Usage (423372K) : graphmet1l_slit has 0 polygons
2026-08-18 11:31:37 -0400: Memory Usage (423372K) : graphmet1l_opc has 0 polygons
2026-08-18 11:31:37 -0400: Memory Usage (423372K) : extblock_drw has 12 polygons
2026-08-18 11:31:37 -0400: Memory Usage (423636K) : nldd_drw has 0 polygons
2026-08-18 11:31:37 -0400: Memory Usage (423636K) : pldd_drw has 0 polygons
2026-08-18 11:31:37 -0400: Memory Usage (423636K) : next_drw has 0 polygons
2026-08-18 11:31:37 -0400: Memory Usage (423636K) : pext_drw has 0 polygons
2026-08-18 11:31:37 -0400: Memory Usage (423636K) : nexthv_drw has 0 polygons
2026-08-18 11:31:37 -0400: Memory Usage (423636K) : pexthv_drw has 0 polygons
2026-08-18 11:31:37 -0400: Memory Usage (423900K) : graphgate_drw has 0 polygons
2026-08-18 11:31:37 -0400: Memory Usage (423900K) : sinwg_drw has 0 polygons
2026-08-18 11:31:37 -0400: Memory Usage (423900K) : sinwg_filler has 0 polygons
2026-08-18 11:31:37 -0400: Memory Usage (423900K) : sinwg_nofill has 0 polygons
2026-08-18 11:31:37 -0400: Memory Usage (423900K) : mempad_drw has 0 polygons
2026-08-18 11:31:37 -0400: Memory Usage (423900K) : topvia1_drw has 13 polygons
2026-08-18 11:31:37 -0400: Memory Usage (424164K) : topmetal1_drw has 11 polygons
2026-08-18 11:31:37 -0400: Memory Usage (424164K) : topmetal1_pin has 3 polygons
2026-08-18 11:31:37 -0400: Memory Usage (424164K) : topmetal1_mask has 0 polygons
2026-08-18 11:31:37 -0400: Memory Usage (424164K) : topmetal1_filler has 0 polygons
2026-08-18 11:31:37 -0400: Memory Usage (424164K) : topmetal1_nofill has 3 polygons
2026-08-18 11:31:37 -0400: Memory Usage (424164K) : topmetal1_slit has 0 polygons
2026-08-18 11:31:37 -0400: Memory Usage (424164K) : topmetal1_text has 2 polygons
2026-08-18 11:31:37 -0400: Memory Usage (424428K) : topmetal1_noqrc has 0 polygons
2026-08-18 11:31:37 -0400: Memory Usage (424428K) : topmetal1_res has 0 polygons
2026-08-18 11:31:37 -0400: Memory Usage (424428K) : topmetal1_iprobe has 0 polygons
2026-08-18 11:31:37 -0400: Memory Usage (424428K) : topmetal1_diffprb has 0 polygons
2026-08-18 11:31:37 -0400: Memory Usage (424428K) : inldpwl_drw has 0 polygons
2026-08-18 11:31:37 -0400: Memory Usage (424428K) : polyres_drw has 12 polygons
2026-08-18 11:31:37 -0400: Memory Usage (424692K) : polyres_pin has 0 polygons
2026-08-18 11:31:37 -0400: Memory Usage (424692K) : vmim_drw has 12 polygons
2026-08-18 11:31:37 -0400: Memory Usage (424692K) : nbulaycut_drw has 0 polygons
2026-08-18 11:31:37 -0400: Memory Usage (424692K) : antmetal1_drw has 0 polygons
2026-08-18 11:31:37 -0400: Memory Usage (424692K) : topvia2_drw has 2 polygons
2026-08-18 11:31:37 -0400: Memory Usage (424956K) : topmetal2_drw has 1 polygons
2026-08-18 11:31:37 -0400: Memory Usage (424956K) : topmetal2_pin has 0 polygons
2026-08-18 11:31:37 -0400: Memory Usage (424956K) : topmetal2_mask has 0 polygons
2026-08-18 11:31:37 -0400: Memory Usage (424956K) : topmetal2_filler has 0 polygons
2026-08-18 11:31:37 -0400: Memory Usage (424956K) : topmetal2_nofill has 3 polygons
2026-08-18 11:31:37 -0400: Memory Usage (424956K) : topmetal2_slit has 0 polygons
2026-08-18 11:31:37 -0400: Memory Usage (425220K) : topmetal2_text has 1 polygons
2026-08-18 11:31:37 -0400: Memory Usage (425220K) : topmetal2_noqrc has 0 polygons
2026-08-18 11:31:37 -0400: Memory Usage (425220K) : topmetal2_res has 0 polygons
2026-08-18 11:31:37 -0400: Memory Usage (425220K) : topmetal2_iprobe has 0 polygons
2026-08-18 11:31:37 -0400: Memory Usage (425220K) : topmetal2_diffprb has 0 polygons
2026-08-18 11:31:37 -0400: Memory Usage (425484K) : snsring_drw has 0 polygons
2026-08-18 11:31:37 -0400: Memory Usage (425484K) : sensor_drw has 0 polygons
2026-08-18 11:31:37 -0400: Memory Usage (425484K) : snsarms_drw has 0 polygons
2026-08-18 11:31:37 -0400: Memory Usage (425484K) : snscmosvia_drw has 0 polygons
2026-08-18 11:31:37 -0400: Memory Usage (425484K) : colwind_drw has 0 polygons
2026-08-18 11:31:37 -0400: Memory Usage (425484K) : flm_drw has 0 polygons
2026-08-18 11:31:37 -0400: Memory Usage (425748K) : hafniumox_drw has 0 polygons
2026-08-18 11:31:37 -0400: Memory Usage (425748K) : memvia_drw has 0 polygons
2026-08-18 11:31:37 -0400: Memory Usage (425748K) : thinfilmres_drw has 0 polygons
2026-08-18 11:31:37 -0400: Memory Usage (425748K) : rfmem_drw has 0 polygons
2026-08-18 11:31:37 -0400: Memory Usage (425748K) : norcx_drw has 0 polygons
2026-08-18 11:31:37 -0400: Memory Usage (425748K) : norcx_m2m3 has 0 polygons
2026-08-18 11:31:37 -0400: Memory Usage (426012K) : norcx_m2m4 has 0 polygons
2026-08-18 11:31:37 -0400: Memory Usage (426012K) : norcx_m2m5 has 0 polygons
2026-08-18 11:31:37 -0400: Memory Usage (426012K) : norcx_m2tm1 has 0 polygons
2026-08-18 11:31:37 -0400: Memory Usage (426012K) : norcx_m2tm2 has 0 polygons
2026-08-18 11:31:37 -0400: Memory Usage (426012K) : norcx_m3m4 has 0 polygons
2026-08-18 11:31:37 -0400: Memory Usage (426276K) : norcx_m3m5 has 0 polygons
2026-08-18 11:31:37 -0400: Memory Usage (426276K) : norcx_m3tm1 has 0 polygons
2026-08-18 11:31:37 -0400: Memory Usage (426276K) : norcx_m3tm2 has 0 polygons
2026-08-18 11:31:37 -0400: Memory Usage (426276K) : norcx_m4m5 has 0 polygons
2026-08-18 11:31:37 -0400: Memory Usage (426276K) : norcx_m4tm1 has 0 polygons
2026-08-18 11:31:37 -0400: Memory Usage (426276K) : norcx_m4tm2 has 0 polygons
2026-08-18 11:31:37 -0400: Memory Usage (426276K) : norcx_m5tm1 has 0 polygons
2026-08-18 11:31:37 -0400: Memory Usage (426276K) : norcx_m5tm2 has 0 polygons
2026-08-18 11:31:37 -0400: Memory Usage (426540K) : norcx_tm1tm2 has 0 polygons
2026-08-18 11:31:37 -0400: Memory Usage (426540K) : norcx_m1sub has 0 polygons
2026-08-18 11:31:37 -0400: Memory Usage (426540K) : norcx_m2sub has 0 polygons
2026-08-18 11:31:37 -0400: Memory Usage (426540K) : norcx_m3sub has 0 polygons
2026-08-18 11:31:37 -0400: Memory Usage (426540K) : norcx_m4sub has 0 polygons
2026-08-18 11:31:37 -0400: Memory Usage (426540K) : norcx_m5sub has 0 polygons
2026-08-18 11:31:37 -0400: Memory Usage (426540K) : norcx_tm1sub has 0 polygons
2026-08-18 11:31:37 -0400: Memory Usage (426804K) : norcx_tm2sub has 0 polygons
2026-08-18 11:31:37 -0400: Memory Usage (426804K) : snsbotvia_drw has 0 polygons
2026-08-18 11:31:37 -0400: Memory Usage (426804K) : snstopvia_drw has 0 polygons
2026-08-18 11:31:37 -0400: Memory Usage (426804K) : deepvia_drw has 0 polygons
2026-08-18 11:31:37 -0400: Memory Usage (426804K) : fgetch_drw has 0 polygons
2026-08-18 11:31:37 -0400: Memory Usage (426804K) : ctrgat_drw has 0 polygons
2026-08-18 11:31:37 -0400: Memory Usage (427068K) : fgimp_drw has 0 polygons
2026-08-18 11:31:37 -0400: Memory Usage (427068K) : emwihv_drw has 0 polygons
2026-08-18 11:31:37 -0400: Memory Usage (427068K) : lbe_drw has 0 polygons
2026-08-18 11:31:37 -0400: Memory Usage (427068K) : alcustop_drw has 0 polygons
2026-08-18 11:31:37 -0400: Memory Usage (427068K) : nometfiller_drw has 0 polygons
2026-08-18 11:31:37 -0400: Memory Usage (427068K) : prboundary_drw has 0 polygons
2026-08-18 11:31:37 -0400: Memory Usage (427332K) : exchange0_drw has 0 polygons
2026-08-18 11:31:37 -0400: Memory Usage (427332K) : exchange0_pin has 0 polygons
2026-08-18 11:31:37 -0400: Memory Usage (427332K) : exchange0_text has 0 polygons
2026-08-18 11:31:37 -0400: Memory Usage (427332K) : exchange1_drw has 0 polygons
2026-08-18 11:31:37 -0400: Memory Usage (427332K) : exchange1_pin has 0 polygons
2026-08-18 11:31:37 -0400: Memory Usage (427332K) : exchange1_text has 0 polygons
2026-08-18 11:31:37 -0400: Memory Usage (427332K) : exchange2_drw has 0 polygons
2026-08-18 11:31:37 -0400: Memory Usage (427596K) : exchange2_pin has 0 polygons
2026-08-18 11:31:37 -0400: Memory Usage (427596K) : exchange2_text has 0 polygons
2026-08-18 11:31:37 -0400: Memory Usage (427596K) : exchange3_drw has 0 polygons
2026-08-18 11:31:37 -0400: Memory Usage (427596K) : exchange3_pin has 0 polygons
2026-08-18 11:31:37 -0400: Memory Usage (427596K) : exchange3_text has 0 polygons
2026-08-18 11:31:37 -0400: Memory Usage (427596K) : exchange4_drw has 0 polygons
2026-08-18 11:31:37 -0400: Memory Usage (427860K) : exchange4_pin has 0 polygons
2026-08-18 11:31:37 -0400: Memory Usage (427860K) : exchange4_text has 0 polygons
2026-08-18 11:31:37 -0400: Memory Usage (427860K) : isonwell_drw has 0 polygons
2026-08-18 11:31:37 -0400: Memory Usage (427860K) : Total no. of polygons in the design is 2640
2026-08-18 11:31:37 -0400: Memory Usage (427860K) : Loaded TECH DRC rules values from /home/noorizad/local/pdks/ihp-sg13g2/libs.tech/klayout/python/sg13g2_pycell_lib/sg13g2_tech_mod.json
2026-08-18 11:31:37 -0400: Memory Usage (427860K) : Loaded default DRC rules values from /home/noorizad/local/pdks/ihp-sg13g2/libs.tech/klayout/tech/drc/rule_decks/sg13g2_tech_default.json
2026-08-18 11:31:37 -0400: Memory Usage (427860K) : The following rules values were missing in tech json and default values were used:
2026-08-18 11:31:37 -0400: Memory Usage (427860K) :   - Cnt_c_digibnd
2026-08-18 11:31:37 -0400: Memory Usage (428484K) : Total area of the design is 7551.672 um^2.
2026-08-18 11:31:37 -0400: Memory Usage (428484K) : The design dimensions are 99.60000000000001 µm * 75.82 µm.
2026-08-18 11:31:37 -0400: Memory Usage (428484K) : Starting general IHP-SG13G2 derivations.
2026-08-18 11:31:37 -0400: Memory Usage (428484K) : Starting Pwell derivations
2026-08-18 11:31:37 -0400: Memory Usage (426948K) : Starting n-Activ derivations
2026-08-18 11:31:37 -0400: Memory Usage (434516K) : Starting p-Activ derivations
2026-08-18 11:31:37 -0400: Memory Usage (434936K) : Starting ptap derivations
2026-08-18 11:31:37 -0400: Memory Usage (434904K) : Starting ntap derivations
2026-08-18 11:31:37 -0400: Memory Usage (434552K) : Starting pact FET derivations
2026-08-18 11:31:37 -0400: Memory Usage (434224K) : Starting nact FET derivations
2026-08-18 11:31:38 -0400: Memory Usage (434600K) : Starting Gate derivations
2026-08-18 11:31:38 -0400: Memory Usage (433932K) : Starting cont/contbar general derivations
2026-08-18 11:31:38 -0400: Memory Usage (434832K) : Starting pad general derivations
2026-08-18 11:31:38 -0400: Memory Usage (433920K) : Starting IHP-SG13G2 DRC connectivity related derivations.
2026-08-18 11:31:38 -0400: Memory Usage (433968K) : Starting IHP-SG13G2 DRC connectivity setup
2026-08-18 11:31:38 -0400: Memory Usage (433968K) : Starting IHP-SG13G2 DRC rules.
2026-08-18 11:31:38 -0400: Memory Usage (433968K) : Running all FEOL rules
2026-08-18 11:31:38 -0400: Memory Usage (433968K) : Running all BEOL rules
2026-08-18 11:31:38 -0400: Memory Usage (433968K) : Starting 3.2. FORBIDDEN table
2026-08-18 11:31:38 -0400: Memory Usage (433968K) : Executing rule forbidden.biwind
2026-08-18 11:31:38 -0400: Memory Usage (433968K) : Executing rule forbidden.pemwind
2026-08-18 11:31:38 -0400: Memory Usage (433968K) : Executing rule forbidden.baspoly
2026-08-18 11:31:38 -0400: Memory Usage (433968K) : Executing rule forbidden.deepco
2026-08-18 11:31:38 -0400: Memory Usage (433968K) : Executing rule forbidden.pempoly
2026-08-18 11:31:38 -0400: Memory Usage (433968K) : Executing rule forbidden.empoly
2026-08-18 11:31:38 -0400: Memory Usage (433968K) : Executing rule forbidden.ldmos
2026-08-18 11:31:38 -0400: Memory Usage (433968K) : Executing rule forbidden.pbiwind
2026-08-18 11:31:38 -0400: Memory Usage (433968K) : Executing rule forbidden.nodrc
2026-08-18 11:31:38 -0400: Memory Usage (433968K) : Executing rule forbidden.flash
2026-08-18 11:31:38 -0400: Memory Usage (433968K) : Executing rule forbidden.colwind
2026-08-18 11:31:38 -0400: Memory Usage (433968K) : Starting 5.1 NWell table
2026-08-18 11:31:38 -0400: Memory Usage (433968K) : Executing rule NW.b
2026-08-18 11:31:38 -0400: Memory Usage (433968K) : Executing rule NW.b1
2026-08-18 11:31:38 -0400: Memory Usage (433968K) : Starting 5.2 PWell:block
2026-08-18 11:31:38 -0400: Memory Usage (433968K) : Executing rule PWB.e
2026-08-18 11:31:38 -0400: Memory Usage (433968K) : Executing rule PWB.e1
2026-08-18 11:31:38 -0400: Memory Usage (433968K) : Executing rule PWB.f
2026-08-18 11:31:38 -0400: Memory Usage (433968K) : Executing rule PWB.f1
2026-08-18 11:31:38 -0400: Memory Usage (433968K) : Starting 5.3 nBuLay table
2026-08-18 11:31:38 -0400: Memory Usage (433968K) : Executing rule NBL.b
2026-08-18 11:31:38 -0400: Memory Usage (433968K) : Executing rule NBL.c
2026-08-18 11:31:38 -0400: Memory Usage (433968K) : Executing rule NBL.d
2026-08-18 11:31:38 -0400: Memory Usage (433968K) : Executing rule NBL.e
2026-08-18 11:31:38 -0400: Memory Usage (433968K) : Executing rule NBL.f
2026-08-18 11:31:38 -0400: Memory Usage (433968K) : Starting 5.5. Activ table
2026-08-18 11:31:38 -0400: Memory Usage (433968K) : Executing rule Act.a
2026-08-18 11:31:38 -0400: Memory Usage (433968K) : Executing rule Act.b
2026-08-18 11:31:38 -0400: Memory Usage (435476K) : Starting 5.6 Activ:filler table
2026-08-18 11:31:38 -0400: Memory Usage (434964K) : Executing rule AFil.c1
2026-08-18 11:31:38 -0400: Memory Usage (434964K) : Executing rule AFil.c
2026-08-18 11:31:38 -0400: Memory Usage (434964K) : Executing rule AFil.d
2026-08-18 11:31:38 -0400: Memory Usage (434964K) : Executing rule AFil.e
2026-08-18 11:31:38 -0400: Memory Usage (434964K) : Executing rule AFil.j
2026-08-18 11:31:38 -0400: Memory Usage (434964K) : Starting 5.7. ThickGateOx table
2026-08-18 11:31:38 -0400: Memory Usage (434964K) : Executing rule TGO.f
2026-08-18 11:31:38 -0400: Memory Usage (434964K) : Starting 5.8. GatPoly table
2026-08-18 11:31:38 -0400: Memory Usage (434964K) : Executing rule Gat.a
2026-08-18 11:31:38 -0400: Memory Usage (434964K) : Executing rule Gat.b
2026-08-18 11:31:38 -0400: Memory Usage (435452K) : Executing rule Gat.d
2026-08-18 11:31:38 -0400: Memory Usage (435420K) : Executing rule Gat.a1
2026-08-18 11:31:38 -0400: Memory Usage (435236K) : Executing rule Gat.a2
2026-08-18 11:31:38 -0400: Memory Usage (435752K) : Executing rule Gat.g
2026-08-18 11:31:38 -0400: Memory Usage (435604K) : Starting 5.9 GatPoly:filler
2026-08-18 11:31:38 -0400: Memory Usage (435388K) : Executing rule GFil.d
2026-08-18 11:31:38 -0400: Memory Usage (435388K) : Executing rule GFil.e
2026-08-18 11:31:38 -0400: Memory Usage (435388K) : Executing rule GFil.i
2026-08-18 11:31:38 -0400: Memory Usage (435388K) : Starting 5.10 pSD table
2026-08-18 11:31:38 -0400: Memory Usage (435388K) : Executing rule pSD.c1
2026-08-18 11:31:39 -0400: Memory Usage (435956K) : Starting 5.14. Cont table
2026-08-18 11:31:39 -0400: Memory Usage (435916K) : Executing rule Cnt.a
2026-08-18 11:31:39 -0400: Memory Usage (435548K) : Executing rule Cnt.b
2026-08-18 11:31:39 -0400: Memory Usage (435880K) : Executing rule Cnt.c
2026-08-18 11:31:39 -0400: Memory Usage (436268K) : Executing rule Cnt.c
2026-08-18 11:31:39 -0400: Memory Usage (435924K) : Executing rule Cnt.d
2026-08-18 11:31:39 -0400: Memory Usage (436056K) : Executing rule Cnt.e
2026-08-18 11:31:39 -0400: Memory Usage (436192K) : Executing rule Cnt.g1
2026-08-18 11:31:39 -0400: Memory Usage (436484K) : Executing rule Cnt.g2
2026-08-18 11:31:39 -0400: Memory Usage (436616K) : Starting 5.15. ContBar table
2026-08-18 11:31:39 -0400: Memory Usage (436616K) : Executing rule CntB.b1
2026-08-18 11:31:39 -0400: Memory Usage (437164K) : Executing rule CntB.h1
2026-08-18 11:31:39 -0400: Memory Usage (437084K) : Starting 5.16. Metal1 table
2026-08-18 11:31:39 -0400: Memory Usage (437052K) : Executing rule M1.a
2026-08-18 11:31:39 -0400: Memory Usage (436620K) : Executing rule M1.b
2026-08-18 11:31:39 -0400: Memory Usage (437640K) : Executing rule M1.e
2026-08-18 11:31:39 -0400: Memory Usage (436968K) : Executing rule M1.f
2026-08-18 11:31:39 -0400: Memory Usage (436968K) : Executing rule M1.g
2026-08-18 11:31:39 -0400: Memory Usage (436808K) : Executing rule M1.i
2026-08-18 11:31:39 -0400: Memory Usage (437116K) : Starting 5.17 Metaln table
2026-08-18 11:31:39 -0400: Memory Usage (437068K) : Executing rule M2.a
2026-08-18 11:31:39 -0400: Memory Usage (436932K) : Executing rule M2.b
2026-08-18 11:31:39 -0400: Memory Usage (436776K) : Executing rule M2.e
2026-08-18 11:31:39 -0400: Memory Usage (437208K) : Executing rule M2.f
2026-08-18 11:31:39 -0400: Memory Usage (436936K) : Executing rule M2.g
2026-08-18 11:31:39 -0400: Memory Usage (437820K) : Executing rule M2.i
2026-08-18 11:31:40 -0400: Memory Usage (437788K) : Executing rule M3.a
2026-08-18 11:31:40 -0400: Memory Usage (437076K) : Executing rule M3.b
2026-08-18 11:31:40 -0400: Memory Usage (437300K) : Executing rule M3.e
2026-08-18 11:31:40 -0400: Memory Usage (437312K) : Executing rule M3.f
2026-08-18 11:31:40 -0400: Memory Usage (436808K) : Executing rule M3.g
2026-08-18 11:31:40 -0400: Memory Usage (436912K) : Executing rule M3.i
2026-08-18 11:31:40 -0400: Memory Usage (437568K) : Executing rule M4.a
2026-08-18 11:31:40 -0400: Memory Usage (437016K) : Executing rule M4.b
2026-08-18 11:31:40 -0400: Memory Usage (436856K) : Executing rule M4.e
2026-08-18 11:31:40 -0400: Memory Usage (437348K) : Executing rule M4.f
2026-08-18 11:31:40 -0400: Memory Usage (436964K) : Executing rule M4.g
2026-08-18 11:31:40 -0400: Memory Usage (436804K) : Executing rule M4.i
2026-08-18 11:31:40 -0400: Memory Usage (437164K) : Executing rule M5.a
2026-08-18 11:31:40 -0400: Memory Usage (436924K) : Executing rule M5.b
2026-08-18 11:31:40 -0400: Memory Usage (437028K) : Executing rule M5.e
2026-08-18 11:31:40 -0400: Memory Usage (436868K) : Executing rule M5.f
2026-08-18 11:31:40 -0400: Memory Usage (436868K) : Executing rule M5.g
2026-08-18 11:31:40 -0400: Memory Usage (437172K) : Executing rule M5.i
2026-08-18 11:31:40 -0400: Memory Usage (437080K) : Starting 5.18 Metaln:filler table
2026-08-18 11:31:40 -0400: Memory Usage (437032K) : Executing rule M1Fil.c
2026-08-18 11:31:40 -0400: Memory Usage (436808K) : Executing rule M1Fil.a2
2026-08-18 11:31:40 -0400: Memory Usage (436808K) : Executing rule M2Fil.c
2026-08-18 11:31:40 -0400: Memory Usage (436808K) : Executing rule M2Fil.a2
2026-08-18 11:31:40 -0400: Memory Usage (436808K) : Executing rule M3Fil.c
2026-08-18 11:31:40 -0400: Memory Usage (436808K) : Executing rule M3Fil.a2
2026-08-18 11:31:40 -0400: Memory Usage (436808K) : Executing rule M4Fil.c
2026-08-18 11:31:40 -0400: Memory Usage (436808K) : Executing rule M4Fil.a2
2026-08-18 11:31:40 -0400: Memory Usage (436808K) : Executing rule M5Fil.c
2026-08-18 11:31:40 -0400: Memory Usage (436808K) : Executing rule M5Fil.a2
2026-08-18 11:31:40 -0400: Memory Usage (436808K) : Starting 5.19. Via1 table
2026-08-18 11:31:40 -0400: Memory Usage (436808K) : Starting 5.19. Via1 table derivations
2026-08-18 11:31:40 -0400: Memory Usage (436808K) : Executing rule V1.a
2026-08-18 11:31:40 -0400: Memory Usage (436808K) : Executing rule V1.b
2026-08-18 11:31:40 -0400: Memory Usage (437024K) : Executing rule V1.c
2026-08-18 11:31:40 -0400: Memory Usage (437996K) : Starting 5.20. Vian table
2026-08-18 11:31:40 -0400: Memory Usage (437716K) : Executing rule V2.a
2026-08-18 11:31:40 -0400: Memory Usage (437268K) : Executing rule V2.b
2026-08-18 11:31:40 -0400: Memory Usage (448492K) : Executing rule V2.c
2026-08-18 11:31:40 -0400: Memory Usage (437124K) : Executing rule V3.a
2026-08-18 11:31:40 -0400: Memory Usage (437124K) : Executing rule V3.b
2026-08-18 11:31:40 -0400: Memory Usage (438408K) : Executing rule V3.c
2026-08-18 11:31:40 -0400: Memory Usage (437240K) : Executing rule V4.a
2026-08-18 11:31:40 -0400: Memory Usage (437240K) : Executing rule V4.b
2026-08-18 11:31:41 -0400: Memory Usage (437456K) : Executing rule V4.c
2026-08-18 11:31:41 -0400: Memory Usage (437832K) : Starting 5.21. TopVia1 table
2026-08-18 11:31:41 -0400: Memory Usage (437504K) : Executing rule TV1.a
2026-08-18 11:31:41 -0400: Memory Usage (437336K) : Executing rule TV1.b
2026-08-18 11:31:41 -0400: Memory Usage (437276K) : Executing rule TV1.c
2026-08-18 11:31:41 -0400: Memory Usage (437408K) : Executing rule TV1.d
2026-08-18 11:31:41 -0400: Memory Usage (438068K) : Starting 5.22. TopMetal1 table
2026-08-18 11:31:41 -0400: Memory Usage (438068K) : Executing rule TM1.a
2026-08-18 11:31:41 -0400: Memory Usage (438068K) : Executing rule TM1.b
2026-08-18 11:31:41 -0400: Memory Usage (437480K) : Starting 5.23 TopMetal1:filler table
2026-08-18 11:31:41 -0400: Memory Usage (437480K) : Executing rule TM1Fil.c
2026-08-18 11:31:41 -0400: Memory Usage (437480K) : Executing rule TM1Fil.a1
2026-08-18 11:31:41 -0400: Memory Usage (437480K) : Starting 5.24. TopVia2 table
2026-08-18 11:31:41 -0400: Memory Usage (437480K) : Executing rule TV2.a
2026-08-18 11:31:41 -0400: Memory Usage (437480K) : Executing rule TV2.b
2026-08-18 11:31:41 -0400: Memory Usage (437916K) : Executing rule TV2.c
2026-08-18 11:31:41 -0400: Memory Usage (437520K) : Executing rule TV2.d
2026-08-18 11:31:41 -0400: Memory Usage (437400K) : Starting 5.25. TopMetal2 table
2026-08-18 11:31:41 -0400: Memory Usage (437400K) : Executing rule TM2.a
2026-08-18 11:31:41 -0400: Memory Usage (437400K) : Executing rule TM2.b
2026-08-18 11:31:41 -0400: Memory Usage (438124K) : Executing rule TM2.bR
2026-08-18 11:31:41 -0400: Memory Usage (437260K) : Starting 5.26 TopMetal2:filler table
2026-08-18 11:31:41 -0400: Memory Usage (437260K) : Executing rule TM2Fil.c
2026-08-18 11:31:41 -0400: Memory Usage (437260K) : Executing rule TM2Fil.a1
2026-08-18 11:31:41 -0400: Memory Usage (437260K) : Starting 5.27. Passiv table
2026-08-18 11:31:41 -0400: Memory Usage (437260K) : Executing rule Pas.a
2026-08-18 11:31:41 -0400: Memory Usage (437260K) : Executing rule Pas.b
2026-08-18 11:31:41 -0400: Memory Usage (437260K) : Executing rule Pas.c
2026-08-18 11:31:41 -0400: Memory Usage (437260K) : Starting 6.1.3 NPN Substrate-Tie table
2026-08-18 11:31:41 -0400: Memory Usage (438508K) : Executing rule npn13G2.bR 
2026-08-18 11:31:41 -0400: Memory Usage (438104K) : Executing rule npn13G2L.cR 
2026-08-18 11:31:42 -0400: Memory Usage (437480K) : Executing rule npn13G2V.cR 
2026-08-18 11:31:42 -0400: Memory Usage (437480K) : Starting 6.7 Schottky diode table
2026-08-18 11:31:42 -0400: Memory Usage (437480K) : Executing rule Sdiod.d
2026-08-18 11:31:42 -0400: Memory Usage (437480K) : Executing rule Sdiod.e
2026-08-18 11:31:42 -0400: Memory Usage (437480K) : Starting 6.9.2 Copper Pillar table
2026-08-18 11:31:42 -0400: Memory Usage (437480K) : Executing rule Padc.a
2026-08-18 11:31:42 -0400: Memory Usage (437480K) : Executing rule Padc.b
2026-08-18 11:31:42 -0400: Memory Usage (437480K) : Executing rule Padc.c
2026-08-18 11:31:42 -0400: Memory Usage (437480K) : Executing rule Padb.f
2026-08-18 11:31:42 -0400: Memory Usage (437480K) : Starting 6.9 Pad table
2026-08-18 11:31:42 -0400: Memory Usage (437480K) : Executing rule Pad.m
2026-08-18 11:31:42 -0400: Memory Usage (437480K) : Executing rule Pad.fR_M1
2026-08-18 11:31:42 -0400: Memory Usage (437480K) : Executing rule Pad.fR_M2
2026-08-18 11:31:42 -0400: Memory Usage (437480K) : Executing rule Pad.fR_M3
2026-08-18 11:31:42 -0400: Memory Usage (437480K) : Executing rule Pad.fR_M4
2026-08-18 11:31:42 -0400: Memory Usage (437480K) : Executing rule Pad.fR_M5
2026-08-18 11:31:42 -0400: Memory Usage (437480K) : Executing rule Pad.fR_TM1
2026-08-18 11:31:42 -0400: Memory Usage (437480K) : Executing rule Pad.fR_TM2
2026-08-18 11:31:42 -0400: Memory Usage (437480K) : Executing rule Pad.i
2026-08-18 11:31:42 -0400: Memory Usage (437480K) : Starting 6.9.1 Solder Bump
2026-08-18 11:31:42 -0400: Memory Usage (437480K) : Executing rule Padb.a
2026-08-18 11:31:42 -0400: Memory Usage (437480K) : Executing rule Padb.b
2026-08-18 11:31:42 -0400: Memory Usage (437480K) : Executing rule Padb.c
2026-08-18 11:31:42 -0400: Memory Usage (437480K) : Executing rule Padb.f
2026-08-18 11:31:42 -0400: Memory Usage (437480K) : Executing rule Padb.d
2026-08-18 11:31:42 -0400: Memory Usage (437480K) : Starting 6.10 Sealring table
2026-08-18 11:31:42 -0400: Memory Usage (437480K) : Executing rule Seal.l
2026-08-18 11:31:42 -0400: Memory Usage (437480K) : Executing rule Seal.n
2026-08-18 11:31:42 -0400: Memory Usage (437480K) : Executing rule seal.b_metal1
2026-08-18 11:31:42 -0400: Memory Usage (437480K) : Executing rule seal.b_metal2
2026-08-18 11:31:42 -0400: Memory Usage (437480K) : Executing rule seal.b_metal3
2026-08-18 11:31:42 -0400: Memory Usage (437480K) : Executing rule seal.b_metal4
2026-08-18 11:31:42 -0400: Memory Usage (437480K) : Executing rule seal.b_metal5
2026-08-18 11:31:42 -0400: Memory Usage (437480K) : Executing rule seal.b_topmetal1
2026-08-18 11:31:42 -0400: Memory Usage (437480K) : Executing rule seal.b_topmetal2
2026-08-18 11:31:42 -0400: Memory Usage (437480K) : Executing rule seal.b_activ
2026-08-18 11:31:42 -0400: Memory Usage (437480K) : Executing rule seal.b_psd
2026-08-18 11:31:42 -0400: Memory Usage (437480K) : Executing rule Seal.k
2026-08-18 11:31:42 -0400: Memory Usage (437480K) : Executing rule Seal.m
2026-08-18 11:31:42 -0400: Memory Usage (437480K) : Starting 6.11 MIM table
2026-08-18 11:31:42 -0400: Memory Usage (437480K) : Executing rule MIM.c
2026-08-18 11:31:42 -0400: Memory Usage (438040K) : Executing rule MIM.d
2026-08-18 11:31:42 -0400: Memory Usage (437384K) : Executing rule MIM.gR
2026-08-18 11:31:42 -0400: Memory Usage (437384K) : Starting 7.2 Latch-up table
2026-08-18 11:31:42 -0400: Memory Usage (437384K) : Executing rule LU.b
2026-08-18 11:31:42 -0400: Memory Usage (437984K) : Starting 7.3 Metal Slits table
2026-08-18 11:31:42 -0400: Memory Usage (437944K) : Executing rule Slt.e1_M1
2026-08-18 11:31:42 -0400: Memory Usage (437528K) : Executing rule Slt.e1_M2
2026-08-18 11:31:42 -0400: Memory Usage (437528K) : Executing rule Slt.e1_M3
2026-08-18 11:31:42 -0400: Memory Usage (437528K) : Executing rule Slt.e1_M4
2026-08-18 11:31:42 -0400: Memory Usage (437528K) : Executing rule Slt.e1_M5
2026-08-18 11:31:42 -0400: Memory Usage (437528K) : Executing rule Slt.e1_TM1
2026-08-18 11:31:42 -0400: Memory Usage (437528K) : Executing rule Slt.e1_TM2
2026-08-18 11:31:42 -0400: Memory Usage (437528K) : Starting 7.4. PIN table
2026-08-18 11:31:42 -0400: Memory Usage (437528K) : Executing rule Pin.a
2026-08-18 11:31:42 -0400: Memory Usage (437528K) : Executing rule Pin.b
2026-08-18 11:31:42 -0400: Memory Usage (437528K) : Executing rule Pin.e
2026-08-18 11:31:42 -0400: Memory Usage (438288K) : Executing rule Pin.f_M2
2026-08-18 11:31:42 -0400: Memory Usage (437652K) : Executing rule Pin.f_M3
2026-08-18 11:31:42 -0400: Memory Usage (437652K) : Executing rule Pin.f_M4
2026-08-18 11:31:42 -0400: Memory Usage (437652K) : Executing rule Pin.f_M5
2026-08-18 11:31:42 -0400: Memory Usage (438548K) : Executing rule Pin.g
2026-08-18 11:31:42 -0400: Memory Usage (437892K) : Executing rule Pin.h
2026-08-18 11:31:42 -0400: Memory Usage (437508K) : Starting 9.1. LBE table
2026-08-18 11:31:42 -0400: Memory Usage (437508K) : Executing rule LBE.a
2026-08-18 11:31:42 -0400: Memory Usage (437508K) : Executing rule LBE.b
2026-08-18 11:31:42 -0400: Memory Usage (437508K) : Executing rule LBE.b1
2026-08-18 11:31:42 -0400: Memory Usage (437508K) : Executing rule LBE.c
2026-08-18 11:31:42 -0400: Memory Usage (437508K) : Executing rule LBE.d
2026-08-18 11:31:42 -0400: Memory Usage (437508K) : Executing rule LBE.h
2026-08-18 11:31:42 -0400: Memory Usage (437508K) : KLayout DRC run for table 'main' completed in 5.71 seconds
2026-08-18 20:31:04 -0400: Memory Usage (413736K) : Starting running IHP-SG13G2 Klayout DRC runset on /home/noorizad/spicexplorer-workspace/external/agentic-design-pam4-driver-ihp130/report/work/c/dut_pam4.gds
2026-08-18 20:31:04 -0400: Memory Usage (413736K) : Ruby Version for klayout: 2.5.9
2026-08-18 20:31:04 -0400: Memory Usage (413736K) : Loading database to memory is complete.
2026-08-18 20:31:04 -0400: Memory Usage (413736K) : IHP-SG13G2 Klayout DRC runset output at: /home/noorizad/spicexplorer-workspace/external/agentic-design-pam4-driver-ihp130/report/work/c/signoff/drc/dut_pam4_pam4drv_pam4_lay_main.lyrdb
2026-08-18 20:31:04 -0400: Memory Usage (413736K) : Evaluate switches.
2026-08-18 20:31:04 -0400: Memory Usage (413736K) : table_name selected  main
2026-08-18 20:31:04 -0400: Memory Usage (413736K) : Klayout will use 128 thread(s)
2026-08-18 20:31:04 -0400: Memory Usage (413736K) : deep mode is enabled for main table.
2026-08-18 20:31:04 -0400: Memory Usage (413736K) : FEOL enabled: true
2026-08-18 20:31:04 -0400: Memory Usage (413736K) : BEOL enabled: true
2026-08-18 20:31:04 -0400: Memory Usage (413736K) : OffGrid enabled: true
2026-08-18 20:31:04 -0400: Memory Usage (413736K) : PreCheck DRC enabled: false
2026-08-18 20:31:04 -0400: Memory Usage (413736K) : CONNECTIVITY_RULES enabled: true for table main
2026-08-18 20:31:04 -0400: Memory Usage (413736K) : Read in polygons from layers.
2026-08-18 20:31:04 -0400: Memory Usage (413736K) : activ_drw has 68 polygons
2026-08-18 20:31:04 -0400: Memory Usage (413736K) : activ_pin has 0 polygons
2026-08-18 20:31:04 -0400: Memory Usage (413736K) : activ_mask has 12 polygons
2026-08-18 20:31:04 -0400: Memory Usage (413736K) : activ_filler has 0 polygons
2026-08-18 20:31:04 -0400: Memory Usage (413736K) : activ_nofill has 0 polygons
2026-08-18 20:31:04 -0400: Memory Usage (413736K) : activ_opc has 0 polygons
2026-08-18 20:31:04 -0400: Memory Usage (413736K) : activ_iopc has 0 polygons
2026-08-18 20:31:04 -0400: Memory Usage (413736K) : activ_noqrc has 0 polygons
2026-08-18 20:31:04 -0400: Memory Usage (413736K) : biwind_drw has 0 polygons
2026-08-18 20:31:04 -0400: Memory Usage (413736K) : biwind_opc has 0 polygons
2026-08-18 20:31:04 -0400: Memory Usage (413736K) : pemwind_drw has 0 polygons
2026-08-18 20:31:04 -0400: Memory Usage (413736K) : gatpoly_drw has 24 polygons
2026-08-18 20:31:04 -0400: Memory Usage (413736K) : gatpoly_pin has 0 polygons
2026-08-18 20:31:04 -0400: Memory Usage (413736K) : gatpoly_filler has 0 polygons
2026-08-18 20:31:04 -0400: Memory Usage (413736K) : gatpoly_nofill has 0 polygons
2026-08-18 20:31:04 -0400: Memory Usage (413736K) : gatpoly_opc has 0 polygons
2026-08-18 20:31:04 -0400: Memory Usage (413736K) : gatpoly_iopc has 0 polygons
2026-08-18 20:31:04 -0400: Memory Usage (413736K) : gatpoly_noqrc has 0 polygons
2026-08-18 20:31:04 -0400: Memory Usage (413736K) : cont_drw has 950 polygons
2026-08-18 20:31:04 -0400: Memory Usage (413736K) : cont_opc has 0 polygons
2026-08-18 20:31:04 -0400: Memory Usage (413736K) : nsd_drw has 0 polygons
2026-08-18 20:31:04 -0400: Memory Usage (413736K) : nsd_block has 24 polygons
2026-08-18 20:31:04 -0400: Memory Usage (413736K) : metal1_drw has 94 polygons
2026-08-18 20:31:04 -0400: Memory Usage (413736K) : metal1_pin has 48 polygons
2026-08-18 20:31:04 -0400: Memory Usage (415760K) : metal1_mask has 0 polygons
2026-08-18 20:31:04 -0400: Memory Usage (415760K) : metal1_filler has 0 polygons
2026-08-18 20:31:04 -0400: Memory Usage (415760K) : metal1_nofill has 0 polygons
2026-08-18 20:31:04 -0400: Memory Usage (415760K) : metal1_slit has 0 polygons
2026-08-18 20:31:04 -0400: Memory Usage (415760K) : metal1_text has 6 polygons
2026-08-18 20:31:04 -0400: Memory Usage (415760K) : metal1_opc has 0 polygons
2026-08-18 20:31:04 -0400: Memory Usage (416264K) : metal1_noqrc has 0 polygons
2026-08-18 20:31:04 -0400: Memory Usage (416264K) : metal1_res has 0 polygons
2026-08-18 20:31:04 -0400: Memory Usage (416264K) : metal1_iprobe has 0 polygons
2026-08-18 20:31:04 -0400: Memory Usage (416264K) : metal1_diffprb has 0 polygons
2026-08-18 20:31:04 -0400: Memory Usage (416264K) : passiv_drw has 0 polygons
2026-08-18 20:31:04 -0400: Memory Usage (416264K) : passiv_pin has 0 polygons
2026-08-18 20:31:04 -0400: Memory Usage (416264K) : passiv_sbump has 0 polygons
2026-08-18 20:31:04 -0400: Memory Usage (416528K) : passiv_pillar has 0 polygons
2026-08-18 20:31:04 -0400: Memory Usage (416528K) : passiv_pdl has 0 polygons
2026-08-18 20:31:04 -0400: Memory Usage (416528K) : metal2_drw has 44 polygons
2026-08-18 20:31:04 -0400: Memory Usage (416528K) : metal2_pin has 12 polygons
2026-08-18 20:31:04 -0400: Memory Usage (416528K) : metal2_mask has 0 polygons
2026-08-18 20:31:04 -0400: Memory Usage (416528K) : metal2_filler has 0 polygons
2026-08-18 20:31:04 -0400: Memory Usage (416528K) : metal2_nofill has 0 polygons
2026-08-18 20:31:04 -0400: Memory Usage (416528K) : metal2_slit has 0 polygons
2026-08-18 20:31:04 -0400: Memory Usage (416528K) : metal2_text has 0 polygons
2026-08-18 20:31:04 -0400: Memory Usage (416528K) : metal2_opc has 0 polygons
2026-08-18 20:31:04 -0400: Memory Usage (416528K) : metal2_noqrc has 0 polygons
2026-08-18 20:31:04 -0400: Memory Usage (416528K) : metal2_res has 0 polygons
2026-08-18 20:31:04 -0400: Memory Usage (416528K) : metal2_iprobe has 0 polygons
2026-08-18 20:31:04 -0400: Memory Usage (416528K) : metal2_diffprb has 0 polygons
2026-08-18 20:31:04 -0400: Memory Usage (416792K) : baspoly_drw has 0 polygons
2026-08-18 20:31:04 -0400: Memory Usage (416792K) : baspoly_pin has 0 polygons
2026-08-18 20:31:04 -0400: Memory Usage (416792K) : psd_drw has 20 polygons
2026-08-18 20:31:04 -0400: Memory Usage (416792K) : nldb_drw has 0 polygons
2026-08-18 20:31:04 -0400: Memory Usage (416792K) : digibnd_drw has 0 polygons
2026-08-18 20:31:04 -0400: Memory Usage (416792K) : via1_drw has 504 polygons
2026-08-18 20:31:04 -0400: Memory Usage (417056K) : backmetal1_drw has 0 polygons
2026-08-18 20:31:04 -0400: Memory Usage (417056K) : backmetal1_pin has 0 polygons
2026-08-18 20:31:04 -0400: Memory Usage (417056K) : backmetal1_mask has 0 polygons
2026-08-18 20:31:04 -0400: Memory Usage (417056K) : backmetal1_filler has 0 polygons
2026-08-18 20:31:04 -0400: Memory Usage (417056K) : backmetal1_nofill has 0 polygons
2026-08-18 20:31:04 -0400: Memory Usage (417056K) : backmetal1_slit has 0 polygons
2026-08-18 20:31:04 -0400: Memory Usage (417320K) : backmetal1_text has 0 polygons
2026-08-18 20:31:04 -0400: Memory Usage (417320K) : backmetal1_opc has 0 polygons
2026-08-18 20:31:04 -0400: Memory Usage (417320K) : backmetal1_noqrc has 0 polygons
2026-08-18 20:31:04 -0400: Memory Usage (417320K) : backmetal1_res has 0 polygons
2026-08-18 20:31:04 -0400: Memory Usage (417320K) : backmetal1_iprobe has 0 polygons
2026-08-18 20:31:04 -0400: Memory Usage (417320K) : backmetal1_diffprb has 0 polygons
2026-08-18 20:31:04 -0400: Memory Usage (417584K) : backpassiv_drw has 0 polygons
2026-08-18 20:31:04 -0400: Memory Usage (417584K) : res_drw has 12 polygons
2026-08-18 20:31:04 -0400: Memory Usage (417584K) : sram_drw has 0 polygons
2026-08-18 20:31:04 -0400: Memory Usage (417584K) : trans_drw has 12 polygons
2026-08-18 20:31:04 -0400: Memory Usage (417584K) : ind_drw has 0 polygons
2026-08-18 20:31:04 -0400: Memory Usage (417848K) : ind_pin has 0 polygons
2026-08-18 20:31:04 -0400: Memory Usage (417848K) : ind_text has 0 polygons
2026-08-18 20:31:04 -0400: Memory Usage (417848K) : salblock_drw has 0 polygons
2026-08-18 20:31:04 -0400: Memory Usage (417848K) : via2_drw has 200 polygons
2026-08-18 20:31:04 -0400: Memory Usage (417848K) : metal3_drw has 28 polygons
2026-08-18 20:31:04 -0400: Memory Usage (417848K) : metal3_pin has 0 polygons
2026-08-18 20:31:04 -0400: Memory Usage (418112K) : metal3_mask has 0 polygons
2026-08-18 20:31:04 -0400: Memory Usage (418112K) : metal3_filler has 0 polygons
2026-08-18 20:31:04 -0400: Memory Usage (418112K) : metal3_nofill has 0 polygons
2026-08-18 20:31:04 -0400: Memory Usage (418112K) : metal3_slit has 0 polygons
2026-08-18 20:31:04 -0400: Memory Usage (418112K) : metal3_text has 0 polygons
2026-08-18 20:31:04 -0400: Memory Usage (418112K) : metal3_opc has 0 polygons
2026-08-18 20:31:04 -0400: Memory Usage (418112K) : metal3_noqrc has 0 polygons
2026-08-18 20:31:04 -0400: Memory Usage (418112K) : metal3_res has 0 polygons
2026-08-18 20:31:04 -0400: Memory Usage (418112K) : metal3_iprobe has 0 polygons
2026-08-18 20:31:04 -0400: Memory Usage (418112K) : metal3_diffprb has 0 polygons
2026-08-18 20:31:04 -0400: Memory Usage (418376K) : nwell_drw has 0 polygons
2026-08-18 20:31:04 -0400: Memory Usage (418376K) : nwell_pin has 0 polygons
2026-08-18 20:31:04 -0400: Memory Usage (418376K) : nbulay_drw has 0 polygons
2026-08-18 20:31:04 -0400: Memory Usage (418376K) : nbulay_pin has 0 polygons
2026-08-18 20:31:04 -0400: Memory Usage (418376K) : nbulay_block has 0 polygons
2026-08-18 20:31:04 -0400: Memory Usage (418376K) : emwind_drw has 36 polygons
2026-08-18 20:31:04 -0400: Memory Usage (418640K) : emwind_opc has 0 polygons
2026-08-18 20:31:04 -0400: Memory Usage (418640K) : deepco_drw has 0 polygons
2026-08-18 20:31:04 -0400: Memory Usage (418640K) : deepco_drw has 0 polygons
2026-08-18 20:31:04 -0400: Memory Usage (418640K) : mim_drw has 3 polygons
2026-08-18 20:31:04 -0400: Memory Usage (418640K) : edgeseal_drw has 0 polygons
2026-08-18 20:31:04 -0400: Memory Usage (418640K) : edgeseal_bound has 0 polygons
2026-08-18 20:31:04 -0400: Memory Usage (418640K) : substrate_drw has 0 polygons
2026-08-18 20:31:04 -0400: Memory Usage (418904K) : substrate_text has 0 polygons
2026-08-18 20:31:04 -0400: Memory Usage (418904K) : dfpad_drw has 0 polygons
2026-08-18 20:31:04 -0400: Memory Usage (418904K) : dfpad_pillar has 0 polygons
2026-08-18 20:31:04 -0400: Memory Usage (418904K) : dfpad_sbump has 0 polygons
2026-08-18 20:31:04 -0400: Memory Usage (418904K) : thickgateox_drw has 0 polygons
2026-08-18 20:31:04 -0400: Memory Usage (418904K) : pldb_drw has 0 polygons
2026-08-18 20:31:04 -0400: Memory Usage (419168K) : pwell_drw has 0 polygons
2026-08-18 20:31:04 -0400: Memory Usage (419168K) : pwell_pin has 0 polygons
2026-08-18 20:31:04 -0400: Memory Usage (419168K) : pwell_block has 0 polygons
2026-08-18 20:31:04 -0400: Memory Usage (419168K) : ic_drw has 0 polygons
2026-08-18 20:31:04 -0400: Memory Usage (419168K) : via3_drw has 184 polygons
2026-08-18 20:31:04 -0400: Memory Usage (419168K) : metal4_drw has 24 polygons
2026-08-18 20:31:04 -0400: Memory Usage (419432K) : metal4_pin has 0 polygons
2026-08-18 20:31:04 -0400: Memory Usage (419432K) : metal4_mask has 0 polygons
2026-08-18 20:31:04 -0400: Memory Usage (419432K) : metal4_filler has 0 polygons
2026-08-18 20:31:04 -0400: Memory Usage (419432K) : metal4_nofill has 3 polygons
2026-08-18 20:31:04 -0400: Memory Usage (419432K) : metal4_slit has 0 polygons
2026-08-18 20:31:04 -0400: Memory Usage (419432K) : metal4_text has 4 polygons
2026-08-18 20:31:04 -0400: Memory Usage (419696K) : metal4_opc has 0 polygons
2026-08-18 20:31:04 -0400: Memory Usage (419696K) : metal4_noqrc has 0 polygons
2026-08-18 20:31:04 -0400: Memory Usage (419696K) : metal4_res has 0 polygons
2026-08-18 20:31:04 -0400: Memory Usage (419696K) : metal4_iprobe has 0 polygons
2026-08-18 20:31:04 -0400: Memory Usage (419696K) : metal4_diffprb has 0 polygons
2026-08-18 20:31:04 -0400: Memory Usage (419696K) : heattrans_drw has 0 polygons
2026-08-18 20:31:04 -0400: Memory Usage (419960K) : heatres_drw has 12 polygons
2026-08-18 20:31:04 -0400: Memory Usage (419960K) : pempoly_drw has 0 polygons
2026-08-18 20:31:04 -0400: Memory Usage (419960K) : fbe_drw has 0 polygons
2026-08-18 20:31:04 -0400: Memory Usage (419960K) : empoly_drw has 0 polygons
2026-08-18 20:31:04 -0400: Memory Usage (419960K) : ldmos_drw has 0 polygons
2026-08-18 20:31:04 -0400: Memory Usage (420224K) : pbiwind_drw has 0 polygons
2026-08-18 20:31:04 -0400: Memory Usage (420224K) : digisub_drw has 0 polygons
2026-08-18 20:31:04 -0400: Memory Usage (420224K) : nodrc_drw has 0 polygons
2026-08-18 20:31:04 -0400: Memory Usage (420224K) : text_drw has 72 polygons
2026-08-18 20:31:04 -0400: Memory Usage (420224K) : via4_drw has 144 polygons
2026-08-18 20:31:04 -0400: Memory Usage (420224K) : metal5_drw has 16 polygons
2026-08-18 20:31:04 -0400: Memory Usage (420488K) : metal5_pin has 3 polygons
2026-08-18 20:31:04 -0400: Memory Usage (420488K) : metal5_mask has 0 polygons
2026-08-18 20:31:04 -0400: Memory Usage (420488K) : metal5_filler has 0 polygons
2026-08-18 20:31:04 -0400: Memory Usage (420488K) : metal5_nofill has 3 polygons
2026-08-18 20:31:04 -0400: Memory Usage (420488K) : metal5_slit has 0 polygons
2026-08-18 20:31:04 -0400: Memory Usage (420488K) : metal5_text has 0 polygons
2026-08-18 20:31:04 -0400: Memory Usage (420752K) : metal5_opc has 0 polygons
2026-08-18 20:31:04 -0400: Memory Usage (420752K) : metal5_noqrc has 0 polygons
2026-08-18 20:31:04 -0400: Memory Usage (420752K) : metal5_res has 0 polygons
2026-08-18 20:31:04 -0400: Memory Usage (420752K) : metal5_iprobe has 0 polygons
2026-08-18 20:31:04 -0400: Memory Usage (420752K) : metal5_diffprb has 0 polygons
2026-08-18 20:31:04 -0400: Memory Usage (420752K) : radhard_drw has 0 polygons
2026-08-18 20:31:04 -0400: Memory Usage (421016K) : memcap_drw has 3 polygons
2026-08-18 20:31:04 -0400: Memory Usage (421016K) : varicap_drw has 0 polygons
2026-08-18 20:31:04 -0400: Memory Usage (421016K) : flash_drw has 0 polygons
2026-08-18 20:31:04 -0400: Memory Usage (421016K) : intbondvia_drw has 0 polygons
2026-08-18 20:31:04 -0400: Memory Usage (421016K) : intbondmet_drw has 0 polygons
2026-08-18 20:31:04 -0400: Memory Usage (421280K) : devbondvia_drw has 0 polygons
2026-08-18 20:31:04 -0400: Memory Usage (421280K) : devbondmet_drw has 0 polygons
2026-08-18 20:31:04 -0400: Memory Usage (421280K) : devtrench_drw has 0 polygons
2026-08-18 20:31:04 -0400: Memory Usage (421280K) : redist_drw has 0 polygons
2026-08-18 20:31:04 -0400: Memory Usage (421280K) : graphbot_drw has 0 polygons
2026-08-18 20:31:04 -0400: Memory Usage (421544K) : graphtop_drw has 0 polygons
2026-08-18 20:31:04 -0400: Memory Usage (421544K) : antvia1_drw has 0 polygons
2026-08-18 20:31:04 -0400: Memory Usage (421544K) : antmetal2_drw has 0 polygons
2026-08-18 20:31:04 -0400: Memory Usage (421544K) : graphcont_drw has 0 polygons
2026-08-18 20:31:04 -0400: Memory Usage (421544K) : siwg_drw has 0 polygons
2026-08-18 20:31:04 -0400: Memory Usage (421544K) : siwg_filler has 0 polygons
2026-08-18 20:31:04 -0400: Memory Usage (421808K) : siwg_nofill has 0 polygons
2026-08-18 20:31:04 -0400: Memory Usage (421808K) : sigrating_drw has 0 polygons
2026-08-18 20:31:04 -0400: Memory Usage (421808K) : singrating_drw has 0 polygons
2026-08-18 20:31:04 -0400: Memory Usage (421808K) : graphpas_drw has 0 polygons
2026-08-18 20:31:04 -0400: Memory Usage (421808K) : emwind3_drw has 0 polygons
2026-08-18 20:31:04 -0400: Memory Usage (422072K) : emwihv3_drw has 0 polygons
2026-08-18 20:31:04 -0400: Memory Usage (422072K) : redbulay_drw has 0 polygons
2026-08-18 20:31:04 -0400: Memory Usage (422072K) : smos_drw has 0 polygons
2026-08-18 20:31:04 -0400: Memory Usage (422072K) : graphpad_drw has 0 polygons
2026-08-18 20:31:04 -0400: Memory Usage (422072K) : polimide_drw has 0 polygons
2026-08-18 20:31:04 -0400: Memory Usage (422072K) : polimide_pin has 0 polygons
2026-08-18 20:31:04 -0400: Memory Usage (422336K) : recog_drw has 0 polygons
2026-08-18 20:31:04 -0400: Memory Usage (422336K) : recog_pin has 0 polygons
2026-08-18 20:31:04 -0400: Memory Usage (422336K) : recog_esd has 0 polygons
2026-08-18 20:31:04 -0400: Memory Usage (422336K) : recog_diode has 0 polygons
2026-08-18 20:31:04 -0400: Memory Usage (422336K) : recog_tsv has 0 polygons
2026-08-18 20:31:04 -0400: Memory Usage (422336K) : recog_iprobe has 0 polygons
2026-08-18 20:31:04 -0400: Memory Usage (422600K) : recog_diffprb has 0 polygons
2026-08-18 20:31:04 -0400: Memory Usage (422600K) : recog_pillar has 0 polygons
2026-08-18 20:31:04 -0400: Memory Usage (422600K) : recog_sbump has 0 polygons
2026-08-18 20:31:04 -0400: Memory Usage (422600K) : recog_otp has 0 polygons
2026-08-18 20:31:04 -0400: Memory Usage (422600K) : recog_pdiode has 0 polygons
2026-08-18 20:31:04 -0400: Memory Usage (422600K) : recog_mom has 0 polygons
2026-08-18 20:31:04 -0400: Memory Usage (422600K) : recog_pcm has 0 polygons
2026-08-18 20:31:04 -0400: Memory Usage (422864K) : colopen_drw has 0 polygons
2026-08-18 20:31:04 -0400: Memory Usage (422864K) : graphmetal1_drw has 0 polygons
2026-08-18 20:31:04 -0400: Memory Usage (422864K) : graphmetal1_filler has 0 polygons
2026-08-18 20:31:04 -0400: Memory Usage (422864K) : graphmetal1_nofill has 0 polygons
2026-08-18 20:31:04 -0400: Memory Usage (422864K) : graphmetal1_slit has 0 polygons
2026-08-18 20:31:04 -0400: Memory Usage (422864K) : graphmetal1_opc has 0 polygons
2026-08-18 20:31:04 -0400: Memory Usage (423128K) : graphmet1l_drw has 0 polygons
2026-08-18 20:31:04 -0400: Memory Usage (423128K) : graphmet1l_filler has 0 polygons
2026-08-18 20:31:04 -0400: Memory Usage (423128K) : graphmet1l_nofill has 0 polygons
2026-08-18 20:31:04 -0400: Memory Usage (423128K) : graphmet1l_slit has 0 polygons
2026-08-18 20:31:04 -0400: Memory Usage (423128K) : graphmet1l_opc has 0 polygons
2026-08-18 20:31:04 -0400: Memory Usage (423128K) : extblock_drw has 12 polygons
2026-08-18 20:31:04 -0400: Memory Usage (423128K) : nldd_drw has 0 polygons
2026-08-18 20:31:04 -0400: Memory Usage (423392K) : pldd_drw has 0 polygons
2026-08-18 20:31:04 -0400: Memory Usage (423392K) : next_drw has 0 polygons
2026-08-18 20:31:04 -0400: Memory Usage (423392K) : pext_drw has 0 polygons
2026-08-18 20:31:04 -0400: Memory Usage (423392K) : nexthv_drw has 0 polygons
2026-08-18 20:31:04 -0400: Memory Usage (423392K) : pexthv_drw has 0 polygons
2026-08-18 20:31:04 -0400: Memory Usage (423656K) : graphgate_drw has 0 polygons
2026-08-18 20:31:04 -0400: Memory Usage (423656K) : sinwg_drw has 0 polygons
2026-08-18 20:31:04 -0400: Memory Usage (423656K) : sinwg_filler has 0 polygons
2026-08-18 20:31:04 -0400: Memory Usage (423656K) : sinwg_nofill has 0 polygons
2026-08-18 20:31:04 -0400: Memory Usage (423656K) : mempad_drw has 0 polygons
2026-08-18 20:31:04 -0400: Memory Usage (423656K) : topvia1_drw has 13 polygons
2026-08-18 20:31:04 -0400: Memory Usage (423920K) : topmetal1_drw has 11 polygons
2026-08-18 20:31:04 -0400: Memory Usage (423920K) : topmetal1_pin has 3 polygons
2026-08-18 20:31:04 -0400: Memory Usage (423920K) : topmetal1_mask has 0 polygons
2026-08-18 20:31:04 -0400: Memory Usage (423920K) : topmetal1_filler has 0 polygons
2026-08-18 20:31:04 -0400: Memory Usage (423920K) : topmetal1_nofill has 3 polygons
2026-08-18 20:31:04 -0400: Memory Usage (423920K) : topmetal1_slit has 0 polygons
2026-08-18 20:31:04 -0400: Memory Usage (423920K) : topmetal1_text has 2 polygons
2026-08-18 20:31:04 -0400: Memory Usage (424184K) : topmetal1_noqrc has 0 polygons
2026-08-18 20:31:04 -0400: Memory Usage (424184K) : topmetal1_res has 0 polygons
2026-08-18 20:31:04 -0400: Memory Usage (424184K) : topmetal1_iprobe has 0 polygons
2026-08-18 20:31:04 -0400: Memory Usage (424184K) : topmetal1_diffprb has 0 polygons
2026-08-18 20:31:04 -0400: Memory Usage (424184K) : inldpwl_drw has 0 polygons
2026-08-18 20:31:04 -0400: Memory Usage (424184K) : polyres_drw has 12 polygons
2026-08-18 20:31:05 -0400: Memory Usage (424448K) : polyres_pin has 0 polygons
2026-08-18 20:31:05 -0400: Memory Usage (424448K) : vmim_drw has 12 polygons
2026-08-18 20:31:05 -0400: Memory Usage (424448K) : nbulaycut_drw has 0 polygons
2026-08-18 20:31:05 -0400: Memory Usage (424448K) : antmetal1_drw has 0 polygons
2026-08-18 20:31:05 -0400: Memory Usage (424448K) : topvia2_drw has 2 polygons
2026-08-18 20:31:05 -0400: Memory Usage (424712K) : topmetal2_drw has 1 polygons
2026-08-18 20:31:05 -0400: Memory Usage (424712K) : topmetal2_pin has 0 polygons
2026-08-18 20:31:05 -0400: Memory Usage (424712K) : topmetal2_mask has 0 polygons
2026-08-18 20:31:05 -0400: Memory Usage (424712K) : topmetal2_filler has 0 polygons
2026-08-18 20:31:05 -0400: Memory Usage (424712K) : topmetal2_nofill has 3 polygons
2026-08-18 20:31:05 -0400: Memory Usage (424712K) : topmetal2_slit has 0 polygons
2026-08-18 20:31:05 -0400: Memory Usage (424976K) : topmetal2_text has 1 polygons
2026-08-18 20:31:05 -0400: Memory Usage (424976K) : topmetal2_noqrc has 0 polygons
2026-08-18 20:31:05 -0400: Memory Usage (424976K) : topmetal2_res has 0 polygons
2026-08-18 20:31:05 -0400: Memory Usage (424976K) : topmetal2_iprobe has 0 polygons
2026-08-18 20:31:05 -0400: Memory Usage (424976K) : topmetal2_diffprb has 0 polygons
2026-08-18 20:31:05 -0400: Memory Usage (425240K) : snsring_drw has 0 polygons
2026-08-18 20:31:05 -0400: Memory Usage (425240K) : sensor_drw has 0 polygons
2026-08-18 20:31:05 -0400: Memory Usage (425240K) : snsarms_drw has 0 polygons
2026-08-18 20:31:05 -0400: Memory Usage (425240K) : snscmosvia_drw has 0 polygons
2026-08-18 20:31:05 -0400: Memory Usage (425240K) : colwind_drw has 0 polygons
2026-08-18 20:31:05 -0400: Memory Usage (425240K) : flm_drw has 0 polygons
2026-08-18 20:31:05 -0400: Memory Usage (425504K) : hafniumox_drw has 0 polygons
2026-08-18 20:31:05 -0400: Memory Usage (425504K) : memvia_drw has 0 polygons
2026-08-18 20:31:05 -0400: Memory Usage (425504K) : thinfilmres_drw has 0 polygons
2026-08-18 20:31:05 -0400: Memory Usage (425504K) : rfmem_drw has 0 polygons
2026-08-18 20:31:05 -0400: Memory Usage (425504K) : norcx_drw has 0 polygons
2026-08-18 20:31:05 -0400: Memory Usage (425504K) : norcx_m2m3 has 0 polygons
2026-08-18 20:31:05 -0400: Memory Usage (425768K) : norcx_m2m4 has 0 polygons
2026-08-18 20:31:05 -0400: Memory Usage (425768K) : norcx_m2m5 has 0 polygons
2026-08-18 20:31:05 -0400: Memory Usage (425768K) : norcx_m2tm1 has 0 polygons
2026-08-18 20:31:05 -0400: Memory Usage (425768K) : norcx_m2tm2 has 0 polygons
2026-08-18 20:31:05 -0400: Memory Usage (425768K) : norcx_m3m4 has 0 polygons
2026-08-18 20:31:05 -0400: Memory Usage (425768K) : norcx_m3m5 has 0 polygons
2026-08-18 20:31:05 -0400: Memory Usage (426032K) : norcx_m3tm1 has 0 polygons
2026-08-18 20:31:05 -0400: Memory Usage (426032K) : norcx_m3tm2 has 0 polygons
2026-08-18 20:31:05 -0400: Memory Usage (426032K) : norcx_m4m5 has 0 polygons
2026-08-18 20:31:05 -0400: Memory Usage (426032K) : norcx_m4tm1 has 0 polygons
2026-08-18 20:31:05 -0400: Memory Usage (426032K) : norcx_m4tm2 has 0 polygons
2026-08-18 20:31:05 -0400: Memory Usage (426032K) : norcx_m5tm1 has 0 polygons
2026-08-18 20:31:05 -0400: Memory Usage (426032K) : norcx_m5tm2 has 0 polygons
2026-08-18 20:31:05 -0400: Memory Usage (426032K) : norcx_tm1tm2 has 0 polygons
2026-08-18 20:31:05 -0400: Memory Usage (426296K) : norcx_m1sub has 0 polygons
2026-08-18 20:31:05 -0400: Memory Usage (426296K) : norcx_m2sub has 0 polygons
2026-08-18 20:31:05 -0400: Memory Usage (426296K) : norcx_m3sub has 0 polygons
2026-08-18 20:31:05 -0400: Memory Usage (426296K) : norcx_m4sub has 0 polygons
2026-08-18 20:31:05 -0400: Memory Usage (426296K) : norcx_m5sub has 0 polygons
2026-08-18 20:31:05 -0400: Memory Usage (426296K) : norcx_tm1sub has 0 polygons
2026-08-18 20:31:05 -0400: Memory Usage (426560K) : norcx_tm2sub has 0 polygons
2026-08-18 20:31:05 -0400: Memory Usage (426560K) : snsbotvia_drw has 0 polygons
2026-08-18 20:31:05 -0400: Memory Usage (426560K) : snstopvia_drw has 0 polygons
2026-08-18 20:31:05 -0400: Memory Usage (426560K) : deepvia_drw has 0 polygons
2026-08-18 20:31:05 -0400: Memory Usage (426560K) : fgetch_drw has 0 polygons
2026-08-18 20:31:05 -0400: Memory Usage (426560K) : ctrgat_drw has 0 polygons
2026-08-18 20:31:05 -0400: Memory Usage (426560K) : fgimp_drw has 0 polygons
2026-08-18 20:31:05 -0400: Memory Usage (426824K) : emwihv_drw has 0 polygons
2026-08-18 20:31:05 -0400: Memory Usage (426824K) : lbe_drw has 0 polygons
2026-08-18 20:31:05 -0400: Memory Usage (426824K) : alcustop_drw has 0 polygons
2026-08-18 20:31:05 -0400: Memory Usage (426824K) : nometfiller_drw has 0 polygons
2026-08-18 20:31:05 -0400: Memory Usage (426824K) : prboundary_drw has 0 polygons
2026-08-18 20:31:05 -0400: Memory Usage (426824K) : exchange0_drw has 0 polygons
2026-08-18 20:31:05 -0400: Memory Usage (427088K) : exchange0_pin has 0 polygons
2026-08-18 20:31:05 -0400: Memory Usage (427088K) : exchange0_text has 0 polygons
2026-08-18 20:31:05 -0400: Memory Usage (427088K) : exchange1_drw has 0 polygons
2026-08-18 20:31:05 -0400: Memory Usage (427088K) : exchange1_pin has 0 polygons
2026-08-18 20:31:05 -0400: Memory Usage (427088K) : exchange1_text has 0 polygons
2026-08-18 20:31:05 -0400: Memory Usage (427088K) : exchange2_drw has 0 polygons
2026-08-18 20:31:05 -0400: Memory Usage (427088K) : exchange2_pin has 0 polygons
2026-08-18 20:31:05 -0400: Memory Usage (427352K) : exchange2_text has 0 polygons
2026-08-18 20:31:05 -0400: Memory Usage (427352K) : exchange3_drw has 0 polygons
2026-08-18 20:31:05 -0400: Memory Usage (427352K) : exchange3_pin has 0 polygons
2026-08-18 20:31:05 -0400: Memory Usage (427352K) : exchange3_text has 0 polygons
2026-08-18 20:31:05 -0400: Memory Usage (427352K) : exchange4_drw has 0 polygons
2026-08-18 20:31:05 -0400: Memory Usage (427352K) : exchange4_pin has 0 polygons
2026-08-18 20:31:05 -0400: Memory Usage (427616K) : exchange4_text has 0 polygons
2026-08-18 20:31:05 -0400: Memory Usage (427616K) : isonwell_drw has 0 polygons
2026-08-18 20:31:05 -0400: Memory Usage (427616K) : Total no. of polygons in the design is 2640
2026-08-18 20:31:05 -0400: Memory Usage (427616K) : Loaded TECH DRC rules values from /home/noorizad/local/pdks/ihp-sg13g2/libs.tech/klayout/python/sg13g2_pycell_lib/sg13g2_tech_mod.json
2026-08-18 20:31:05 -0400: Memory Usage (427616K) : Loaded default DRC rules values from /home/noorizad/local/pdks/ihp-sg13g2/libs.tech/klayout/tech/drc/rule_decks/sg13g2_tech_default.json
2026-08-18 20:31:05 -0400: Memory Usage (427616K) : The following rules values were missing in tech json and default values were used:
2026-08-18 20:31:05 -0400: Memory Usage (427616K) :   - Cnt_c_digibnd
2026-08-18 20:31:05 -0400: Memory Usage (428540K) : Total area of the design is 7551.672 um^2.
2026-08-18 20:31:05 -0400: Memory Usage (428540K) : The design dimensions are 99.60000000000001 µm * 75.82 µm.
2026-08-18 20:31:05 -0400: Memory Usage (428540K) : Starting general IHP-SG13G2 derivations.
2026-08-18 20:31:05 -0400: Memory Usage (428540K) : Starting Pwell derivations
2026-08-18 20:31:05 -0400: Memory Usage (426628K) : Starting n-Activ derivations
2026-08-18 20:31:05 -0400: Memory Usage (451472K) : Starting p-Activ derivations
2026-08-18 20:31:05 -0400: Memory Usage (434424K) : Starting ptap derivations
2026-08-18 20:31:05 -0400: Memory Usage (451144K) : Starting ntap derivations
2026-08-18 20:31:05 -0400: Memory Usage (434600K) : Starting pact FET derivations
2026-08-18 20:31:05 -0400: Memory Usage (434340K) : Starting nact FET derivations
2026-08-18 20:31:05 -0400: Memory Usage (443584K) : Starting Gate derivations
2026-08-18 20:31:05 -0400: Memory Usage (435560K) : Starting cont/contbar general derivations
2026-08-18 20:31:05 -0400: Memory Usage (459952K) : Starting pad general derivations
2026-08-18 20:31:05 -0400: Memory Usage (433752K) : Starting IHP-SG13G2 DRC connectivity related derivations.
2026-08-18 20:31:05 -0400: Memory Usage (457080K) : Starting IHP-SG13G2 DRC connectivity setup
2026-08-18 20:31:05 -0400: Memory Usage (433648K) : Starting IHP-SG13G2 DRC rules.
2026-08-18 20:31:05 -0400: Memory Usage (433648K) : Running all FEOL rules
2026-08-18 20:31:05 -0400: Memory Usage (433648K) : Running all BEOL rules
2026-08-18 20:31:05 -0400: Memory Usage (433648K) : Starting 3.2. FORBIDDEN table
2026-08-18 20:31:05 -0400: Memory Usage (433648K) : Executing rule forbidden.biwind
2026-08-18 20:31:05 -0400: Memory Usage (433648K) : Executing rule forbidden.pemwind
2026-08-18 20:31:05 -0400: Memory Usage (433648K) : Executing rule forbidden.baspoly
2026-08-18 20:31:05 -0400: Memory Usage (433648K) : Executing rule forbidden.deepco
2026-08-18 20:31:05 -0400: Memory Usage (433648K) : Executing rule forbidden.pempoly
2026-08-18 20:31:05 -0400: Memory Usage (433648K) : Executing rule forbidden.empoly
2026-08-18 20:31:05 -0400: Memory Usage (433648K) : Executing rule forbidden.ldmos
2026-08-18 20:31:05 -0400: Memory Usage (433648K) : Executing rule forbidden.pbiwind
2026-08-18 20:31:05 -0400: Memory Usage (433648K) : Executing rule forbidden.nodrc
2026-08-18 20:31:05 -0400: Memory Usage (433648K) : Executing rule forbidden.flash
2026-08-18 20:31:05 -0400: Memory Usage (433648K) : Executing rule forbidden.colwind
2026-08-18 20:31:05 -0400: Memory Usage (433648K) : Starting 5.1 NWell table
2026-08-18 20:31:05 -0400: Memory Usage (433648K) : Executing rule NW.b
2026-08-18 20:31:05 -0400: Memory Usage (433648K) : Executing rule NW.b1
2026-08-18 20:31:05 -0400: Memory Usage (433648K) : Starting 5.2 PWell:block
2026-08-18 20:31:05 -0400: Memory Usage (433648K) : Executing rule PWB.e
2026-08-18 20:31:05 -0400: Memory Usage (433648K) : Executing rule PWB.e1
2026-08-18 20:31:05 -0400: Memory Usage (433648K) : Executing rule PWB.f
2026-08-18 20:31:05 -0400: Memory Usage (433648K) : Executing rule PWB.f1
2026-08-18 20:31:05 -0400: Memory Usage (433648K) : Starting 5.3 nBuLay table
2026-08-18 20:31:05 -0400: Memory Usage (433648K) : Executing rule NBL.b
2026-08-18 20:31:05 -0400: Memory Usage (433648K) : Executing rule NBL.c
2026-08-18 20:31:05 -0400: Memory Usage (433648K) : Executing rule NBL.d
2026-08-18 20:31:05 -0400: Memory Usage (433648K) : Executing rule NBL.e
2026-08-18 20:31:05 -0400: Memory Usage (433648K) : Executing rule NBL.f
2026-08-18 20:31:05 -0400: Memory Usage (433648K) : Starting 5.5. Activ table
2026-08-18 20:31:05 -0400: Memory Usage (433648K) : Executing rule Act.a
2026-08-18 20:31:05 -0400: Memory Usage (433648K) : Executing rule Act.b
2026-08-18 20:31:05 -0400: Memory Usage (435008K) : Starting 5.6 Activ:filler table
2026-08-18 20:31:05 -0400: Memory Usage (434456K) : Executing rule AFil.c1
2026-08-18 20:31:05 -0400: Memory Usage (434264K) : Executing rule AFil.c
2026-08-18 20:31:05 -0400: Memory Usage (434248K) : Executing rule AFil.d
2026-08-18 20:31:05 -0400: Memory Usage (434248K) : Executing rule AFil.e
2026-08-18 20:31:05 -0400: Memory Usage (434248K) : Executing rule AFil.j
2026-08-18 20:31:05 -0400: Memory Usage (434248K) : Starting 5.7. ThickGateOx table
2026-08-18 20:31:05 -0400: Memory Usage (434248K) : Executing rule TGO.f
2026-08-18 20:31:05 -0400: Memory Usage (434248K) : Starting 5.8. GatPoly table
2026-08-18 20:31:05 -0400: Memory Usage (434248K) : Executing rule Gat.a
2026-08-18 20:31:05 -0400: Memory Usage (434248K) : Executing rule Gat.b
2026-08-18 20:31:06 -0400: Memory Usage (436184K) : Executing rule Gat.d
2026-08-18 20:31:06 -0400: Memory Usage (434888K) : Executing rule Gat.a1
2026-08-18 20:31:06 -0400: Memory Usage (436220K) : Executing rule Gat.a2
2026-08-18 20:31:06 -0400: Memory Usage (436468K) : Executing rule Gat.g
2026-08-18 20:31:06 -0400: Memory Usage (434852K) : Starting 5.9 GatPoly:filler
2026-08-18 20:31:06 -0400: Memory Usage (434852K) : Executing rule GFil.d
2026-08-18 20:31:06 -0400: Memory Usage (434852K) : Executing rule GFil.e
2026-08-18 20:31:06 -0400: Memory Usage (434852K) : Executing rule GFil.i
2026-08-18 20:31:06 -0400: Memory Usage (434852K) : Starting 5.10 pSD table
2026-08-18 20:31:06 -0400: Memory Usage (434852K) : Executing rule pSD.c1
2026-08-18 20:31:06 -0400: Memory Usage (436640K) : Starting 5.14. Cont table
2026-08-18 20:31:06 -0400: Memory Usage (436584K) : Executing rule Cnt.a
2026-08-18 20:31:06 -0400: Memory Usage (434832K) : Executing rule Cnt.b
2026-08-18 20:31:06 -0400: Memory Usage (435964K) : Executing rule Cnt.c
2026-08-18 20:31:06 -0400: Memory Usage (436916K) : Executing rule Cnt.c
2026-08-18 20:31:06 -0400: Memory Usage (435852K) : Executing rule Cnt.d
2026-08-18 20:31:06 -0400: Memory Usage (436748K) : Executing rule Cnt.e
2026-08-18 20:31:06 -0400: Memory Usage (435912K) : Executing rule Cnt.g1
2026-08-18 20:31:06 -0400: Memory Usage (435732K) : Executing rule Cnt.g2
2026-08-18 20:31:06 -0400: Memory Usage (436400K) : Starting 5.15. ContBar table
2026-08-18 20:31:06 -0400: Memory Usage (436336K) : Executing rule CntB.b1
2026-08-18 20:31:06 -0400: Memory Usage (436932K) : Executing rule CntB.h1
2026-08-18 20:31:07 -0400: Memory Usage (435972K) : Starting 5.16. Metal1 table
2026-08-18 20:31:07 -0400: Memory Usage (435972K) : Executing rule M1.a
2026-08-18 20:31:07 -0400: Memory Usage (435972K) : Executing rule M1.b
2026-08-18 20:31:07 -0400: Memory Usage (436656K) : Executing rule M1.e
2026-08-18 20:31:07 -0400: Memory Usage (436968K) : Executing rule M1.f
2026-08-18 20:31:07 -0400: Memory Usage (436296K) : Executing rule M1.g
2026-08-18 20:31:07 -0400: Memory Usage (436236K) : Executing rule M1.i
2026-08-18 20:31:07 -0400: Memory Usage (437636K) : Starting 5.17 Metaln table
2026-08-18 20:31:07 -0400: Memory Usage (437612K) : Executing rule M2.a
2026-08-18 20:31:07 -0400: Memory Usage (436780K) : Executing rule M2.b
2026-08-18 20:31:07 -0400: Memory Usage (436204K) : Executing rule M2.e
2026-08-18 20:31:07 -0400: Memory Usage (436164K) : Executing rule M2.f
2026-08-18 20:31:07 -0400: Memory Usage (436164K) : Executing rule M2.g
2026-08-18 20:31:07 -0400: Memory Usage (437176K) : Executing rule M2.i
2026-08-18 20:31:07 -0400: Memory Usage (436608K) : Executing rule M3.a
2026-08-18 20:31:07 -0400: Memory Usage (436368K) : Executing rule M3.b
2026-08-18 20:31:07 -0400: Memory Usage (437172K) : Executing rule M3.e
2026-08-18 20:31:07 -0400: Memory Usage (436772K) : Executing rule M3.f
2026-08-18 20:31:07 -0400: Memory Usage (436260K) : Executing rule M3.g
2026-08-18 20:31:07 -0400: Memory Usage (437616K) : Executing rule M3.i
2026-08-18 20:31:07 -0400: Memory Usage (437532K) : Executing rule M4.a
2026-08-18 20:31:07 -0400: Memory Usage (436588K) : Executing rule M4.b
2026-08-18 20:31:07 -0400: Memory Usage (436436K) : Executing rule M4.e
2026-08-18 20:31:08 -0400: Memory Usage (437928K) : Executing rule M4.f
2026-08-18 20:31:08 -0400: Memory Usage (436552K) : Executing rule M4.g
2026-08-18 20:31:08 -0400: Memory Usage (437464K) : Executing rule M4.i
2026-08-18 20:31:08 -0400: Memory Usage (437008K) : Executing rule M5.a
2026-08-18 20:31:08 -0400: Memory Usage (436376K) : Executing rule M5.b
2026-08-18 20:31:08 -0400: Memory Usage (436940K) : Executing rule M5.e
2026-08-18 20:31:08 -0400: Memory Usage (437844K) : Executing rule M5.f
2026-08-18 20:31:08 -0400: Memory Usage (436464K) : Executing rule M5.g
2026-08-18 20:31:08 -0400: Memory Usage (437844K) : Executing rule M5.i
2026-08-18 20:31:08 -0400: Memory Usage (457128K) : Starting 5.18 Metaln:filler table
2026-08-18 20:31:08 -0400: Memory Usage (457128K) : Executing rule M1Fil.c
2026-08-18 20:31:08 -0400: Memory Usage (457128K) : Executing rule M1Fil.a2
2026-08-18 20:31:08 -0400: Memory Usage (438832K) : Executing rule M2Fil.c
2026-08-18 20:31:08 -0400: Memory Usage (438304K) : Executing rule M2Fil.a2
2026-08-18 20:31:08 -0400: Memory Usage (438304K) : Executing rule M3Fil.c
2026-08-18 20:31:08 -0400: Memory Usage (438304K) : Executing rule M3Fil.a2
2026-08-18 20:31:08 -0400: Memory Usage (437856K) : Executing rule M4Fil.c
2026-08-18 20:31:08 -0400: Memory Usage (436712K) : Executing rule M4Fil.a2
2026-08-18 20:31:08 -0400: Memory Usage (436440K) : Executing rule M5Fil.c
2026-08-18 20:31:08 -0400: Memory Usage (436440K) : Executing rule M5Fil.a2
2026-08-18 20:31:08 -0400: Memory Usage (436440K) : Starting 5.19. Via1 table
2026-08-18 20:31:08 -0400: Memory Usage (436440K) : Starting 5.19. Via1 table derivations
2026-08-18 20:31:08 -0400: Memory Usage (436440K) : Executing rule V1.a
2026-08-18 20:31:08 -0400: Memory Usage (436440K) : Executing rule V1.b
2026-08-18 20:31:08 -0400: Memory Usage (436472K) : Executing rule V1.c
2026-08-18 20:31:08 -0400: Memory Usage (437380K) : Starting 5.20. Vian table
2026-08-18 20:31:08 -0400: Memory Usage (437044K) : Executing rule V2.a
2026-08-18 20:31:08 -0400: Memory Usage (436516K) : Executing rule V2.b
2026-08-18 20:31:08 -0400: Memory Usage (438048K) : Executing rule V2.c
2026-08-18 20:31:08 -0400: Memory Usage (437220K) : Executing rule V3.a
2026-08-18 20:31:08 -0400: Memory Usage (436492K) : Executing rule V3.b
2026-08-18 20:31:08 -0400: Memory Usage (437016K) : Executing rule V3.c
2026-08-18 20:31:08 -0400: Memory Usage (437596K) : Executing rule V4.a
2026-08-18 20:31:08 -0400: Memory Usage (436752K) : Executing rule V4.b
2026-08-18 20:31:08 -0400: Memory Usage (437348K) : Executing rule V4.c
2026-08-18 20:31:09 -0400: Memory Usage (438440K) : Starting 5.21. TopVia1 table
2026-08-18 20:31:09 -0400: Memory Usage (438064K) : Executing rule TV1.a
2026-08-18 20:31:09 -0400: Memory Usage (436708K) : Executing rule TV1.b
2026-08-18 20:31:09 -0400: Memory Usage (437504K) : Executing rule TV1.c
2026-08-18 20:31:09 -0400: Memory Usage (436612K) : Executing rule TV1.d
2026-08-18 20:31:09 -0400: Memory Usage (438420K) : Starting 5.22. TopMetal1 table
2026-08-18 20:31:09 -0400: Memory Usage (438420K) : Executing rule TM1.a
2026-08-18 20:31:09 -0400: Memory Usage (438420K) : Executing rule TM1.b
2026-08-18 20:31:09 -0400: Memory Usage (446552K) : Starting 5.23 TopMetal1:filler table
2026-08-18 20:31:09 -0400: Memory Usage (446552K) : Executing rule TM1Fil.c
2026-08-18 20:31:09 -0400: Memory Usage (437912K) : Executing rule TM1Fil.a1
2026-08-18 20:31:09 -0400: Memory Usage (437272K) : Starting 5.24. TopVia2 table
2026-08-18 20:31:09 -0400: Memory Usage (437040K) : Executing rule TV2.a
2026-08-18 20:31:09 -0400: Memory Usage (436616K) : Executing rule TV2.b
2026-08-18 20:31:09 -0400: Memory Usage (437552K) : Executing rule TV2.c
2026-08-18 20:31:09 -0400: Memory Usage (438688K) : Executing rule TV2.d
2026-08-18 20:31:09 -0400: Memory Usage (436724K) : Starting 5.25. TopMetal2 table
2026-08-18 20:31:09 -0400: Memory Usage (436716K) : Executing rule TM2.a
2026-08-18 20:31:09 -0400: Memory Usage (436716K) : Executing rule TM2.b
2026-08-18 20:31:09 -0400: Memory Usage (437548K) : Executing rule TM2.bR
2026-08-18 20:31:09 -0400: Memory Usage (436692K) : Starting 5.26 TopMetal2:filler table
2026-08-18 20:31:09 -0400: Memory Usage (436692K) : Executing rule TM2Fil.c
2026-08-18 20:31:09 -0400: Memory Usage (436692K) : Executing rule TM2Fil.a1
2026-08-18 20:31:09 -0400: Memory Usage (436692K) : Starting 5.27. Passiv table
2026-08-18 20:31:09 -0400: Memory Usage (436692K) : Executing rule Pas.a
2026-08-18 20:31:09 -0400: Memory Usage (436692K) : Executing rule Pas.b
2026-08-18 20:31:09 -0400: Memory Usage (436692K) : Executing rule Pas.c
2026-08-18 20:31:09 -0400: Memory Usage (436692K) : Starting 6.1.3 NPN Substrate-Tie table
2026-08-18 20:31:09 -0400: Memory Usage (438640K) : Executing rule npn13G2.bR 
2026-08-18 20:31:09 -0400: Memory Usage (437832K) : Executing rule npn13G2L.cR 
2026-08-18 20:31:10 -0400: Memory Usage (437548K) : Executing rule npn13G2V.cR 
2026-08-18 20:31:10 -0400: Memory Usage (436732K) : Starting 6.7 Schottky diode table
2026-08-18 20:31:10 -0400: Memory Usage (436732K) : Executing rule Sdiod.d
2026-08-18 20:31:10 -0400: Memory Usage (436732K) : Executing rule Sdiod.e
2026-08-18 20:31:10 -0400: Memory Usage (436732K) : Starting 6.9.2 Copper Pillar table
2026-08-18 20:31:10 -0400: Memory Usage (436732K) : Executing rule Padc.a
2026-08-18 20:31:10 -0400: Memory Usage (436732K) : Executing rule Padc.b
2026-08-18 20:31:10 -0400: Memory Usage (436732K) : Executing rule Padc.c
2026-08-18 20:31:10 -0400: Memory Usage (436732K) : Executing rule Padb.f
2026-08-18 20:31:10 -0400: Memory Usage (436732K) : Starting 6.9 Pad table
2026-08-18 20:31:10 -0400: Memory Usage (436732K) : Executing rule Pad.m
2026-08-18 20:31:10 -0400: Memory Usage (436732K) : Executing rule Pad.fR_M1
2026-08-18 20:31:10 -0400: Memory Usage (436732K) : Executing rule Pad.fR_M2
2026-08-18 20:31:10 -0400: Memory Usage (436732K) : Executing rule Pad.fR_M3
2026-08-18 20:31:10 -0400: Memory Usage (436732K) : Executing rule Pad.fR_M4
2026-08-18 20:31:10 -0400: Memory Usage (436732K) : Executing rule Pad.fR_M5
2026-08-18 20:31:10 -0400: Memory Usage (436732K) : Executing rule Pad.fR_TM1
2026-08-18 20:31:10 -0400: Memory Usage (436732K) : Executing rule Pad.fR_TM2
2026-08-18 20:31:10 -0400: Memory Usage (436732K) : Executing rule Pad.i
2026-08-18 20:31:10 -0400: Memory Usage (436732K) : Starting 6.9.1 Solder Bump
2026-08-18 20:31:10 -0400: Memory Usage (436732K) : Executing rule Padb.a
2026-08-18 20:31:10 -0400: Memory Usage (436732K) : Executing rule Padb.b
2026-08-18 20:31:10 -0400: Memory Usage (436732K) : Executing rule Padb.c
2026-08-18 20:31:10 -0400: Memory Usage (436732K) : Executing rule Padb.f
2026-08-18 20:31:10 -0400: Memory Usage (436732K) : Executing rule Padb.d
2026-08-18 20:31:10 -0400: Memory Usage (436732K) : Starting 6.10 Sealring table
2026-08-18 20:31:10 -0400: Memory Usage (436732K) : Executing rule Seal.l
2026-08-18 20:31:10 -0400: Memory Usage (436732K) : Executing rule Seal.n
2026-08-18 20:31:10 -0400: Memory Usage (436732K) : Executing rule seal.b_metal1
2026-08-18 20:31:10 -0400: Memory Usage (436732K) : Executing rule seal.b_metal2
2026-08-18 20:31:10 -0400: Memory Usage (436732K) : Executing rule seal.b_metal3
2026-08-18 20:31:10 -0400: Memory Usage (436732K) : Executing rule seal.b_metal4
2026-08-18 20:31:10 -0400: Memory Usage (436732K) : Executing rule seal.b_metal5
2026-08-18 20:31:10 -0400: Memory Usage (436732K) : Executing rule seal.b_topmetal1
2026-08-18 20:31:10 -0400: Memory Usage (436732K) : Executing rule seal.b_topmetal2
2026-08-18 20:31:10 -0400: Memory Usage (436732K) : Executing rule seal.b_activ
2026-08-18 20:31:10 -0400: Memory Usage (436732K) : Executing rule seal.b_psd
2026-08-18 20:31:10 -0400: Memory Usage (436732K) : Executing rule Seal.k
2026-08-18 20:31:10 -0400: Memory Usage (436732K) : Executing rule Seal.m
2026-08-18 20:31:10 -0400: Memory Usage (436732K) : Starting 6.11 MIM table
2026-08-18 20:31:10 -0400: Memory Usage (436732K) : Executing rule MIM.c
2026-08-18 20:31:10 -0400: Memory Usage (438084K) : Executing rule MIM.d
2026-08-18 20:31:10 -0400: Memory Usage (437496K) : Executing rule MIM.gR
2026-08-18 20:31:10 -0400: Memory Usage (437144K) : Starting 7.2 Latch-up table
2026-08-18 20:31:10 -0400: Memory Usage (437120K) : Executing rule LU.b
2026-08-18 20:31:10 -0400: Memory Usage (439440K) : Starting 7.3 Metal Slits table
2026-08-18 20:31:10 -0400: Memory Usage (439432K) : Executing rule Slt.e1_M1
2026-08-18 20:31:10 -0400: Memory Usage (436864K) : Executing rule Slt.e1_M2
2026-08-18 20:31:10 -0400: Memory Usage (436808K) : Executing rule Slt.e1_M3
2026-08-18 20:31:10 -0400: Memory Usage (436808K) : Executing rule Slt.e1_M4
2026-08-18 20:31:10 -0400: Memory Usage (436808K) : Executing rule Slt.e1_M5
2026-08-18 20:31:10 -0400: Memory Usage (436808K) : Executing rule Slt.e1_TM1
2026-08-18 20:31:10 -0400: Memory Usage (436808K) : Executing rule Slt.e1_TM2
2026-08-18 20:31:10 -0400: Memory Usage (436808K) : Starting 7.4. PIN table
2026-08-18 20:31:10 -0400: Memory Usage (436808K) : Executing rule Pin.a
2026-08-18 20:31:10 -0400: Memory Usage (436808K) : Executing rule Pin.b
2026-08-18 20:31:10 -0400: Memory Usage (436808K) : Executing rule Pin.e
2026-08-18 20:31:10 -0400: Memory Usage (437132K) : Executing rule Pin.f_M2
2026-08-18 20:31:10 -0400: Memory Usage (436784K) : Executing rule Pin.f_M3
2026-08-18 20:31:10 -0400: Memory Usage (436784K) : Executing rule Pin.f_M4
2026-08-18 20:31:10 -0400: Memory Usage (436784K) : Executing rule Pin.f_M5
2026-08-18 20:31:10 -0400: Memory Usage (437376K) : Executing rule Pin.g
2026-08-18 20:31:10 -0400: Memory Usage (437780K) : Executing rule Pin.h
2026-08-18 20:31:10 -0400: Memory Usage (437108K) : Starting 9.1. LBE table
2026-08-18 20:31:10 -0400: Memory Usage (436948K) : Executing rule LBE.a
2026-08-18 20:31:10 -0400: Memory Usage (436948K) : Executing rule LBE.b
2026-08-18 20:31:10 -0400: Memory Usage (436948K) : Executing rule LBE.b1
2026-08-18 20:31:10 -0400: Memory Usage (436948K) : Executing rule LBE.c
2026-08-18 20:31:10 -0400: Memory Usage (436948K) : Executing rule LBE.d
2026-08-18 20:31:10 -0400: Memory Usage (436948K) : Executing rule LBE.h
2026-08-18 20:31:10 -0400: Memory Usage (436948K) : KLayout DRC run for table 'main' completed in 6.2 seconds
