# Logfile created on 2026-08-18 11:31:15 -0400 by logger.rb/61378
2026-08-18 11:31:15 -0400: Memory Usage (413380K) : Starting running SG13G2 Klayout LVS runset on /home/noorizad/spicexplorer-workspace/external/agentic-design-pam4-driver-ihp130/report/work/b/dut_pam4.gds
2026-08-18 11:31:15 -0400: Memory Usage (413380K) : Ruby Version for klayout: 2.5.9
2026-08-18 11:31:15 -0400: Memory Usage (413380K) : Loading database to memory is complete.
2026-08-18 11:31:15 -0400: Memory Usage (413380K) : SG13G2 Klayout LVS runset output at: /home/noorizad/spicexplorer-workspace/external/agentic-design-pam4-driver-ihp130/report/work/b/signoff/lvs/dut_pam4.lvsdb
2026-08-18 11:31:15 -0400: Memory Usage (413380K) : Evaluate switches.
2026-08-18 11:31:15 -0400: Memory Usage (413380K) : Extracted netlist with net names: true
2026-08-18 11:31:15 -0400: Memory Usage (413380K) : Extracted netlist with comments in details: false
2026-08-18 11:31:15 -0400: Memory Usage (413380K) : Selected NET_ONLY option: false
2026-08-18 11:31:15 -0400: Memory Usage (413380K) : Selected ALLOW_UNMATCHED_PORTS option: false
2026-08-18 11:31:15 -0400: Memory Usage (413380K) : Selected TOP_LVL_PINS option: false
2026-08-18 11:31:15 -0400: Memory Usage (413380K) : Selected COMBINE DEVICES option: false
2026-08-18 11:31:15 -0400: Memory Usage (413380K) : Selected PURGE option: false
2026-08-18 11:31:15 -0400: Memory Usage (413380K) : Selected PURGE_NETS option: false
2026-08-18 11:31:15 -0400: Memory Usage (413380K) : Selected SIMPLIFY option: true
2026-08-18 11:31:15 -0400: Memory Usage (413380K) : Selected SERIES_RES option: true
2026-08-18 11:31:15 -0400: Memory Usage (413380K) : Selected PARALLEL_RES option: true
2026-08-18 11:31:15 -0400: Memory Usage (413380K) : Verbose mode: false
2026-08-18 11:31:15 -0400: Memory Usage (413380K) : deep  mode is enabled.
2026-08-18 11:31:15 -0400: Memory Usage (413380K) : Netlist file: /home/noorizad/spicexplorer-workspace/external/agentic-design-pam4-driver-ihp130/report/work/b/dut_pam4_lvs.spice
2026-08-18 11:31:15 -0400: Memory Usage (413380K) : LVS extracted netlist at: /home/noorizad/spicexplorer-workspace/external/agentic-design-pam4-driver-ihp130/report/work/b/signoff/lvs/dut_pam4_extracted.cir
2026-08-18 11:31:15 -0400: Memory Usage (413380K) : Read in polygons from layers.
2026-08-18 11:31:15 -0400: Memory Usage (416452K) : activ_drw has 68 polygons
2026-08-18 11:31:15 -0400: Memory Usage (416452K) : activ_filler has 0 polygons
2026-08-18 11:31:15 -0400: Memory Usage (416452K) : activ has 68 polygons
2026-08-18 11:31:15 -0400: Memory Usage (416452K) : activ_pin has 0 polygons
2026-08-18 11:31:15 -0400: Memory Usage (416452K) : activ_mask has 12 polygons
2026-08-18 11:31:15 -0400: Memory Usage (416452K) : activ_nofill has 0 polygons
2026-08-18 11:31:15 -0400: Memory Usage (416452K) : activ_OPC has 0 polygons
2026-08-18 11:31:15 -0400: Memory Usage (416452K) : activ_iOPC has 0 polygons
2026-08-18 11:31:15 -0400: Memory Usage (416452K) : activ_noqrc has 0 polygons
2026-08-18 11:31:15 -0400: Memory Usage (416452K) : biwind_drw has 0 polygons
2026-08-18 11:31:15 -0400: Memory Usage (416452K) : biwind_OPC has 0 polygons
2026-08-18 11:31:15 -0400: Memory Usage (416452K) : gatpoly_drw has 24 polygons
2026-08-18 11:31:15 -0400: Memory Usage (416452K) : gatpoly_filler has 0 polygons
2026-08-18 11:31:15 -0400: Memory Usage (416452K) : gatpoly has 24 polygons
2026-08-18 11:31:15 -0400: Memory Usage (416452K) : gatpoly_pin has 0 polygons
2026-08-18 11:31:15 -0400: Memory Usage (416452K) : gatpoly_nofill has 0 polygons
2026-08-18 11:31:15 -0400: Memory Usage (416452K) : gatpoly_OPC has 0 polygons
2026-08-18 11:31:15 -0400: Memory Usage (416452K) : gatpoly_iOPC has 0 polygons
2026-08-18 11:31:15 -0400: Memory Usage (416452K) : gatpoly_noqrc has 0 polygons
2026-08-18 11:31:15 -0400: Memory Usage (416452K) : cont_drw has 972 polygons
2026-08-18 11:31:15 -0400: Memory Usage (417016K) : cont_OPC has 0 polygons
2026-08-18 11:31:15 -0400: Memory Usage (417016K) : nsd_drw has 0 polygons
2026-08-18 11:31:15 -0400: Memory Usage (417016K) : nsd_block has 24 polygons
2026-08-18 11:31:15 -0400: Memory Usage (417280K) : metal1_drw has 111 polygons
2026-08-18 11:31:15 -0400: Memory Usage (417280K) : metal1_filler has 0 polygons
2026-08-18 11:31:15 -0400: Memory Usage (417280K) : metal1_slit has 0 polygons
2026-08-18 11:31:15 -0400: Memory Usage (417280K) : metal1 has 111 polygons
2026-08-18 11:31:15 -0400: Memory Usage (417280K) : metal1_pin has 48 polygons
2026-08-18 11:31:15 -0400: Memory Usage (417544K) : metal1_mask has 0 polygons
2026-08-18 11:31:15 -0400: Memory Usage (417544K) : metal1_nofill has 0 polygons
2026-08-18 11:31:15 -0400: Memory Usage (417544K) : metal1_text has 6 polygons
2026-08-18 11:31:15 -0400: Memory Usage (417544K) : metal1_OPC has 0 polygons
2026-08-18 11:31:15 -0400: Memory Usage (417544K) : metal1_noqrc has 0 polygons
2026-08-18 11:31:15 -0400: Memory Usage (417544K) : metal1_res has 0 polygons
2026-08-18 11:31:15 -0400: Memory Usage (417544K) : metal1_iprobe has 0 polygons
2026-08-18 11:31:15 -0400: Memory Usage (417544K) : metal1_diffprb has 0 polygons
2026-08-18 11:31:15 -0400: Memory Usage (418108K) : passiv_drw has 0 polygons
2026-08-18 11:31:15 -0400: Memory Usage (418108K) : passiv_pin has 0 polygons
2026-08-18 11:31:15 -0400: Memory Usage (418108K) : passiv_sbump has 0 polygons
2026-08-18 11:31:15 -0400: Memory Usage (418108K) : passiv_pillar has 0 polygons
2026-08-18 11:31:15 -0400: Memory Usage (418372K) : passiv_pdl has 0 polygons
2026-08-18 11:31:15 -0400: Memory Usage (418372K) : metal2_drw has 38 polygons
2026-08-18 11:31:15 -0400: Memory Usage (418372K) : metal2_filler has 0 polygons
2026-08-18 11:31:15 -0400: Memory Usage (418372K) : metal2_slit has 0 polygons
2026-08-18 11:31:15 -0400: Memory Usage (418636K) : metal2 has 38 polygons
2026-08-18 11:31:15 -0400: Memory Usage (418636K) : metal2_pin has 12 polygons
2026-08-18 11:31:15 -0400: Memory Usage (418636K) : metal2_mask has 0 polygons
2026-08-18 11:31:15 -0400: Memory Usage (418900K) : metal2_nofill has 0 polygons
2026-08-18 11:31:15 -0400: Memory Usage (418900K) : metal2_text has 0 polygons
2026-08-18 11:31:15 -0400: Memory Usage (418900K) : metal2_OPC has 0 polygons
2026-08-18 11:31:15 -0400: Memory Usage (418900K) : metal2_noqrc has 0 polygons
2026-08-18 11:31:15 -0400: Memory Usage (419164K) : metal2_res has 0 polygons
2026-08-18 11:31:15 -0400: Memory Usage (419164K) : metal2_iprobe has 0 polygons
2026-08-18 11:31:15 -0400: Memory Usage (419164K) : metal2_diffprb has 0 polygons
2026-08-18 11:31:15 -0400: Memory Usage (419164K) : baspoly_drw has 0 polygons
2026-08-18 11:31:15 -0400: Memory Usage (419428K) : baspoly_pin has 0 polygons
2026-08-18 11:31:15 -0400: Memory Usage (419428K) : psd_drw has 20 polygons
2026-08-18 11:31:15 -0400: Memory Usage (419428K) : nldb_drw has 0 polygons
2026-08-18 11:31:15 -0400: Memory Usage (419428K) : digibnd_drw has 0 polygons
2026-08-18 11:31:15 -0400: Memory Usage (419692K) : via1_drw has 550 polygons
2026-08-18 11:31:15 -0400: Memory Usage (419692K) : backmetal1_drw has 0 polygons
2026-08-18 11:31:15 -0400: Memory Usage (419692K) : backmetal1_pin has 0 polygons
2026-08-18 11:31:15 -0400: Memory Usage (419956K) : backmetal1_mask has 0 polygons
2026-08-18 11:31:15 -0400: Memory Usage (419956K) : backmetal1_filler has 0 polygons
2026-08-18 11:31:15 -0400: Memory Usage (419956K) : backmetal1_nofill has 0 polygons
2026-08-18 11:31:15 -0400: Memory Usage (419956K) : backmetal1_slit has 0 polygons
2026-08-18 11:31:15 -0400: Memory Usage (419956K) : backmetal1_text has 0 polygons
2026-08-18 11:31:15 -0400: Memory Usage (419956K) : backmetal1_OPC has 0 polygons
2026-08-18 11:31:15 -0400: Memory Usage (419956K) : backmetal1_noqrc has 0 polygons
2026-08-18 11:31:15 -0400: Memory Usage (419956K) : backmetal1_res has 0 polygons
2026-08-18 11:31:15 -0400: Memory Usage (420220K) : backmetal1_iprobe has 0 polygons
2026-08-18 11:31:15 -0400: Memory Usage (420220K) : backmetal1_diffprb has 0 polygons
2026-08-18 11:31:15 -0400: Memory Usage (420220K) : backpassiv_drw has 0 polygons
2026-08-18 11:31:15 -0400: Memory Usage (420220K) : res_drw has 12 polygons
2026-08-18 11:31:15 -0400: Memory Usage (420484K) : sram_drw has 0 polygons
2026-08-18 11:31:15 -0400: Memory Usage (420484K) : trans_drw has 12 polygons
2026-08-18 11:31:15 -0400: Memory Usage (420484K) : ind_drw has 0 polygons
2026-08-18 11:31:15 -0400: Memory Usage (420484K) : ind_pin has 0 polygons
2026-08-18 11:31:15 -0400: Memory Usage (420748K) : ind_text has 0 polygons
2026-08-18 11:31:15 -0400: Memory Usage (420748K) : salblock_drw has 0 polygons
2026-08-18 11:31:15 -0400: Memory Usage (420748K) : via2_drw has 312 polygons
2026-08-18 11:31:15 -0400: Memory Usage (420748K) : metal3_drw has 26 polygons
2026-08-18 11:31:15 -0400: Memory Usage (421012K) : metal3_filler has 0 polygons
2026-08-18 11:31:15 -0400: Memory Usage (421012K) : metal3_slit has 0 polygons
2026-08-18 11:31:15 -0400: Memory Usage (421012K) : metal3 has 26 polygons
2026-08-18 11:31:15 -0400: Memory Usage (421276K) : metal3_pin has 0 polygons
2026-08-18 11:31:15 -0400: Memory Usage (421276K) : metal3_mask has 0 polygons
2026-08-18 11:31:15 -0400: Memory Usage (421276K) : metal3_nofill has 0 polygons
2026-08-18 11:31:15 -0400: Memory Usage (421276K) : metal3_text has 4 polygons
2026-08-18 11:31:15 -0400: Memory Usage (421540K) : metal3_OPC has 0 polygons
2026-08-18 11:31:15 -0400: Memory Usage (421540K) : metal3_noqrc has 0 polygons
2026-08-18 11:31:15 -0400: Memory Usage (421540K) : metal3_res has 0 polygons
2026-08-18 11:31:15 -0400: Memory Usage (421540K) : metal3_iprobe has 0 polygons
2026-08-18 11:31:15 -0400: Memory Usage (421804K) : metal3_diffprb has 0 polygons
2026-08-18 11:31:15 -0400: Memory Usage (421804K) : nwell_drw has 0 polygons
2026-08-18 11:31:15 -0400: Memory Usage (421804K) : nwell_pin has 0 polygons
2026-08-18 11:31:15 -0400: Memory Usage (421804K) : nbulay_drw has 0 polygons
2026-08-18 11:31:15 -0400: Memory Usage (422068K) : nbulay_pin has 0 polygons
2026-08-18 11:31:15 -0400: Memory Usage (422068K) : nbulay_block has 0 polygons
2026-08-18 11:31:15 -0400: Memory Usage (422068K) : emwind_drw has 36 polygons
2026-08-18 11:31:15 -0400: Memory Usage (422068K) : emwind_OPC has 0 polygons
2026-08-18 11:31:15 -0400: Memory Usage (422332K) : deepco_drw has 0 polygons
2026-08-18 11:31:15 -0400: Memory Usage (422332K) : mim_drw has 3 polygons
2026-08-18 11:31:15 -0400: Memory Usage (422332K) : edgeseal_drw has 0 polygons
2026-08-18 11:31:15 -0400: Memory Usage (422332K) : substrate_drw has 0 polygons
2026-08-18 11:31:15 -0400: Memory Usage (422596K) : substrate_text has 0 polygons
2026-08-18 11:31:15 -0400: Memory Usage (422596K) : dfpad_drw has 0 polygons
2026-08-18 11:31:15 -0400: Memory Usage (422596K) : dfpad_pillar has 0 polygons
2026-08-18 11:31:15 -0400: Memory Usage (422596K) : dfpad_sbump has 0 polygons
2026-08-18 11:31:15 -0400: Memory Usage (422860K) : thickgateox_drw has 0 polygons
2026-08-18 11:31:15 -0400: Memory Usage (422860K) : pldb_drw has 0 polygons
2026-08-18 11:31:15 -0400: Memory Usage (422860K) : pwell_drw has 0 polygons
2026-08-18 11:31:15 -0400: Memory Usage (422860K) : pwell_pin has 0 polygons
2026-08-18 11:31:15 -0400: Memory Usage (423124K) : pwell_block has 0 polygons
2026-08-18 11:31:15 -0400: Memory Usage (423124K) : ic_drw has 0 polygons
2026-08-18 11:31:15 -0400: Memory Usage (423124K) : via3_drw has 256 polygons
2026-08-18 11:31:15 -0400: Memory Usage (423124K) : metal4_drw has 16 polygons
2026-08-18 11:31:15 -0400: Memory Usage (423388K) : metal4_filler has 0 polygons
2026-08-18 11:31:15 -0400: Memory Usage (423388K) : metal4_slit has 0 polygons
2026-08-18 11:31:15 -0400: Memory Usage (423388K) : metal4 has 16 polygons
2026-08-18 11:31:15 -0400: Memory Usage (423388K) : metal4_pin has 0 polygons
2026-08-18 11:31:15 -0400: Memory Usage (423652K) : metal4_mask has 0 polygons
2026-08-18 11:31:15 -0400: Memory Usage (423652K) : metal4_nofill has 3 polygons
2026-08-18 11:31:15 -0400: Memory Usage (423652K) : metal4_text has 0 polygons
2026-08-18 11:31:15 -0400: Memory Usage (423652K) : metal4_OPC has 0 polygons
2026-08-18 11:31:15 -0400: Memory Usage (423916K) : metal4_noqrc has 0 polygons
2026-08-18 11:31:15 -0400: Memory Usage (423916K) : metal4_res has 0 polygons
2026-08-18 11:31:15 -0400: Memory Usage (423916K) : metal4_iprobe has 0 polygons
2026-08-18 11:31:15 -0400: Memory Usage (423916K) : metal4_diffprb has 0 polygons
2026-08-18 11:31:15 -0400: Memory Usage (424180K) : heattrans_drw has 0 polygons
2026-08-18 11:31:15 -0400: Memory Usage (424180K) : heatres_drw has 12 polygons
2026-08-18 11:31:15 -0400: Memory Usage (424180K) : fbe_drw has 0 polygons
2026-08-18 11:31:15 -0400: Memory Usage (424180K) : empoly_drw has 0 polygons
2026-08-18 11:31:15 -0400: Memory Usage (424444K) : digisub_drw has 0 polygons
2026-08-18 11:31:15 -0400: Memory Usage (424444K) : text_drw has 72 polygons
2026-08-18 11:31:15 -0400: Memory Usage (424444K) : via4_drw has 256 polygons
2026-08-18 11:31:15 -0400: Memory Usage (424444K) : metal5_drw has 16 polygons
2026-08-18 11:31:15 -0400: Memory Usage (424708K) : metal5_filler has 0 polygons
2026-08-18 11:31:15 -0400: Memory Usage (424708K) : metal5_slit has 0 polygons
2026-08-18 11:31:15 -0400: Memory Usage (424972K) : metal5 has 16 polygons
2026-08-18 11:31:15 -0400: Memory Usage (424972K) : metal5_pin has 3 polygons
2026-08-18 11:31:15 -0400: Memory Usage (424972K) : metal5_mask has 0 polygons
2026-08-18 11:31:15 -0400: Memory Usage (424972K) : metal5_nofill has 3 polygons
2026-08-18 11:31:15 -0400: Memory Usage (424972K) : metal5_text has 0 polygons
2026-08-18 11:31:15 -0400: Memory Usage (425236K) : metal5_OPC has 0 polygons
2026-08-18 11:31:15 -0400: Memory Usage (425236K) : metal5_noqrc has 0 polygons
2026-08-18 11:31:15 -0400: Memory Usage (425236K) : metal5_res has 0 polygons
2026-08-18 11:31:15 -0400: Memory Usage (425500K) : metal5_iprobe has 0 polygons
2026-08-18 11:31:15 -0400: Memory Usage (425500K) : metal5_diffprb has 0 polygons
2026-08-18 11:31:15 -0400: Memory Usage (425500K) : radhard_drw has 0 polygons
2026-08-18 11:31:15 -0400: Memory Usage (425500K) : memcap_drw has 3 polygons
2026-08-18 11:31:15 -0400: Memory Usage (425764K) : varicap_drw has 0 polygons
2026-08-18 11:31:15 -0400: Memory Usage (425764K) : intbondvia_drw has 0 polygons
2026-08-18 11:31:15 -0400: Memory Usage (425764K) : intbondmet_drw has 0 polygons
2026-08-18 11:31:15 -0400: Memory Usage (425764K) : devbondvia_drw has 0 polygons
2026-08-18 11:31:15 -0400: Memory Usage (426028K) : devbondmet_drw has 0 polygons
2026-08-18 11:31:15 -0400: Memory Usage (426028K) : devtrench_drw has 0 polygons
2026-08-18 11:31:15 -0400: Memory Usage (426028K) : redist_drw has 0 polygons
2026-08-18 11:31:15 -0400: Memory Usage (426028K) : graphbot_drw has 0 polygons
2026-08-18 11:31:15 -0400: Memory Usage (426292K) : graphtop_drw has 0 polygons
2026-08-18 11:31:15 -0400: Memory Usage (426292K) : antvia1_drw has 0 polygons
2026-08-18 11:31:15 -0400: Memory Usage (426292K) : antmetal2_drw has 0 polygons
2026-08-18 11:31:15 -0400: Memory Usage (426292K) : graphcont_drw has 0 polygons
2026-08-18 11:31:15 -0400: Memory Usage (426292K) : siwg_drw has 0 polygons
2026-08-18 11:31:15 -0400: Memory Usage (426556K) : siwg_filler has 0 polygons
2026-08-18 11:31:15 -0400: Memory Usage (426556K) : siwg_nofill has 0 polygons
2026-08-18 11:31:15 -0400: Memory Usage (426556K) : sigrating_drw has 0 polygons
2026-08-18 11:31:15 -0400: Memory Usage (426556K) : singrating_drw has 0 polygons
2026-08-18 11:31:15 -0400: Memory Usage (426820K) : graphpas_drw has 0 polygons
2026-08-18 11:31:15 -0400: Memory Usage (426820K) : emwind3_drw has 0 polygons
2026-08-18 11:31:15 -0400: Memory Usage (426820K) : emwihv3_drw has 0 polygons
2026-08-18 11:31:15 -0400: Memory Usage (426820K) : redbulay_drw has 0 polygons
2026-08-18 11:31:15 -0400: Memory Usage (427084K) : smos_drw has 0 polygons
2026-08-18 11:31:15 -0400: Memory Usage (427084K) : graphpad_drw has 0 polygons
2026-08-18 11:31:15 -0400: Memory Usage (427084K) : polimide_drw has 0 polygons
2026-08-18 11:31:15 -0400: Memory Usage (427084K) : polimide_pin has 0 polygons
2026-08-18 11:31:15 -0400: Memory Usage (427348K) : recog_drw has 0 polygons
2026-08-18 11:31:15 -0400: Memory Usage (427348K) : recog_pin has 0 polygons
2026-08-18 11:31:15 -0400: Memory Usage (427348K) : recog_esd has 0 polygons
2026-08-18 11:31:15 -0400: Memory Usage (427348K) : recog_diode has 0 polygons
2026-08-18 11:31:15 -0400: Memory Usage (427612K) : recog_tsv has 0 polygons
2026-08-18 11:31:15 -0400: Memory Usage (427612K) : recog_iprobe has 0 polygons
2026-08-18 11:31:15 -0400: Memory Usage (427612K) : recog_diffprb has 0 polygons
2026-08-18 11:31:15 -0400: Memory Usage (427612K) : recog_pillar has 0 polygons
2026-08-18 11:31:15 -0400: Memory Usage (427876K) : recog_sbump has 0 polygons
2026-08-18 11:31:15 -0400: Memory Usage (427876K) : recog_otp has 0 polygons
2026-08-18 11:31:15 -0400: Memory Usage (427876K) : recog_pdiode has 0 polygons
2026-08-18 11:31:15 -0400: Memory Usage (427876K) : recog_mom has 0 polygons
2026-08-18 11:31:15 -0400: Memory Usage (428140K) : recog_pcm has 0 polygons
2026-08-18 11:31:15 -0400: Memory Usage (428140K) : colopen_drw has 0 polygons
2026-08-18 11:31:15 -0400: Memory Usage (428140K) : graphmetal1_drw has 0 polygons
2026-08-18 11:31:15 -0400: Memory Usage (428140K) : graphmetal1_filler has 0 polygons
2026-08-18 11:31:15 -0400: Memory Usage (428140K) : graphmetal1_nofill has 0 polygons
2026-08-18 11:31:15 -0400: Memory Usage (428404K) : graphmetal1_slit has 0 polygons
2026-08-18 11:31:15 -0400: Memory Usage (428404K) : graphmetal1_OPC has 0 polygons
2026-08-18 11:31:15 -0400: Memory Usage (428404K) : graphmet1l_drw has 0 polygons
2026-08-18 11:31:15 -0400: Memory Usage (428404K) : graphmet1l_filler has 0 polygons
2026-08-18 11:31:15 -0400: Memory Usage (428668K) : graphmet1l_nofill has 0 polygons
2026-08-18 11:31:15 -0400: Memory Usage (428668K) : graphmet1l_slit has 0 polygons
2026-08-18 11:31:15 -0400: Memory Usage (428668K) : graphmet1l_OPC has 0 polygons
2026-08-18 11:31:15 -0400: Memory Usage (428668K) : extblock_drw has 12 polygons
2026-08-18 11:31:15 -0400: Memory Usage (428932K) : nldd_drw has 0 polygons
2026-08-18 11:31:15 -0400: Memory Usage (428932K) : pldd_drw has 0 polygons
2026-08-18 11:31:15 -0400: Memory Usage (428932K) : next_drw has 0 polygons
2026-08-18 11:31:15 -0400: Memory Usage (428932K) : pext_drw has 0 polygons
2026-08-18 11:31:15 -0400: Memory Usage (429196K) : nexthv_drw has 0 polygons
2026-08-18 11:31:15 -0400: Memory Usage (429196K) : pexthv_drw has 0 polygons
2026-08-18 11:31:15 -0400: Memory Usage (429196K) : graphgate_drw has 0 polygons
2026-08-18 11:31:15 -0400: Memory Usage (429196K) : sinwg_drw has 0 polygons
2026-08-18 11:31:15 -0400: Memory Usage (429460K) : sinwg_filler has 0 polygons
2026-08-18 11:31:15 -0400: Memory Usage (429460K) : sinwg_nofill has 0 polygons
2026-08-18 11:31:15 -0400: Memory Usage (429460K) : mempad_drw has 0 polygons
2026-08-18 11:31:15 -0400: Memory Usage (429460K) : topvia1_drw has 13 polygons
2026-08-18 11:31:15 -0400: Memory Usage (429724K) : topmetal1_drw has 7 polygons
2026-08-18 11:31:15 -0400: Memory Usage (429724K) : topmetal1_filler has 0 polygons
2026-08-18 11:31:15 -0400: Memory Usage (429724K) : topmetal1_slit has 0 polygons
2026-08-18 11:31:15 -0400: Memory Usage (429988K) : topmetal1 has 7 polygons
2026-08-18 11:31:15 -0400: Memory Usage (429988K) : topmetal1_pin has 3 polygons
2026-08-18 11:31:15 -0400: Memory Usage (429988K) : topmetal1_mask has 0 polygons
2026-08-18 11:31:15 -0400: Memory Usage (430252K) : topmetal1_nofill has 3 polygons
2026-08-18 11:31:15 -0400: Memory Usage (430252K) : topmetal1_text has 2 polygons
2026-08-18 11:31:15 -0400: Memory Usage (430252K) : topmetal1_noqrc has 0 polygons
2026-08-18 11:31:15 -0400: Memory Usage (430252K) : topmetal1_res has 0 polygons
2026-08-18 11:31:15 -0400: Memory Usage (430516K) : topmetal1_iprobe has 0 polygons
2026-08-18 11:31:15 -0400: Memory Usage (430516K) : topmetal1_diffprb has 0 polygons
2026-08-18 11:31:15 -0400: Memory Usage (430516K) : inldpwl_drw has 0 polygons
2026-08-18 11:31:15 -0400: Memory Usage (430516K) : polyres_drw has 12 polygons
2026-08-18 11:31:15 -0400: Memory Usage (430516K) : polyres_pin has 0 polygons
2026-08-18 11:31:15 -0400: Memory Usage (430780K) : vmim_drw has 27 polygons
2026-08-18 11:31:15 -0400: Memory Usage (430780K) : nbulaycut_drw has 0 polygons
2026-08-18 11:31:15 -0400: Memory Usage (430780K) : antmetal1_drw has 0 polygons
2026-08-18 11:31:15 -0400: Memory Usage (430780K) : topvia2_drw has 2 polygons
2026-08-18 11:31:15 -0400: Memory Usage (430780K) : topmetal2_drw has 1 polygons
2026-08-18 11:31:15 -0400: Memory Usage (431044K) : topmetal2_filler has 0 polygons
2026-08-18 11:31:15 -0400: Memory Usage (431044K) : topmetal2_slit has 0 polygons
2026-08-18 11:31:15 -0400: Memory Usage (431044K) : topmetal2 has 1 polygons
2026-08-18 11:31:15 -0400: Memory Usage (431308K) : topmetal2_pin has 0 polygons
2026-08-18 11:31:15 -0400: Memory Usage (431308K) : topmetal2_mask has 0 polygons
2026-08-18 11:31:15 -0400: Memory Usage (431308K) : topmetal2_nofill has 3 polygons
2026-08-18 11:31:15 -0400: Memory Usage (431308K) : topmetal2_text has 1 polygons
2026-08-18 11:31:15 -0400: Memory Usage (431308K) : topmetal2_noqrc has 0 polygons
2026-08-18 11:31:15 -0400: Memory Usage (431572K) : topmetal2_res has 0 polygons
2026-08-18 11:31:15 -0400: Memory Usage (431572K) : topmetal2_iprobe has 0 polygons
2026-08-18 11:31:15 -0400: Memory Usage (431572K) : topmetal2_diffprb has 0 polygons
2026-08-18 11:31:15 -0400: Memory Usage (431572K) : snsring_drw has 0 polygons
2026-08-18 11:31:15 -0400: Memory Usage (431572K) : sensor_drw has 0 polygons
2026-08-18 11:31:15 -0400: Memory Usage (431572K) : snsarms_drw has 0 polygons
2026-08-18 11:31:15 -0400: Memory Usage (431572K) : snscmosvia_drw has 0 polygons
2026-08-18 11:31:15 -0400: Memory Usage (431572K) : colwind_drw has 0 polygons
2026-08-18 11:31:15 -0400: Memory Usage (431572K) : flm_drw has 0 polygons
2026-08-18 11:31:15 -0400: Memory Usage (431572K) : hafniumox_drw has 0 polygons
2026-08-18 11:31:15 -0400: Memory Usage (431572K) : memvia_drw has 0 polygons
2026-08-18 11:31:15 -0400: Memory Usage (431572K) : thinfilmres_drw has 0 polygons
2026-08-18 11:31:15 -0400: Memory Usage (431572K) : rfmem_drw has 0 polygons
2026-08-18 11:31:15 -0400: Memory Usage (431572K) : norcx_drw has 0 polygons
2026-08-18 11:31:15 -0400: Memory Usage (431572K) : norcx_m2m3 has 0 polygons
2026-08-18 11:31:15 -0400: Memory Usage (431572K) : norcx_m2m4 has 0 polygons
2026-08-18 11:31:15 -0400: Memory Usage (431572K) : norcx_m2m5 has 0 polygons
2026-08-18 11:31:15 -0400: Memory Usage (431572K) : norcx_m2tm1 has 0 polygons
2026-08-18 11:31:15 -0400: Memory Usage (431572K) : norcx_m2tm2 has 0 polygons
2026-08-18 11:31:15 -0400: Memory Usage (431572K) : norcx_m3m4 has 0 polygons
2026-08-18 11:31:15 -0400: Memory Usage (431572K) : norcx_m3m5 has 0 polygons
2026-08-18 11:31:15 -0400: Memory Usage (431572K) : norcx_m3tm1 has 0 polygons
2026-08-18 11:31:15 -0400: Memory Usage (431572K) : norcx_m3tm2 has 0 polygons
2026-08-18 11:31:15 -0400: Memory Usage (431572K) : norcx_m4m5 has 0 polygons
2026-08-18 11:31:15 -0400: Memory Usage (431572K) : norcx_m4tm1 has 0 polygons
2026-08-18 11:31:15 -0400: Memory Usage (431572K) : norcx_m4tm2 has 0 polygons
2026-08-18 11:31:15 -0400: Memory Usage (431572K) : norcx_m5tm1 has 0 polygons
2026-08-18 11:31:15 -0400: Memory Usage (431572K) : norcx_m5tm2 has 0 polygons
2026-08-18 11:31:15 -0400: Memory Usage (431572K) : norcx_tm1tm2 has 0 polygons
2026-08-18 11:31:15 -0400: Memory Usage (431572K) : norcx_m1sub has 0 polygons
2026-08-18 11:31:15 -0400: Memory Usage (431572K) : norcx_m2sub has 0 polygons
2026-08-18 11:31:15 -0400: Memory Usage (431572K) : norcx_m3sub has 0 polygons
2026-08-18 11:31:15 -0400: Memory Usage (431572K) : norcx_m4sub has 0 polygons
2026-08-18 11:31:15 -0400: Memory Usage (431572K) : norcx_m5sub has 0 polygons
2026-08-18 11:31:15 -0400: Memory Usage (431572K) : norcx_tm1sub has 0 polygons
2026-08-18 11:31:15 -0400: Memory Usage (431572K) : norcx_tm2sub has 0 polygons
2026-08-18 11:31:15 -0400: Memory Usage (431572K) : snsbotvia_drw has 0 polygons
2026-08-18 11:31:15 -0400: Memory Usage (431572K) : snstopvia_drw has 0 polygons
2026-08-18 11:31:15 -0400: Memory Usage (431572K) : deepvia_drw has 0 polygons
2026-08-18 11:31:15 -0400: Memory Usage (431572K) : fgetch_drw has 0 polygons
2026-08-18 11:31:15 -0400: Memory Usage (431572K) : ctrgat_drw has 0 polygons
2026-08-18 11:31:15 -0400: Memory Usage (431572K) : fgimp_drw has 0 polygons
2026-08-18 11:31:15 -0400: Memory Usage (431572K) : emwihv_drw has 0 polygons
2026-08-18 11:31:15 -0400: Memory Usage (431572K) : lbe_drw has 0 polygons
2026-08-18 11:31:15 -0400: Memory Usage (431572K) : alcustop_drw has 0 polygons
2026-08-18 11:31:15 -0400: Memory Usage (431572K) : nometfiller_drw has 0 polygons
2026-08-18 11:31:15 -0400: Memory Usage (431572K) : prboundary_drw has 0 polygons
2026-08-18 11:31:15 -0400: Memory Usage (431572K) : exchange0_drw has 0 polygons
2026-08-18 11:31:15 -0400: Memory Usage (431572K) : exchange0_pin has 0 polygons
2026-08-18 11:31:15 -0400: Memory Usage (431572K) : exchange0_text has 0 polygons
2026-08-18 11:31:15 -0400: Memory Usage (431572K) : exchange1_drw has 0 polygons
2026-08-18 11:31:15 -0400: Memory Usage (431572K) : exchange1_pin has 0 polygons
2026-08-18 11:31:15 -0400: Memory Usage (431572K) : exchange1_text has 0 polygons
2026-08-18 11:31:15 -0400: Memory Usage (431572K) : exchange2_drw has 0 polygons
2026-08-18 11:31:15 -0400: Memory Usage (431572K) : exchange2_pin has 0 polygons
2026-08-18 11:31:15 -0400: Memory Usage (431572K) : exchange2_text has 0 polygons
2026-08-18 11:31:15 -0400: Memory Usage (431572K) : exchange3_drw has 0 polygons
2026-08-18 11:31:15 -0400: Memory Usage (431572K) : exchange3_pin has 0 polygons
2026-08-18 11:31:15 -0400: Memory Usage (431572K) : exchange3_text has 0 polygons
2026-08-18 11:31:15 -0400: Memory Usage (431572K) : exchange4_drw has 0 polygons
2026-08-18 11:31:15 -0400: Memory Usage (431572K) : exchange4_pin has 0 polygons
2026-08-18 11:31:15 -0400: Memory Usage (431572K) : exchange4_text has 0 polygons
2026-08-18 11:31:15 -0400: Memory Usage (431572K) : isonwell_drw has 0 polygons
2026-08-18 11:31:15 -0400: Memory Usage (431572K) : Total no. of polygons in the design is 3016
2026-08-18 11:31:15 -0400: Memory Usage (431572K) : Starting SG13G2 LVS runset
2026-08-18 11:31:15 -0400: Memory Usage (431572K) : Starting base layers derivations
2026-08-18 11:31:15 -0400: Memory Usage (431572K) : Starting general LVS derivations
2026-08-18 11:31:15 -0400: Memory Usage (432552K) : Starting MOSFET DERIVATIONS
2026-08-18 11:31:16 -0400: Memory Usage (433096K) : Starting NMOS DERIVATIONS
2026-08-18 11:31:16 -0400: Memory Usage (433096K) : Starting PMOS DERIVATIONS
2026-08-18 11:31:16 -0400: Memory Usage (433096K) : Starting RF-MOSFET DERIVATIONS
2026-08-18 11:31:16 -0400: Memory Usage (433096K) : Starting RF-NMOS DERIVATIONS
2026-08-18 11:31:16 -0400: Memory Usage (433096K) : Starting RF-PMOS DERIVATIONS
2026-08-18 11:31:16 -0400: Memory Usage (433096K) : Starting BJT DERIVATIONS
2026-08-18 11:31:16 -0400: Memory Usage (433096K) : Starting NPN-BJT DERIVATIONS
2026-08-18 11:31:16 -0400: Memory Usage (433096K) : Starting PNP-BJT DERIVATIONS
2026-08-18 11:31:16 -0400: Memory Usage (433096K) : Starting DIODE DERIVATIONS
2026-08-18 11:31:16 -0400: Memory Usage (433096K) : Starting RESISTOR DERIVATIONS
2026-08-18 11:31:16 -0400: Memory Usage (433160K) : Starting CAP DERIVATIONS
2026-08-18 11:31:16 -0400: Memory Usage (433160K) : Starting ESD DERIVATIONS
2026-08-18 11:31:17 -0400: Memory Usage (433160K) : Starting Inductor DERIVATIONS
2026-08-18 11:31:17 -0400: Memory Usage (433160K) : Starting Taps DERIVATIONS
2026-08-18 11:31:17 -0400: Memory Usage (433160K) : Starting SG13G2 LVS connectivity setup
2026-08-18 11:31:17 -0400: Memory Usage (433160K) : Starting SG13G2 LVS connectivity setup (Inter-layer)
2026-08-18 11:31:17 -0400: Memory Usage (433160K) : Starting SG13G2 LVS connectivity setup (Global)
2026-08-18 11:31:17 -0400: Memory Usage (433160K) : Starting LVS MOSFET CONNECTIONS
2026-08-18 11:31:17 -0400: Memory Usage (433160K) : Starting LVS RF-MOSFET CONNECTIONS
2026-08-18 11:31:17 -0400: Memory Usage (433160K) : Starting LVS BJT CONNECTIONS
2026-08-18 11:31:17 -0400: Memory Usage (435272K) : Starting LVS DIODE CONNECTIONS
2026-08-18 11:31:17 -0400: Memory Usage (435272K) : Starting RESISTOR CONNECTIONS
2026-08-18 11:31:17 -0400: Memory Usage (435272K) : Starting LVS CAP CONNECTIONS
2026-08-18 11:31:17 -0400: Memory Usage (435272K) : Starting ESD CONNECTIONS
2026-08-18 11:31:17 -0400: Memory Usage (435272K) : Starting Inductor CONNECTIONS
2026-08-18 11:31:17 -0400: Memory Usage (435272K) : Starting LVS Taps CONNECTIONS
2026-08-18 11:31:17 -0400: Memory Usage (435272K) : Starting SG13G2 LVS DEVICES EXTRACTION
2026-08-18 11:31:17 -0400: Memory Usage (435272K) : Starting MOSFET EXTRACTION
2026-08-18 11:31:17 -0400: Memory Usage (435272K) : Starting NMOS EXTRACTION
2026-08-18 11:31:17 -0400: Memory Usage (435272K) : Extraction of NMOS-LV transistor
2026-08-18 11:31:17 -0400: Memory Usage (435272K) : Extraction of NMOS-HV transistor
2026-08-18 11:31:17 -0400: Memory Usage (435272K) : Starting PMOS EXTRACTION
2026-08-18 11:31:17 -0400: Memory Usage (435272K) : Extraction of PMOS-LV transistor
2026-08-18 11:31:17 -0400: Memory Usage (435272K) : Extraction of PMOS-HV transistor
2026-08-18 11:31:17 -0400: Memory Usage (435272K) : Starting RF-MOSFET EXTRACTION
2026-08-18 11:31:17 -0400: Memory Usage (435272K) : Extraction of RF-NMOS-LV transistor
2026-08-18 11:31:17 -0400: Memory Usage (435272K) : Extraction of RF-NMOS-HV transistor
2026-08-18 11:31:17 -0400: Memory Usage (435272K) : Extraction of RF-PMOS-LV transistor
2026-08-18 11:31:17 -0400: Memory Usage (435272K) : Extraction of RF-PMOS-HV transistor
2026-08-18 11:31:17 -0400: Memory Usage (435272K) : Starting BJT EXTRACTION
2026-08-18 11:31:17 -0400: Memory Usage (435272K) : Starting NPN-BJT EXTRACTION
2026-08-18 11:31:17 -0400: Memory Usage (435272K) : Extraction of npn13G2 BJT transistor
2026-08-18 11:31:17 -0400: Memory Usage (435272K) : Extraction of npn13G2L BJT transistor
2026-08-18 11:31:17 -0400: Memory Usage (435272K) : Extraction of npn13G2V BJT transistor
2026-08-18 11:31:17 -0400: Memory Usage (435272K) : Starting PNP-BJT EXTRACTION
2026-08-18 11:31:17 -0400: Memory Usage (435272K) : Extracting pnpMPA BJT
2026-08-18 11:31:17 -0400: Memory Usage (435272K) : Starting DIODE EXTRACTION
2026-08-18 11:31:17 -0400: Memory Usage (435272K) : Extracting dantenna diode
2026-08-18 11:31:17 -0400: Memory Usage (435272K) : Extracting dpantenna diode
2026-08-18 11:31:17 -0400: Memory Usage (435272K) : Extracting schottky_nbl1 diode
2026-08-18 11:31:17 -0400: Memory Usage (435272K) : Starting RESISTOR EXTRACTION
2026-08-18 11:31:17 -0400: Memory Usage (435272K) : Extracting rsil resistor
2026-08-18 11:31:17 -0400: Memory Usage (435404K) : Extracting rppd resistor
2026-08-18 11:31:17 -0400: Memory Usage (435404K) : Extracting rhigh resistor
2026-08-18 11:31:17 -0400: Memory Usage (435404K) : Extracting res_metal1 resistor
2026-08-18 11:31:17 -0400: Memory Usage (435404K) : Extracting res_metal2 resistor
2026-08-18 11:31:17 -0400: Memory Usage (435404K) : Extracting res_metal3 resistor
2026-08-18 11:31:17 -0400: Memory Usage (435404K) : Extracting res_metal4 resistor
2026-08-18 11:31:17 -0400: Memory Usage (435404K) : Extracting res_metal5 resistor
2026-08-18 11:31:17 -0400: Memory Usage (435404K) : Extracting res_topmetal1 resistor
2026-08-18 11:31:17 -0400: Memory Usage (435404K) : Extracting res_topmetal2 resistor
2026-08-18 11:31:17 -0400: Memory Usage (435404K) : Starting CAP EXTRACTION
2026-08-18 11:31:17 -0400: Memory Usage (435404K) : Extracting cap_cmim device
2026-08-18 11:31:17 -0400: Memory Usage (435404K) : Extracting rfcmim device
2026-08-18 11:31:17 -0400: Memory Usage (435404K) : Extracting sg13_hv_svaricap varactor
2026-08-18 11:31:17 -0400: Memory Usage (435404K) : Starting ESD EXTRACTION
2026-08-18 11:31:17 -0400: Memory Usage (435404K) : Extracting diodevdd_2kv ESD device
2026-08-18 11:31:17 -0400: Memory Usage (435404K) : Extracting diodevdd_4kv ESD device
2026-08-18 11:31:17 -0400: Memory Usage (435404K) : Extracting diodevss_2kv ESD device
2026-08-18 11:31:17 -0400: Memory Usage (435404K) : Extracting diodevss_4kv ESD device
2026-08-18 11:31:17 -0400: Memory Usage (435404K) : Extracting idiodevdd_2kv ESD device
2026-08-18 11:31:17 -0400: Memory Usage (435404K) : Extracting idiodevdd_4kv ESD device
2026-08-18 11:31:17 -0400: Memory Usage (435404K) : Extracting idiodevss_2kv ESD device
2026-08-18 11:31:17 -0400: Memory Usage (435404K) : Extracting idiodevss_4kv ESD device
2026-08-18 11:31:17 -0400: Memory Usage (435404K) : Extracting nmoscl_2 ESD device
2026-08-18 11:31:17 -0400: Memory Usage (435404K) : Extracting nmoscl_4 ESD device
2026-08-18 11:31:17 -0400: Memory Usage (435404K) : Starting Inductor EXTRACTION
2026-08-18 11:31:17 -0400: Memory Usage (435404K) : Extracting Inductor2 device
2026-08-18 11:31:17 -0400: Memory Usage (435404K) : Extracting Inductor3 device
2026-08-18 11:31:17 -0400: Memory Usage (435404K) : Starting Taps EXTRACTION
2026-08-18 11:31:17 -0400: Memory Usage (435404K) : Extracting ntap1 device
2026-08-18 11:31:17 -0400: Memory Usage (435404K) : Extracting ptap1 device
2026-08-18 11:31:17 -0400: Memory Usage (435404K) : Starting SG13G2 LVS Options Preparations
2026-08-18 11:31:17 -0400: Memory Usage (435404K) : Starting SG13G2 LVS Alignment
2026-08-18 11:31:17 -0400: Memory Usage (435404K) : Starting SG13G2 LVS Simplification
2026-08-18 11:31:17 -0400: Memory Usage (435404K) : Starting SG13G2 LVS Comparison with flag_missing_ports
2026-08-18 11:31:17 -0400: Memory Usage (435404K) : ==========================================
2026-08-18 11:31:17 -0400: Memory Usage (435404K) : INFO : Congratulations! Netlists match.
2026-08-18 11:31:17 -0400: Memory Usage (435404K) : ==========================================
2026-08-18 11:31:17 -0400: Memory Usage (435404K) : LVS Total Run time 2.269456 seconds
2026-08-18 20:30:42 -0400: Memory Usage (413600K) : Starting running SG13G2 Klayout LVS runset on /home/noorizad/spicexplorer-workspace/external/agentic-design-pam4-driver-ihp130/report/work/b/dut_pam4.gds
2026-08-18 20:30:42 -0400: Memory Usage (413600K) : Ruby Version for klayout: 2.5.9
2026-08-18 20:30:42 -0400: Memory Usage (413600K) : Loading database to memory is complete.
2026-08-18 20:30:42 -0400: Memory Usage (413600K) : SG13G2 Klayout LVS runset output at: /home/noorizad/spicexplorer-workspace/external/agentic-design-pam4-driver-ihp130/report/work/b/signoff/lvs/dut_pam4.lvsdb
2026-08-18 20:30:42 -0400: Memory Usage (413600K) : Evaluate switches.
2026-08-18 20:30:42 -0400: Memory Usage (413600K) : Extracted netlist with net names: true
2026-08-18 20:30:42 -0400: Memory Usage (413600K) : Extracted netlist with comments in details: false
2026-08-18 20:30:42 -0400: Memory Usage (413600K) : Selected NET_ONLY option: false
2026-08-18 20:30:42 -0400: Memory Usage (413600K) : Selected ALLOW_UNMATCHED_PORTS option: false
2026-08-18 20:30:42 -0400: Memory Usage (413600K) : Selected TOP_LVL_PINS option: false
2026-08-18 20:30:42 -0400: Memory Usage (413600K) : Selected COMBINE DEVICES option: false
2026-08-18 20:30:42 -0400: Memory Usage (413600K) : Selected PURGE option: false
2026-08-18 20:30:42 -0400: Memory Usage (413600K) : Selected PURGE_NETS option: false
2026-08-18 20:30:42 -0400: Memory Usage (413600K) : Selected SIMPLIFY option: true
2026-08-18 20:30:42 -0400: Memory Usage (413600K) : Selected SERIES_RES option: true
2026-08-18 20:30:42 -0400: Memory Usage (413600K) : Selected PARALLEL_RES option: true
2026-08-18 20:30:42 -0400: Memory Usage (413600K) : Verbose mode: false
2026-08-18 20:30:42 -0400: Memory Usage (413600K) : deep  mode is enabled.
2026-08-18 20:30:42 -0400: Memory Usage (413600K) : Netlist file: /home/noorizad/spicexplorer-workspace/external/agentic-design-pam4-driver-ihp130/report/work/b/dut_pam4_lvs.spice
2026-08-18 20:30:42 -0400: Memory Usage (413600K) : LVS extracted netlist at: /home/noorizad/spicexplorer-workspace/external/agentic-design-pam4-driver-ihp130/report/work/b/signoff/lvs/dut_pam4_extracted.cir
2026-08-18 20:30:42 -0400: Memory Usage (413600K) : Read in polygons from layers.
2026-08-18 20:30:42 -0400: Memory Usage (416648K) : activ_drw has 68 polygons
2026-08-18 20:30:42 -0400: Memory Usage (416648K) : activ_filler has 0 polygons
2026-08-18 20:30:42 -0400: Memory Usage (416648K) : activ has 68 polygons
2026-08-18 20:30:42 -0400: Memory Usage (416648K) : activ_pin has 0 polygons
2026-08-18 20:30:42 -0400: Memory Usage (416648K) : activ_mask has 12 polygons
2026-08-18 20:30:42 -0400: Memory Usage (416648K) : activ_nofill has 0 polygons
2026-08-18 20:30:42 -0400: Memory Usage (416648K) : activ_OPC has 0 polygons
2026-08-18 20:30:42 -0400: Memory Usage (416648K) : activ_iOPC has 0 polygons
2026-08-18 20:30:42 -0400: Memory Usage (416648K) : activ_noqrc has 0 polygons
2026-08-18 20:30:42 -0400: Memory Usage (416648K) : biwind_drw has 0 polygons
2026-08-18 20:30:42 -0400: Memory Usage (416648K) : biwind_OPC has 0 polygons
2026-08-18 20:30:42 -0400: Memory Usage (416648K) : gatpoly_drw has 24 polygons
2026-08-18 20:30:42 -0400: Memory Usage (416648K) : gatpoly_filler has 0 polygons
2026-08-18 20:30:42 -0400: Memory Usage (416648K) : gatpoly has 24 polygons
2026-08-18 20:30:42 -0400: Memory Usage (416648K) : gatpoly_pin has 0 polygons
2026-08-18 20:30:42 -0400: Memory Usage (416648K) : gatpoly_nofill has 0 polygons
2026-08-18 20:30:42 -0400: Memory Usage (416648K) : gatpoly_OPC has 0 polygons
2026-08-18 20:30:42 -0400: Memory Usage (416648K) : gatpoly_iOPC has 0 polygons
2026-08-18 20:30:42 -0400: Memory Usage (416648K) : gatpoly_noqrc has 0 polygons
2026-08-18 20:30:42 -0400: Memory Usage (417032K) : cont_drw has 972 polygons
2026-08-18 20:30:42 -0400: Memory Usage (417032K) : cont_OPC has 0 polygons
2026-08-18 20:30:42 -0400: Memory Usage (417032K) : nsd_drw has 0 polygons
2026-08-18 20:30:42 -0400: Memory Usage (417032K) : nsd_block has 24 polygons
2026-08-18 20:30:42 -0400: Memory Usage (417416K) : metal1_drw has 111 polygons
2026-08-18 20:30:42 -0400: Memory Usage (417416K) : metal1_filler has 0 polygons
2026-08-18 20:30:42 -0400: Memory Usage (417416K) : metal1_slit has 0 polygons
2026-08-18 20:30:42 -0400: Memory Usage (417416K) : metal1 has 111 polygons
2026-08-18 20:30:42 -0400: Memory Usage (417416K) : metal1_pin has 48 polygons
2026-08-18 20:30:42 -0400: Memory Usage (417680K) : metal1_mask has 0 polygons
2026-08-18 20:30:42 -0400: Memory Usage (417680K) : metal1_nofill has 0 polygons
2026-08-18 20:30:42 -0400: Memory Usage (417680K) : metal1_text has 6 polygons
2026-08-18 20:30:42 -0400: Memory Usage (417680K) : metal1_OPC has 0 polygons
2026-08-18 20:30:42 -0400: Memory Usage (417680K) : metal1_noqrc has 0 polygons
2026-08-18 20:30:42 -0400: Memory Usage (417680K) : metal1_res has 0 polygons
2026-08-18 20:30:42 -0400: Memory Usage (417680K) : metal1_iprobe has 0 polygons
2026-08-18 20:30:42 -0400: Memory Usage (417680K) : metal1_diffprb has 0 polygons
2026-08-18 20:30:42 -0400: Memory Usage (418124K) : passiv_drw has 0 polygons
2026-08-18 20:30:42 -0400: Memory Usage (418124K) : passiv_pin has 0 polygons
2026-08-18 20:30:42 -0400: Memory Usage (418124K) : passiv_sbump has 0 polygons
2026-08-18 20:30:42 -0400: Memory Usage (418124K) : passiv_pillar has 0 polygons
2026-08-18 20:30:42 -0400: Memory Usage (418388K) : passiv_pdl has 0 polygons
2026-08-18 20:30:42 -0400: Memory Usage (418388K) : metal2_drw has 38 polygons
2026-08-18 20:30:42 -0400: Memory Usage (418388K) : metal2_filler has 0 polygons
2026-08-18 20:30:42 -0400: Memory Usage (418388K) : metal2_slit has 0 polygons
2026-08-18 20:30:42 -0400: Memory Usage (418652K) : metal2 has 38 polygons
2026-08-18 20:30:42 -0400: Memory Usage (418652K) : metal2_pin has 12 polygons
2026-08-18 20:30:42 -0400: Memory Usage (418652K) : metal2_mask has 0 polygons
2026-08-18 20:30:42 -0400: Memory Usage (418916K) : metal2_nofill has 0 polygons
2026-08-18 20:30:42 -0400: Memory Usage (418916K) : metal2_text has 0 polygons
2026-08-18 20:30:42 -0400: Memory Usage (418916K) : metal2_OPC has 0 polygons
2026-08-18 20:30:42 -0400: Memory Usage (418916K) : metal2_noqrc has 0 polygons
2026-08-18 20:30:42 -0400: Memory Usage (419180K) : metal2_res has 0 polygons
2026-08-18 20:30:42 -0400: Memory Usage (419180K) : metal2_iprobe has 0 polygons
2026-08-18 20:30:42 -0400: Memory Usage (419180K) : metal2_diffprb has 0 polygons
2026-08-18 20:30:42 -0400: Memory Usage (419180K) : baspoly_drw has 0 polygons
2026-08-18 20:30:42 -0400: Memory Usage (419444K) : baspoly_pin has 0 polygons
2026-08-18 20:30:42 -0400: Memory Usage (419444K) : psd_drw has 20 polygons
2026-08-18 20:30:42 -0400: Memory Usage (419444K) : nldb_drw has 0 polygons
2026-08-18 20:30:42 -0400: Memory Usage (419444K) : digibnd_drw has 0 polygons
2026-08-18 20:30:42 -0400: Memory Usage (419708K) : via1_drw has 550 polygons
2026-08-18 20:30:42 -0400: Memory Usage (419708K) : backmetal1_drw has 0 polygons
2026-08-18 20:30:42 -0400: Memory Usage (419708K) : backmetal1_pin has 0 polygons
2026-08-18 20:30:42 -0400: Memory Usage (419708K) : backmetal1_mask has 0 polygons
2026-08-18 20:30:42 -0400: Memory Usage (419972K) : backmetal1_filler has 0 polygons
2026-08-18 20:30:42 -0400: Memory Usage (419972K) : backmetal1_nofill has 0 polygons
2026-08-18 20:30:42 -0400: Memory Usage (419972K) : backmetal1_slit has 0 polygons
2026-08-18 20:30:42 -0400: Memory Usage (419972K) : backmetal1_text has 0 polygons
2026-08-18 20:30:42 -0400: Memory Usage (419972K) : backmetal1_OPC has 0 polygons
2026-08-18 20:30:42 -0400: Memory Usage (419972K) : backmetal1_noqrc has 0 polygons
2026-08-18 20:30:42 -0400: Memory Usage (419972K) : backmetal1_res has 0 polygons
2026-08-18 20:30:42 -0400: Memory Usage (420236K) : backmetal1_iprobe has 0 polygons
2026-08-18 20:30:42 -0400: Memory Usage (420236K) : backmetal1_diffprb has 0 polygons
2026-08-18 20:30:42 -0400: Memory Usage (420236K) : backpassiv_drw has 0 polygons
2026-08-18 20:30:42 -0400: Memory Usage (420236K) : res_drw has 12 polygons
2026-08-18 20:30:42 -0400: Memory Usage (420500K) : sram_drw has 0 polygons
2026-08-18 20:30:42 -0400: Memory Usage (420500K) : trans_drw has 12 polygons
2026-08-18 20:30:42 -0400: Memory Usage (420500K) : ind_drw has 0 polygons
2026-08-18 20:30:42 -0400: Memory Usage (420500K) : ind_pin has 0 polygons
2026-08-18 20:30:42 -0400: Memory Usage (420764K) : ind_text has 0 polygons
2026-08-18 20:30:42 -0400: Memory Usage (420764K) : salblock_drw has 0 polygons
2026-08-18 20:30:42 -0400: Memory Usage (420764K) : via2_drw has 312 polygons
2026-08-18 20:30:42 -0400: Memory Usage (420764K) : metal3_drw has 26 polygons
2026-08-18 20:30:42 -0400: Memory Usage (421028K) : metal3_filler has 0 polygons
2026-08-18 20:30:42 -0400: Memory Usage (421028K) : metal3_slit has 0 polygons
2026-08-18 20:30:42 -0400: Memory Usage (421028K) : metal3 has 26 polygons
2026-08-18 20:30:42 -0400: Memory Usage (421292K) : metal3_pin has 0 polygons
2026-08-18 20:30:42 -0400: Memory Usage (421292K) : metal3_mask has 0 polygons
2026-08-18 20:30:42 -0400: Memory Usage (421292K) : metal3_nofill has 0 polygons
2026-08-18 20:30:42 -0400: Memory Usage (421292K) : metal3_text has 4 polygons
2026-08-18 20:30:42 -0400: Memory Usage (421292K) : metal3_OPC has 0 polygons
2026-08-18 20:30:42 -0400: Memory Usage (421556K) : metal3_noqrc has 0 polygons
2026-08-18 20:30:42 -0400: Memory Usage (421556K) : metal3_res has 0 polygons
2026-08-18 20:30:42 -0400: Memory Usage (421556K) : metal3_iprobe has 0 polygons
2026-08-18 20:30:42 -0400: Memory Usage (421556K) : metal3_diffprb has 0 polygons
2026-08-18 20:30:42 -0400: Memory Usage (421820K) : nwell_drw has 0 polygons
2026-08-18 20:30:42 -0400: Memory Usage (421820K) : nwell_pin has 0 polygons
2026-08-18 20:30:42 -0400: Memory Usage (421820K) : nbulay_drw has 0 polygons
2026-08-18 20:30:42 -0400: Memory Usage (421820K) : nbulay_pin has 0 polygons
2026-08-18 20:30:42 -0400: Memory Usage (422084K) : nbulay_block has 0 polygons
2026-08-18 20:30:42 -0400: Memory Usage (422084K) : emwind_drw has 36 polygons
2026-08-18 20:30:42 -0400: Memory Usage (422084K) : emwind_OPC has 0 polygons
2026-08-18 20:30:42 -0400: Memory Usage (422084K) : deepco_drw has 0 polygons
2026-08-18 20:30:42 -0400: Memory Usage (422348K) : mim_drw has 3 polygons
2026-08-18 20:30:42 -0400: Memory Usage (422348K) : edgeseal_drw has 0 polygons
2026-08-18 20:30:42 -0400: Memory Usage (422348K) : substrate_drw has 0 polygons
2026-08-18 20:30:42 -0400: Memory Usage (422348K) : substrate_text has 0 polygons
2026-08-18 20:30:42 -0400: Memory Usage (422612K) : dfpad_drw has 0 polygons
2026-08-18 20:30:42 -0400: Memory Usage (422612K) : dfpad_pillar has 0 polygons
2026-08-18 20:30:42 -0400: Memory Usage (422612K) : dfpad_sbump has 0 polygons
2026-08-18 20:30:42 -0400: Memory Usage (422612K) : thickgateox_drw has 0 polygons
2026-08-18 20:30:42 -0400: Memory Usage (422876K) : pldb_drw has 0 polygons
2026-08-18 20:30:42 -0400: Memory Usage (422876K) : pwell_drw has 0 polygons
2026-08-18 20:30:42 -0400: Memory Usage (422876K) : pwell_pin has 0 polygons
2026-08-18 20:30:42 -0400: Memory Usage (422876K) : pwell_block has 0 polygons
2026-08-18 20:30:42 -0400: Memory Usage (423140K) : ic_drw has 0 polygons
2026-08-18 20:30:42 -0400: Memory Usage (423140K) : via3_drw has 256 polygons
2026-08-18 20:30:42 -0400: Memory Usage (423140K) : metal4_drw has 16 polygons
2026-08-18 20:30:42 -0400: Memory Usage (423140K) : metal4_filler has 0 polygons
2026-08-18 20:30:42 -0400: Memory Usage (423404K) : metal4_slit has 0 polygons
2026-08-18 20:30:42 -0400: Memory Usage (423404K) : metal4 has 16 polygons
2026-08-18 20:30:42 -0400: Memory Usage (423404K) : metal4_pin has 0 polygons
2026-08-18 20:30:42 -0400: Memory Usage (423668K) : metal4_mask has 0 polygons
2026-08-18 20:30:42 -0400: Memory Usage (423668K) : metal4_nofill has 3 polygons
2026-08-18 20:30:42 -0400: Memory Usage (423668K) : metal4_text has 0 polygons
2026-08-18 20:30:42 -0400: Memory Usage (423668K) : metal4_OPC has 0 polygons
2026-08-18 20:30:42 -0400: Memory Usage (423932K) : metal4_noqrc has 0 polygons
2026-08-18 20:30:42 -0400: Memory Usage (423932K) : metal4_res has 0 polygons
2026-08-18 20:30:42 -0400: Memory Usage (423932K) : metal4_iprobe has 0 polygons
2026-08-18 20:30:42 -0400: Memory Usage (423932K) : metal4_diffprb has 0 polygons
2026-08-18 20:30:42 -0400: Memory Usage (424196K) : heattrans_drw has 0 polygons
2026-08-18 20:30:42 -0400: Memory Usage (424196K) : heatres_drw has 12 polygons
2026-08-18 20:30:43 -0400: Memory Usage (424196K) : fbe_drw has 0 polygons
2026-08-18 20:30:43 -0400: Memory Usage (424196K) : empoly_drw has 0 polygons
2026-08-18 20:30:43 -0400: Memory Usage (424460K) : digisub_drw has 0 polygons
2026-08-18 20:30:43 -0400: Memory Usage (424460K) : text_drw has 72 polygons
2026-08-18 20:30:43 -0400: Memory Usage (424460K) : via4_drw has 256 polygons
2026-08-18 20:30:43 -0400: Memory Usage (424460K) : metal5_drw has 16 polygons
2026-08-18 20:30:43 -0400: Memory Usage (424724K) : metal5_filler has 0 polygons
2026-08-18 20:30:43 -0400: Memory Usage (424724K) : metal5_slit has 0 polygons
2026-08-18 20:30:43 -0400: Memory Usage (424724K) : metal5 has 16 polygons
2026-08-18 20:30:43 -0400: Memory Usage (424988K) : metal5_pin has 3 polygons
2026-08-18 20:30:43 -0400: Memory Usage (424988K) : metal5_mask has 0 polygons
2026-08-18 20:30:43 -0400: Memory Usage (424988K) : metal5_nofill has 3 polygons
2026-08-18 20:30:43 -0400: Memory Usage (424988K) : metal5_text has 0 polygons
2026-08-18 20:30:43 -0400: Memory Usage (425252K) : metal5_OPC has 0 polygons
2026-08-18 20:30:43 -0400: Memory Usage (425252K) : metal5_noqrc has 0 polygons
2026-08-18 20:30:43 -0400: Memory Usage (425252K) : metal5_res has 0 polygons
2026-08-18 20:30:43 -0400: Memory Usage (425252K) : metal5_iprobe has 0 polygons
2026-08-18 20:30:43 -0400: Memory Usage (425516K) : metal5_diffprb has 0 polygons
2026-08-18 20:30:43 -0400: Memory Usage (425516K) : radhard_drw has 0 polygons
2026-08-18 20:30:43 -0400: Memory Usage (425516K) : memcap_drw has 3 polygons
2026-08-18 20:30:43 -0400: Memory Usage (425780K) : varicap_drw has 0 polygons
2026-08-18 20:30:43 -0400: Memory Usage (425780K) : intbondvia_drw has 0 polygons
2026-08-18 20:30:43 -0400: Memory Usage (425780K) : intbondmet_drw has 0 polygons
2026-08-18 20:30:43 -0400: Memory Usage (425780K) : devbondvia_drw has 0 polygons
2026-08-18 20:30:43 -0400: Memory Usage (426044K) : devbondmet_drw has 0 polygons
2026-08-18 20:30:43 -0400: Memory Usage (426044K) : devtrench_drw has 0 polygons
2026-08-18 20:30:43 -0400: Memory Usage (426044K) : redist_drw has 0 polygons
2026-08-18 20:30:43 -0400: Memory Usage (426044K) : graphbot_drw has 0 polygons
2026-08-18 20:30:43 -0400: Memory Usage (426308K) : graphtop_drw has 0 polygons
2026-08-18 20:30:43 -0400: Memory Usage (426308K) : antvia1_drw has 0 polygons
2026-08-18 20:30:43 -0400: Memory Usage (426308K) : antmetal2_drw has 0 polygons
2026-08-18 20:30:43 -0400: Memory Usage (426308K) : graphcont_drw has 0 polygons
2026-08-18 20:30:43 -0400: Memory Usage (426308K) : siwg_drw has 0 polygons
2026-08-18 20:30:43 -0400: Memory Usage (426308K) : siwg_filler has 0 polygons
2026-08-18 20:30:43 -0400: Memory Usage (426572K) : siwg_nofill has 0 polygons
2026-08-18 20:30:43 -0400: Memory Usage (426572K) : sigrating_drw has 0 polygons
2026-08-18 20:30:43 -0400: Memory Usage (426572K) : singrating_drw has 0 polygons
2026-08-18 20:30:43 -0400: Memory Usage (426836K) : graphpas_drw has 0 polygons
2026-08-18 20:30:43 -0400: Memory Usage (426836K) : emwind3_drw has 0 polygons
2026-08-18 20:30:43 -0400: Memory Usage (426836K) : emwihv3_drw has 0 polygons
2026-08-18 20:30:43 -0400: Memory Usage (426836K) : redbulay_drw has 0 polygons
2026-08-18 20:30:43 -0400: Memory Usage (427100K) : smos_drw has 0 polygons
2026-08-18 20:30:43 -0400: Memory Usage (427100K) : graphpad_drw has 0 polygons
2026-08-18 20:30:43 -0400: Memory Usage (427100K) : polimide_drw has 0 polygons
2026-08-18 20:30:43 -0400: Memory Usage (427100K) : polimide_pin has 0 polygons
2026-08-18 20:30:43 -0400: Memory Usage (427100K) : recog_drw has 0 polygons
2026-08-18 20:30:43 -0400: Memory Usage (427364K) : recog_pin has 0 polygons
2026-08-18 20:30:43 -0400: Memory Usage (427364K) : recog_esd has 0 polygons
2026-08-18 20:30:43 -0400: Memory Usage (427364K) : recog_diode has 0 polygons
2026-08-18 20:30:43 -0400: Memory Usage (427364K) : recog_tsv has 0 polygons
2026-08-18 20:30:43 -0400: Memory Usage (427628K) : recog_iprobe has 0 polygons
2026-08-18 20:30:43 -0400: Memory Usage (427628K) : recog_diffprb has 0 polygons
2026-08-18 20:30:43 -0400: Memory Usage (427628K) : recog_pillar has 0 polygons
2026-08-18 20:30:43 -0400: Memory Usage (427892K) : recog_sbump has 0 polygons
2026-08-18 20:30:43 -0400: Memory Usage (427892K) : recog_otp has 0 polygons
2026-08-18 20:30:43 -0400: Memory Usage (427892K) : recog_pdiode has 0 polygons
2026-08-18 20:30:43 -0400: Memory Usage (427892K) : recog_mom has 0 polygons
2026-08-18 20:30:43 -0400: Memory Usage (428156K) : recog_pcm has 0 polygons
2026-08-18 20:30:43 -0400: Memory Usage (428156K) : colopen_drw has 0 polygons
2026-08-18 20:30:43 -0400: Memory Usage (428156K) : graphmetal1_drw has 0 polygons
2026-08-18 20:30:43 -0400: Memory Usage (428156K) : graphmetal1_filler has 0 polygons
2026-08-18 20:30:43 -0400: Memory Usage (428156K) : graphmetal1_nofill has 0 polygons
2026-08-18 20:30:43 -0400: Memory Usage (428420K) : graphmetal1_slit has 0 polygons
2026-08-18 20:30:43 -0400: Memory Usage (428420K) : graphmetal1_OPC has 0 polygons
2026-08-18 20:30:43 -0400: Memory Usage (428420K) : graphmet1l_drw has 0 polygons
2026-08-18 20:30:43 -0400: Memory Usage (428420K) : graphmet1l_filler has 0 polygons
2026-08-18 20:30:43 -0400: Memory Usage (428684K) : graphmet1l_nofill has 0 polygons
2026-08-18 20:30:43 -0400: Memory Usage (428684K) : graphmet1l_slit has 0 polygons
2026-08-18 20:30:43 -0400: Memory Usage (428684K) : graphmet1l_OPC has 0 polygons
2026-08-18 20:30:43 -0400: Memory Usage (428684K) : extblock_drw has 12 polygons
2026-08-18 20:30:43 -0400: Memory Usage (428948K) : nldd_drw has 0 polygons
2026-08-18 20:30:43 -0400: Memory Usage (428948K) : pldd_drw has 0 polygons
2026-08-18 20:30:43 -0400: Memory Usage (428948K) : next_drw has 0 polygons
2026-08-18 20:30:43 -0400: Memory Usage (428948K) : pext_drw has 0 polygons
2026-08-18 20:30:43 -0400: Memory Usage (429212K) : nexthv_drw has 0 polygons
2026-08-18 20:30:43 -0400: Memory Usage (429212K) : pexthv_drw has 0 polygons
2026-08-18 20:30:43 -0400: Memory Usage (429212K) : graphgate_drw has 0 polygons
2026-08-18 20:30:43 -0400: Memory Usage (429212K) : sinwg_drw has 0 polygons
2026-08-18 20:30:43 -0400: Memory Usage (429476K) : sinwg_filler has 0 polygons
2026-08-18 20:30:43 -0400: Memory Usage (429476K) : sinwg_nofill has 0 polygons
2026-08-18 20:30:43 -0400: Memory Usage (429476K) : mempad_drw has 0 polygons
2026-08-18 20:30:43 -0400: Memory Usage (429476K) : topvia1_drw has 13 polygons
2026-08-18 20:30:43 -0400: Memory Usage (429740K) : topmetal1_drw has 7 polygons
2026-08-18 20:30:43 -0400: Memory Usage (429740K) : topmetal1_filler has 0 polygons
2026-08-18 20:30:43 -0400: Memory Usage (429740K) : topmetal1_slit has 0 polygons
2026-08-18 20:30:43 -0400: Memory Usage (430004K) : topmetal1 has 7 polygons
2026-08-18 20:30:43 -0400: Memory Usage (430004K) : topmetal1_pin has 3 polygons
2026-08-18 20:30:43 -0400: Memory Usage (430004K) : topmetal1_mask has 0 polygons
2026-08-18 20:30:43 -0400: Memory Usage (430004K) : topmetal1_nofill has 3 polygons
2026-08-18 20:30:43 -0400: Memory Usage (430268K) : topmetal1_text has 2 polygons
2026-08-18 20:30:43 -0400: Memory Usage (430268K) : topmetal1_noqrc has 0 polygons
2026-08-18 20:30:43 -0400: Memory Usage (430268K) : topmetal1_res has 0 polygons
2026-08-18 20:30:43 -0400: Memory Usage (430268K) : topmetal1_iprobe has 0 polygons
2026-08-18 20:30:43 -0400: Memory Usage (430268K) : topmetal1_diffprb has 0 polygons
2026-08-18 20:30:43 -0400: Memory Usage (430268K) : inldpwl_drw has 0 polygons
2026-08-18 20:30:43 -0400: Memory Usage (430268K) : polyres_drw has 12 polygons
2026-08-18 20:30:43 -0400: Memory Usage (430268K) : polyres_pin has 0 polygons
2026-08-18 20:30:43 -0400: Memory Usage (430268K) : vmim_drw has 27 polygons
2026-08-18 20:30:43 -0400: Memory Usage (430268K) : nbulaycut_drw has 0 polygons
2026-08-18 20:30:43 -0400: Memory Usage (430268K) : antmetal1_drw has 0 polygons
2026-08-18 20:30:43 -0400: Memory Usage (430268K) : topvia2_drw has 2 polygons
2026-08-18 20:30:43 -0400: Memory Usage (430268K) : topmetal2_drw has 1 polygons
2026-08-18 20:30:43 -0400: Memory Usage (430268K) : topmetal2_filler has 0 polygons
2026-08-18 20:30:43 -0400: Memory Usage (430268K) : topmetal2_slit has 0 polygons
2026-08-18 20:30:43 -0400: Memory Usage (430268K) : topmetal2 has 1 polygons
2026-08-18 20:30:43 -0400: Memory Usage (430268K) : topmetal2_pin has 0 polygons
2026-08-18 20:30:43 -0400: Memory Usage (430268K) : topmetal2_mask has 0 polygons
2026-08-18 20:30:43 -0400: Memory Usage (430268K) : topmetal2_nofill has 3 polygons
2026-08-18 20:30:43 -0400: Memory Usage (430268K) : topmetal2_text has 1 polygons
2026-08-18 20:30:43 -0400: Memory Usage (430268K) : topmetal2_noqrc has 0 polygons
2026-08-18 20:30:43 -0400: Memory Usage (430268K) : topmetal2_res has 0 polygons
2026-08-18 20:30:43 -0400: Memory Usage (430268K) : topmetal2_iprobe has 0 polygons
2026-08-18 20:30:43 -0400: Memory Usage (430268K) : topmetal2_diffprb has 0 polygons
2026-08-18 20:30:43 -0400: Memory Usage (430268K) : snsring_drw has 0 polygons
2026-08-18 20:30:43 -0400: Memory Usage (430268K) : sensor_drw has 0 polygons
2026-08-18 20:30:43 -0400: Memory Usage (430268K) : snsarms_drw has 0 polygons
2026-08-18 20:30:43 -0400: Memory Usage (430268K) : snscmosvia_drw has 0 polygons
2026-08-18 20:30:43 -0400: Memory Usage (430268K) : colwind_drw has 0 polygons
2026-08-18 20:30:43 -0400: Memory Usage (430268K) : flm_drw has 0 polygons
2026-08-18 20:30:43 -0400: Memory Usage (430268K) : hafniumox_drw has 0 polygons
2026-08-18 20:30:43 -0400: Memory Usage (430268K) : memvia_drw has 0 polygons
2026-08-18 20:30:43 -0400: Memory Usage (430268K) : thinfilmres_drw has 0 polygons
2026-08-18 20:30:43 -0400: Memory Usage (430268K) : rfmem_drw has 0 polygons
2026-08-18 20:30:43 -0400: Memory Usage (430268K) : norcx_drw has 0 polygons
2026-08-18 20:30:43 -0400: Memory Usage (430268K) : norcx_m2m3 has 0 polygons
2026-08-18 20:30:43 -0400: Memory Usage (430268K) : norcx_m2m4 has 0 polygons
2026-08-18 20:30:43 -0400: Memory Usage (430268K) : norcx_m2m5 has 0 polygons
2026-08-18 20:30:43 -0400: Memory Usage (430268K) : norcx_m2tm1 has 0 polygons
2026-08-18 20:30:43 -0400: Memory Usage (430268K) : norcx_m2tm2 has 0 polygons
2026-08-18 20:30:43 -0400: Memory Usage (430268K) : norcx_m3m4 has 0 polygons
2026-08-18 20:30:43 -0400: Memory Usage (430268K) : norcx_m3m5 has 0 polygons
2026-08-18 20:30:43 -0400: Memory Usage (430268K) : norcx_m3tm1 has 0 polygons
2026-08-18 20:30:43 -0400: Memory Usage (430268K) : norcx_m3tm2 has 0 polygons
2026-08-18 20:30:43 -0400: Memory Usage (430268K) : norcx_m4m5 has 0 polygons
2026-08-18 20:30:43 -0400: Memory Usage (430268K) : norcx_m4tm1 has 0 polygons
2026-08-18 20:30:43 -0400: Memory Usage (430268K) : norcx_m4tm2 has 0 polygons
2026-08-18 20:30:43 -0400: Memory Usage (430268K) : norcx_m5tm1 has 0 polygons
2026-08-18 20:30:43 -0400: Memory Usage (430268K) : norcx_m5tm2 has 0 polygons
2026-08-18 20:30:43 -0400: Memory Usage (430268K) : norcx_tm1tm2 has 0 polygons
2026-08-18 20:30:43 -0400: Memory Usage (430268K) : norcx_m1sub has 0 polygons
2026-08-18 20:30:43 -0400: Memory Usage (430268K) : norcx_m2sub has 0 polygons
2026-08-18 20:30:43 -0400: Memory Usage (430268K) : norcx_m3sub has 0 polygons
2026-08-18 20:30:43 -0400: Memory Usage (430268K) : norcx_m4sub has 0 polygons
2026-08-18 20:30:43 -0400: Memory Usage (430268K) : norcx_m5sub has 0 polygons
2026-08-18 20:30:43 -0400: Memory Usage (430268K) : norcx_tm1sub has 0 polygons
2026-08-18 20:30:43 -0400: Memory Usage (430268K) : norcx_tm2sub has 0 polygons
2026-08-18 20:30:43 -0400: Memory Usage (430268K) : snsbotvia_drw has 0 polygons
2026-08-18 20:30:43 -0400: Memory Usage (430268K) : snstopvia_drw has 0 polygons
2026-08-18 20:30:43 -0400: Memory Usage (430268K) : deepvia_drw has 0 polygons
2026-08-18 20:30:43 -0400: Memory Usage (430268K) : fgetch_drw has 0 polygons
2026-08-18 20:30:43 -0400: Memory Usage (430268K) : ctrgat_drw has 0 polygons
2026-08-18 20:30:43 -0400: Memory Usage (430268K) : fgimp_drw has 0 polygons
2026-08-18 20:30:43 -0400: Memory Usage (430268K) : emwihv_drw has 0 polygons
2026-08-18 20:30:43 -0400: Memory Usage (430268K) : lbe_drw has 0 polygons
2026-08-18 20:30:43 -0400: Memory Usage (430268K) : alcustop_drw has 0 polygons
2026-08-18 20:30:43 -0400: Memory Usage (430268K) : nometfiller_drw has 0 polygons
2026-08-18 20:30:43 -0400: Memory Usage (430268K) : prboundary_drw has 0 polygons
2026-08-18 20:30:43 -0400: Memory Usage (430268K) : exchange0_drw has 0 polygons
2026-08-18 20:30:43 -0400: Memory Usage (430268K) : exchange0_pin has 0 polygons
2026-08-18 20:30:43 -0400: Memory Usage (430268K) : exchange0_text has 0 polygons
2026-08-18 20:30:43 -0400: Memory Usage (430268K) : exchange1_drw has 0 polygons
2026-08-18 20:30:43 -0400: Memory Usage (430268K) : exchange1_pin has 0 polygons
2026-08-18 20:30:43 -0400: Memory Usage (430268K) : exchange1_text has 0 polygons
2026-08-18 20:30:43 -0400: Memory Usage (430268K) : exchange2_drw has 0 polygons
2026-08-18 20:30:43 -0400: Memory Usage (430268K) : exchange2_pin has 0 polygons
2026-08-18 20:30:43 -0400: Memory Usage (430268K) : exchange2_text has 0 polygons
2026-08-18 20:30:43 -0400: Memory Usage (430268K) : exchange3_drw has 0 polygons
2026-08-18 20:30:43 -0400: Memory Usage (430268K) : exchange3_pin has 0 polygons
2026-08-18 20:30:43 -0400: Memory Usage (430268K) : exchange3_text has 0 polygons
2026-08-18 20:30:43 -0400: Memory Usage (430268K) : exchange4_drw has 0 polygons
2026-08-18 20:30:43 -0400: Memory Usage (430268K) : exchange4_pin has 0 polygons
2026-08-18 20:30:43 -0400: Memory Usage (430268K) : exchange4_text has 0 polygons
2026-08-18 20:30:43 -0400: Memory Usage (430268K) : isonwell_drw has 0 polygons
2026-08-18 20:30:43 -0400: Memory Usage (430268K) : Total no. of polygons in the design is 3016
2026-08-18 20:30:43 -0400: Memory Usage (430268K) : Starting SG13G2 LVS runset
2026-08-18 20:30:43 -0400: Memory Usage (430268K) : Starting base layers derivations
2026-08-18 20:30:43 -0400: Memory Usage (430268K) : Starting general LVS derivations
2026-08-18 20:30:43 -0400: Memory Usage (431384K) : Starting MOSFET DERIVATIONS
2026-08-18 20:30:43 -0400: Memory Usage (431928K) : Starting NMOS DERIVATIONS
2026-08-18 20:30:43 -0400: Memory Usage (431928K) : Starting PMOS DERIVATIONS
2026-08-18 20:30:43 -0400: Memory Usage (431928K) : Starting RF-MOSFET DERIVATIONS
2026-08-18 20:30:43 -0400: Memory Usage (431928K) : Starting RF-NMOS DERIVATIONS
2026-08-18 20:30:43 -0400: Memory Usage (431928K) : Starting RF-PMOS DERIVATIONS
2026-08-18 20:30:43 -0400: Memory Usage (431928K) : Starting BJT DERIVATIONS
2026-08-18 20:30:43 -0400: Memory Usage (431928K) : Starting NPN-BJT DERIVATIONS
2026-08-18 20:30:43 -0400: Memory Usage (431928K) : Starting PNP-BJT DERIVATIONS
2026-08-18 20:30:43 -0400: Memory Usage (431928K) : Starting DIODE DERIVATIONS
2026-08-18 20:30:44 -0400: Memory Usage (431928K) : Starting RESISTOR DERIVATIONS
2026-08-18 20:30:44 -0400: Memory Usage (431928K) : Starting CAP DERIVATIONS
2026-08-18 20:30:44 -0400: Memory Usage (431928K) : Starting ESD DERIVATIONS
2026-08-18 20:30:44 -0400: Memory Usage (431928K) : Starting Inductor DERIVATIONS
2026-08-18 20:30:44 -0400: Memory Usage (431928K) : Starting Taps DERIVATIONS
2026-08-18 20:30:44 -0400: Memory Usage (433928K) : Starting SG13G2 LVS connectivity setup
2026-08-18 20:30:44 -0400: Memory Usage (433928K) : Starting SG13G2 LVS connectivity setup (Inter-layer)
2026-08-18 20:30:44 -0400: Memory Usage (433928K) : Starting SG13G2 LVS connectivity setup (Global)
2026-08-18 20:30:44 -0400: Memory Usage (433928K) : Starting LVS MOSFET CONNECTIONS
2026-08-18 20:30:44 -0400: Memory Usage (433928K) : Starting LVS RF-MOSFET CONNECTIONS
2026-08-18 20:30:44 -0400: Memory Usage (433928K) : Starting LVS BJT CONNECTIONS
2026-08-18 20:30:44 -0400: Memory Usage (433928K) : Starting LVS DIODE CONNECTIONS
2026-08-18 20:30:44 -0400: Memory Usage (433928K) : Starting RESISTOR CONNECTIONS
2026-08-18 20:30:44 -0400: Memory Usage (433928K) : Starting LVS CAP CONNECTIONS
2026-08-18 20:30:44 -0400: Memory Usage (433928K) : Starting ESD CONNECTIONS
2026-08-18 20:30:44 -0400: Memory Usage (433928K) : Starting Inductor CONNECTIONS
2026-08-18 20:30:44 -0400: Memory Usage (433928K) : Starting LVS Taps CONNECTIONS
2026-08-18 20:30:44 -0400: Memory Usage (433928K) : Starting SG13G2 LVS DEVICES EXTRACTION
2026-08-18 20:30:44 -0400: Memory Usage (433928K) : Starting MOSFET EXTRACTION
2026-08-18 20:30:44 -0400: Memory Usage (433928K) : Starting NMOS EXTRACTION
2026-08-18 20:30:44 -0400: Memory Usage (433928K) : Extraction of NMOS-LV transistor
2026-08-18 20:30:44 -0400: Memory Usage (433928K) : Extraction of NMOS-HV transistor
2026-08-18 20:30:44 -0400: Memory Usage (433928K) : Starting PMOS EXTRACTION
2026-08-18 20:30:44 -0400: Memory Usage (433928K) : Extraction of PMOS-LV transistor
2026-08-18 20:30:44 -0400: Memory Usage (433928K) : Extraction of PMOS-HV transistor
2026-08-18 20:30:44 -0400: Memory Usage (433928K) : Starting RF-MOSFET EXTRACTION
2026-08-18 20:30:44 -0400: Memory Usage (433928K) : Extraction of RF-NMOS-LV transistor
2026-08-18 20:30:44 -0400: Memory Usage (433928K) : Extraction of RF-NMOS-HV transistor
2026-08-18 20:30:44 -0400: Memory Usage (433928K) : Extraction of RF-PMOS-LV transistor
2026-08-18 20:30:44 -0400: Memory Usage (433928K) : Extraction of RF-PMOS-HV transistor
2026-08-18 20:30:44 -0400: Memory Usage (433928K) : Starting BJT EXTRACTION
2026-08-18 20:30:44 -0400: Memory Usage (433928K) : Starting NPN-BJT EXTRACTION
2026-08-18 20:30:44 -0400: Memory Usage (433928K) : Extraction of npn13G2 BJT transistor
2026-08-18 20:30:44 -0400: Memory Usage (433928K) : Extraction of npn13G2L BJT transistor
2026-08-18 20:30:44 -0400: Memory Usage (433928K) : Extraction of npn13G2V BJT transistor
2026-08-18 20:30:44 -0400: Memory Usage (433928K) : Starting PNP-BJT EXTRACTION
2026-08-18 20:30:44 -0400: Memory Usage (433928K) : Extracting pnpMPA BJT
2026-08-18 20:30:44 -0400: Memory Usage (433928K) : Starting DIODE EXTRACTION
2026-08-18 20:30:44 -0400: Memory Usage (433928K) : Extracting dantenna diode
2026-08-18 20:30:44 -0400: Memory Usage (433928K) : Extracting dpantenna diode
2026-08-18 20:30:44 -0400: Memory Usage (433928K) : Extracting schottky_nbl1 diode
2026-08-18 20:30:44 -0400: Memory Usage (433928K) : Starting RESISTOR EXTRACTION
2026-08-18 20:30:44 -0400: Memory Usage (433928K) : Extracting rsil resistor
2026-08-18 20:30:44 -0400: Memory Usage (434032K) : Extracting rppd resistor
2026-08-18 20:30:44 -0400: Memory Usage (434032K) : Extracting rhigh resistor
2026-08-18 20:30:44 -0400: Memory Usage (434032K) : Extracting res_metal1 resistor
2026-08-18 20:30:44 -0400: Memory Usage (434032K) : Extracting res_metal2 resistor
2026-08-18 20:30:44 -0400: Memory Usage (434032K) : Extracting res_metal3 resistor
2026-08-18 20:30:44 -0400: Memory Usage (434032K) : Extracting res_metal4 resistor
2026-08-18 20:30:44 -0400: Memory Usage (434032K) : Extracting res_metal5 resistor
2026-08-18 20:30:44 -0400: Memory Usage (434032K) : Extracting res_topmetal1 resistor
2026-08-18 20:30:44 -0400: Memory Usage (434032K) : Extracting res_topmetal2 resistor
2026-08-18 20:30:44 -0400: Memory Usage (434032K) : Starting CAP EXTRACTION
2026-08-18 20:30:44 -0400: Memory Usage (434032K) : Extracting cap_cmim device
2026-08-18 20:30:44 -0400: Memory Usage (434032K) : Extracting rfcmim device
2026-08-18 20:30:44 -0400: Memory Usage (434032K) : Extracting sg13_hv_svaricap varactor
2026-08-18 20:30:44 -0400: Memory Usage (434032K) : Starting ESD EXTRACTION
2026-08-18 20:30:44 -0400: Memory Usage (434032K) : Extracting diodevdd_2kv ESD device
2026-08-18 20:30:44 -0400: Memory Usage (434032K) : Extracting diodevdd_4kv ESD device
2026-08-18 20:30:44 -0400: Memory Usage (434032K) : Extracting diodevss_2kv ESD device
2026-08-18 20:30:44 -0400: Memory Usage (434032K) : Extracting diodevss_4kv ESD device
2026-08-18 20:30:44 -0400: Memory Usage (434032K) : Extracting idiodevdd_2kv ESD device
2026-08-18 20:30:44 -0400: Memory Usage (434032K) : Extracting idiodevdd_4kv ESD device
2026-08-18 20:30:44 -0400: Memory Usage (434032K) : Extracting idiodevss_2kv ESD device
2026-08-18 20:30:44 -0400: Memory Usage (434032K) : Extracting idiodevss_4kv ESD device
2026-08-18 20:30:44 -0400: Memory Usage (434032K) : Extracting nmoscl_2 ESD device
2026-08-18 20:30:44 -0400: Memory Usage (434032K) : Extracting nmoscl_4 ESD device
2026-08-18 20:30:44 -0400: Memory Usage (434032K) : Starting Inductor EXTRACTION
2026-08-18 20:30:44 -0400: Memory Usage (434032K) : Extracting Inductor2 device
2026-08-18 20:30:44 -0400: Memory Usage (434032K) : Extracting Inductor3 device
2026-08-18 20:30:44 -0400: Memory Usage (434032K) : Starting Taps EXTRACTION
2026-08-18 20:30:44 -0400: Memory Usage (434032K) : Extracting ntap1 device
2026-08-18 20:30:44 -0400: Memory Usage (434032K) : Extracting ptap1 device
2026-08-18 20:30:44 -0400: Memory Usage (434032K) : Starting SG13G2 LVS Options Preparations
2026-08-18 20:30:44 -0400: Memory Usage (434032K) : Starting SG13G2 LVS Alignment
2026-08-18 20:30:44 -0400: Memory Usage (434032K) : Starting SG13G2 LVS Simplification
2026-08-18 20:30:44 -0400: Memory Usage (434032K) : Starting SG13G2 LVS Comparison with flag_missing_ports
2026-08-18 20:30:44 -0400: Memory Usage (434032K) : ==========================================
2026-08-18 20:30:44 -0400: Memory Usage (434032K) : INFO : Congratulations! Netlists match.
2026-08-18 20:30:44 -0400: Memory Usage (434032K) : ==========================================
2026-08-18 20:30:44 -0400: Memory Usage (434032K) : LVS Total Run time 2.288390 seconds
