# Logfile created on 2026-08-18 20:33:30 -0400 by logger.rb/61378
2026-08-18 20:33:30 -0400: Memory Usage (413868K) : Starting running SG13G2 Klayout LVS runset on /home/noorizad/spicexplorer-workspace/external/agentic-design-pam4-driver-ihp130/report/work/e/dut_pam4.gds
2026-08-18 20:33:30 -0400: Memory Usage (413868K) : Ruby Version for klayout: 2.5.9
2026-08-18 20:33:30 -0400: Memory Usage (413868K) : Loading database to memory is complete.
2026-08-18 20:33:30 -0400: Memory Usage (413868K) : SG13G2 Klayout LVS runset output at: /home/noorizad/spicexplorer-workspace/external/agentic-design-pam4-driver-ihp130/report/work/e/signoff/lvs/dut_pam4.lvsdb
2026-08-18 20:33:30 -0400: Memory Usage (413868K) : Evaluate switches.
2026-08-18 20:33:30 -0400: Memory Usage (413868K) : Extracted netlist with net names: true
2026-08-18 20:33:30 -0400: Memory Usage (413868K) : Extracted netlist with comments in details: false
2026-08-18 20:33:30 -0400: Memory Usage (413868K) : Selected NET_ONLY option: false
2026-08-18 20:33:30 -0400: Memory Usage (413868K) : Selected ALLOW_UNMATCHED_PORTS option: false
2026-08-18 20:33:30 -0400: Memory Usage (413868K) : Selected TOP_LVL_PINS option: false
2026-08-18 20:33:30 -0400: Memory Usage (413868K) : Selected COMBINE DEVICES option: false
2026-08-18 20:33:30 -0400: Memory Usage (413868K) : Selected PURGE option: false
2026-08-18 20:33:30 -0400: Memory Usage (413868K) : Selected PURGE_NETS option: false
2026-08-18 20:33:30 -0400: Memory Usage (413868K) : Selected SIMPLIFY option: true
2026-08-18 20:33:30 -0400: Memory Usage (413868K) : Selected SERIES_RES option: true
2026-08-18 20:33:30 -0400: Memory Usage (413868K) : Selected PARALLEL_RES option: true
2026-08-18 20:33:30 -0400: Memory Usage (413868K) : Verbose mode: false
2026-08-18 20:33:30 -0400: Memory Usage (413868K) : deep  mode is enabled.
2026-08-18 20:33:30 -0400: Memory Usage (413868K) : Netlist file: /home/noorizad/spicexplorer-workspace/external/agentic-design-pam4-driver-ihp130/report/work/e/dut_pam4_lvs.spice
2026-08-18 20:33:30 -0400: Memory Usage (413868K) : LVS extracted netlist at: /home/noorizad/spicexplorer-workspace/external/agentic-design-pam4-driver-ihp130/report/work/e/signoff/lvs/dut_pam4_extracted.cir
2026-08-18 20:33:30 -0400: Memory Usage (413868K) : Read in polygons from layers.
2026-08-18 20:33:30 -0400: Memory Usage (413868K) : activ_drw has 68 polygons
2026-08-18 20:33:30 -0400: Memory Usage (413868K) : activ_filler has 0 polygons
2026-08-18 20:33:30 -0400: Memory Usage (413868K) : activ has 68 polygons
2026-08-18 20:33:30 -0400: Memory Usage (413868K) : activ_pin has 0 polygons
2026-08-18 20:33:30 -0400: Memory Usage (413868K) : activ_mask has 12 polygons
2026-08-18 20:33:30 -0400: Memory Usage (413868K) : activ_nofill has 0 polygons
2026-08-18 20:33:30 -0400: Memory Usage (413868K) : activ_OPC has 0 polygons
2026-08-18 20:33:30 -0400: Memory Usage (413868K) : activ_iOPC has 0 polygons
2026-08-18 20:33:30 -0400: Memory Usage (413868K) : activ_noqrc has 0 polygons
2026-08-18 20:33:30 -0400: Memory Usage (413868K) : biwind_drw has 0 polygons
2026-08-18 20:33:30 -0400: Memory Usage (413868K) : biwind_OPC has 0 polygons
2026-08-18 20:33:30 -0400: Memory Usage (413868K) : gatpoly_drw has 24 polygons
2026-08-18 20:33:30 -0400: Memory Usage (413868K) : gatpoly_filler has 0 polygons
2026-08-18 20:33:30 -0400: Memory Usage (413868K) : gatpoly has 24 polygons
2026-08-18 20:33:30 -0400: Memory Usage (413868K) : gatpoly_pin has 0 polygons
2026-08-18 20:33:30 -0400: Memory Usage (416696K) : gatpoly_nofill has 0 polygons
2026-08-18 20:33:30 -0400: Memory Usage (416696K) : gatpoly_OPC has 0 polygons
2026-08-18 20:33:30 -0400: Memory Usage (416696K) : gatpoly_iOPC has 0 polygons
2026-08-18 20:33:30 -0400: Memory Usage (416696K) : gatpoly_noqrc has 0 polygons
2026-08-18 20:33:30 -0400: Memory Usage (416960K) : cont_drw has 928 polygons
2026-08-18 20:33:30 -0400: Memory Usage (416960K) : cont_OPC has 0 polygons
2026-08-18 20:33:30 -0400: Memory Usage (416960K) : nsd_drw has 0 polygons
2026-08-18 20:33:30 -0400: Memory Usage (417404K) : nsd_block has 24 polygons
2026-08-18 20:33:30 -0400: Memory Usage (417404K) : metal1_drw has 96 polygons
2026-08-18 20:33:30 -0400: Memory Usage (417404K) : metal1_filler has 0 polygons
2026-08-18 20:33:30 -0400: Memory Usage (417404K) : metal1_slit has 0 polygons
2026-08-18 20:33:30 -0400: Memory Usage (417404K) : metal1 has 96 polygons
2026-08-18 20:33:30 -0400: Memory Usage (417908K) : metal1_pin has 48 polygons
2026-08-18 20:33:30 -0400: Memory Usage (417908K) : metal1_mask has 0 polygons
2026-08-18 20:33:30 -0400: Memory Usage (417908K) : metal1_nofill has 0 polygons
2026-08-18 20:33:30 -0400: Memory Usage (417908K) : metal1_text has 6 polygons
2026-08-18 20:33:30 -0400: Memory Usage (417908K) : metal1_OPC has 0 polygons
2026-08-18 20:33:30 -0400: Memory Usage (417908K) : metal1_noqrc has 0 polygons
2026-08-18 20:33:30 -0400: Memory Usage (417908K) : metal1_res has 0 polygons
2026-08-18 20:33:30 -0400: Memory Usage (417908K) : metal1_iprobe has 0 polygons
2026-08-18 20:33:30 -0400: Memory Usage (418352K) : metal1_diffprb has 0 polygons
2026-08-18 20:33:30 -0400: Memory Usage (418352K) : passiv_drw has 0 polygons
2026-08-18 20:33:30 -0400: Memory Usage (418352K) : passiv_pin has 0 polygons
2026-08-18 20:33:30 -0400: Memory Usage (418352K) : passiv_sbump has 0 polygons
2026-08-18 20:33:30 -0400: Memory Usage (418616K) : passiv_pillar has 0 polygons
2026-08-18 20:33:30 -0400: Memory Usage (418616K) : passiv_pdl has 0 polygons
2026-08-18 20:33:30 -0400: Memory Usage (418616K) : metal2_drw has 34 polygons
2026-08-18 20:33:30 -0400: Memory Usage (418616K) : metal2_filler has 0 polygons
2026-08-18 20:33:30 -0400: Memory Usage (418880K) : metal2_slit has 0 polygons
2026-08-18 20:33:30 -0400: Memory Usage (418880K) : metal2 has 34 polygons
2026-08-18 20:33:30 -0400: Memory Usage (418880K) : metal2_pin has 12 polygons
2026-08-18 20:33:30 -0400: Memory Usage (419144K) : metal2_mask has 0 polygons
2026-08-18 20:33:30 -0400: Memory Usage (419144K) : metal2_nofill has 0 polygons
2026-08-18 20:33:30 -0400: Memory Usage (419144K) : metal2_text has 0 polygons
2026-08-18 20:33:30 -0400: Memory Usage (419144K) : metal2_OPC has 0 polygons
2026-08-18 20:33:30 -0400: Memory Usage (419408K) : metal2_noqrc has 0 polygons
2026-08-18 20:33:30 -0400: Memory Usage (419408K) : metal2_res has 0 polygons
2026-08-18 20:33:30 -0400: Memory Usage (419408K) : metal2_iprobe has 0 polygons
2026-08-18 20:33:30 -0400: Memory Usage (419408K) : metal2_diffprb has 0 polygons
2026-08-18 20:33:30 -0400: Memory Usage (419672K) : baspoly_drw has 0 polygons
2026-08-18 20:33:30 -0400: Memory Usage (419672K) : baspoly_pin has 0 polygons
2026-08-18 20:33:30 -0400: Memory Usage (419672K) : psd_drw has 20 polygons
2026-08-18 20:33:30 -0400: Memory Usage (419672K) : nldb_drw has 0 polygons
2026-08-18 20:33:30 -0400: Memory Usage (419936K) : digibnd_drw has 0 polygons
2026-08-18 20:33:30 -0400: Memory Usage (419936K) : via1_drw has 426 polygons
2026-08-18 20:33:30 -0400: Memory Usage (419936K) : backmetal1_drw has 0 polygons
2026-08-18 20:33:30 -0400: Memory Usage (419936K) : backmetal1_pin has 0 polygons
2026-08-18 20:33:30 -0400: Memory Usage (420200K) : backmetal1_mask has 0 polygons
2026-08-18 20:33:30 -0400: Memory Usage (420200K) : backmetal1_filler has 0 polygons
2026-08-18 20:33:30 -0400: Memory Usage (420200K) : backmetal1_nofill has 0 polygons
2026-08-18 20:33:30 -0400: Memory Usage (420200K) : backmetal1_slit has 0 polygons
2026-08-18 20:33:30 -0400: Memory Usage (420200K) : backmetal1_text has 0 polygons
2026-08-18 20:33:30 -0400: Memory Usage (420200K) : backmetal1_OPC has 0 polygons
2026-08-18 20:33:30 -0400: Memory Usage (420200K) : backmetal1_noqrc has 0 polygons
2026-08-18 20:33:30 -0400: Memory Usage (420464K) : backmetal1_res has 0 polygons
2026-08-18 20:33:30 -0400: Memory Usage (420464K) : backmetal1_iprobe has 0 polygons
2026-08-18 20:33:30 -0400: Memory Usage (420464K) : backmetal1_diffprb has 0 polygons
2026-08-18 20:33:30 -0400: Memory Usage (420464K) : backpassiv_drw has 0 polygons
2026-08-18 20:33:30 -0400: Memory Usage (420728K) : res_drw has 12 polygons
2026-08-18 20:33:30 -0400: Memory Usage (420728K) : sram_drw has 0 polygons
2026-08-18 20:33:30 -0400: Memory Usage (420728K) : trans_drw has 12 polygons
2026-08-18 20:33:31 -0400: Memory Usage (420728K) : ind_drw has 0 polygons
2026-08-18 20:33:31 -0400: Memory Usage (420992K) : ind_pin has 0 polygons
2026-08-18 20:33:31 -0400: Memory Usage (420992K) : ind_text has 0 polygons
2026-08-18 20:33:31 -0400: Memory Usage (420992K) : salblock_drw has 0 polygons
2026-08-18 20:33:31 -0400: Memory Usage (420992K) : via2_drw has 104 polygons
2026-08-18 20:33:31 -0400: Memory Usage (421256K) : metal3_drw has 26 polygons
2026-08-18 20:33:31 -0400: Memory Usage (421256K) : metal3_filler has 0 polygons
2026-08-18 20:33:31 -0400: Memory Usage (421256K) : metal3_slit has 0 polygons
2026-08-18 20:33:31 -0400: Memory Usage (421520K) : metal3 has 26 polygons
2026-08-18 20:33:31 -0400: Memory Usage (421520K) : metal3_pin has 0 polygons
2026-08-18 20:33:31 -0400: Memory Usage (421520K) : metal3_mask has 0 polygons
2026-08-18 20:33:31 -0400: Memory Usage (421520K) : metal3_nofill has 0 polygons
2026-08-18 20:33:31 -0400: Memory Usage (421784K) : metal3_text has 0 polygons
2026-08-18 20:33:31 -0400: Memory Usage (421784K) : metal3_OPC has 0 polygons
2026-08-18 20:33:31 -0400: Memory Usage (421784K) : metal3_noqrc has 0 polygons
2026-08-18 20:33:31 -0400: Memory Usage (421784K) : metal3_res has 0 polygons
2026-08-18 20:33:31 -0400: Memory Usage (421784K) : metal3_iprobe has 0 polygons
2026-08-18 20:33:31 -0400: Memory Usage (422048K) : metal3_diffprb has 0 polygons
2026-08-18 20:33:31 -0400: Memory Usage (422048K) : nwell_drw has 0 polygons
2026-08-18 20:33:31 -0400: Memory Usage (422048K) : nwell_pin has 0 polygons
2026-08-18 20:33:31 -0400: Memory Usage (422048K) : nbulay_drw has 0 polygons
2026-08-18 20:33:31 -0400: Memory Usage (422312K) : nbulay_pin has 0 polygons
2026-08-18 20:33:31 -0400: Memory Usage (422312K) : nbulay_block has 0 polygons
2026-08-18 20:33:31 -0400: Memory Usage (422312K) : emwind_drw has 36 polygons
2026-08-18 20:33:31 -0400: Memory Usage (422312K) : emwind_OPC has 0 polygons
2026-08-18 20:33:31 -0400: Memory Usage (422576K) : deepco_drw has 0 polygons
2026-08-18 20:33:31 -0400: Memory Usage (422576K) : mim_drw has 3 polygons
2026-08-18 20:33:31 -0400: Memory Usage (422576K) : edgeseal_drw has 0 polygons
2026-08-18 20:33:31 -0400: Memory Usage (422576K) : substrate_drw has 0 polygons
2026-08-18 20:33:31 -0400: Memory Usage (422840K) : substrate_text has 0 polygons
2026-08-18 20:33:31 -0400: Memory Usage (422840K) : dfpad_drw has 0 polygons
2026-08-18 20:33:31 -0400: Memory Usage (422840K) : dfpad_pillar has 0 polygons
2026-08-18 20:33:31 -0400: Memory Usage (422840K) : dfpad_sbump has 0 polygons
2026-08-18 20:33:31 -0400: Memory Usage (423104K) : thickgateox_drw has 0 polygons
2026-08-18 20:33:31 -0400: Memory Usage (423104K) : pldb_drw has 0 polygons
2026-08-18 20:33:31 -0400: Memory Usage (423104K) : pwell_drw has 0 polygons
2026-08-18 20:33:31 -0400: Memory Usage (423104K) : pwell_pin has 0 polygons
2026-08-18 20:33:31 -0400: Memory Usage (423368K) : pwell_block has 0 polygons
2026-08-18 20:33:31 -0400: Memory Usage (423368K) : ic_drw has 0 polygons
2026-08-18 20:33:31 -0400: Memory Usage (423368K) : via3_drw has 104 polygons
2026-08-18 20:33:31 -0400: Memory Usage (423368K) : metal4_drw has 24 polygons
2026-08-18 20:33:31 -0400: Memory Usage (423632K) : metal4_filler has 0 polygons
2026-08-18 20:33:31 -0400: Memory Usage (423632K) : metal4_slit has 0 polygons
2026-08-18 20:33:31 -0400: Memory Usage (423632K) : metal4 has 24 polygons
2026-08-18 20:33:31 -0400: Memory Usage (423896K) : metal4_pin has 0 polygons
2026-08-18 20:33:31 -0400: Memory Usage (423896K) : metal4_mask has 0 polygons
2026-08-18 20:33:31 -0400: Memory Usage (423896K) : metal4_nofill has 3 polygons
2026-08-18 20:33:31 -0400: Memory Usage (423896K) : metal4_text has 4 polygons
2026-08-18 20:33:31 -0400: Memory Usage (424160K) : metal4_OPC has 0 polygons
2026-08-18 20:33:31 -0400: Memory Usage (424160K) : metal4_noqrc has 0 polygons
2026-08-18 20:33:31 -0400: Memory Usage (424160K) : metal4_res has 0 polygons
2026-08-18 20:33:31 -0400: Memory Usage (424160K) : metal4_iprobe has 0 polygons
2026-08-18 20:33:31 -0400: Memory Usage (424424K) : metal4_diffprb has 0 polygons
2026-08-18 20:33:31 -0400: Memory Usage (424424K) : heattrans_drw has 0 polygons
2026-08-18 20:33:31 -0400: Memory Usage (424424K) : heatres_drw has 12 polygons
2026-08-18 20:33:31 -0400: Memory Usage (424424K) : fbe_drw has 0 polygons
2026-08-18 20:33:31 -0400: Memory Usage (424688K) : empoly_drw has 0 polygons
2026-08-18 20:33:31 -0400: Memory Usage (424688K) : digisub_drw has 0 polygons
2026-08-18 20:33:31 -0400: Memory Usage (424688K) : text_drw has 72 polygons
2026-08-18 20:33:31 -0400: Memory Usage (424688K) : via4_drw has 64 polygons
2026-08-18 20:33:31 -0400: Memory Usage (424952K) : metal5_drw has 16 polygons
2026-08-18 20:33:31 -0400: Memory Usage (424952K) : metal5_filler has 0 polygons
2026-08-18 20:33:31 -0400: Memory Usage (424952K) : metal5_slit has 0 polygons
2026-08-18 20:33:31 -0400: Memory Usage (425216K) : metal5 has 16 polygons
2026-08-18 20:33:31 -0400: Memory Usage (425216K) : metal5_pin has 3 polygons
2026-08-18 20:33:31 -0400: Memory Usage (425216K) : metal5_mask has 0 polygons
2026-08-18 20:33:31 -0400: Memory Usage (425216K) : metal5_nofill has 3 polygons
2026-08-18 20:33:31 -0400: Memory Usage (425480K) : metal5_text has 0 polygons
2026-08-18 20:33:31 -0400: Memory Usage (425480K) : metal5_OPC has 0 polygons
2026-08-18 20:33:31 -0400: Memory Usage (425480K) : metal5_noqrc has 0 polygons
2026-08-18 20:33:31 -0400: Memory Usage (425480K) : metal5_res has 0 polygons
2026-08-18 20:33:31 -0400: Memory Usage (425744K) : metal5_iprobe has 0 polygons
2026-08-18 20:33:31 -0400: Memory Usage (425744K) : metal5_diffprb has 0 polygons
2026-08-18 20:33:31 -0400: Memory Usage (425744K) : radhard_drw has 0 polygons
2026-08-18 20:33:31 -0400: Memory Usage (425744K) : memcap_drw has 3 polygons
2026-08-18 20:33:31 -0400: Memory Usage (426008K) : varicap_drw has 0 polygons
2026-08-18 20:33:31 -0400: Memory Usage (426008K) : intbondvia_drw has 0 polygons
2026-08-18 20:33:31 -0400: Memory Usage (426008K) : intbondmet_drw has 0 polygons
2026-08-18 20:33:31 -0400: Memory Usage (426272K) : devbondvia_drw has 0 polygons
2026-08-18 20:33:31 -0400: Memory Usage (426272K) : devbondmet_drw has 0 polygons
2026-08-18 20:33:31 -0400: Memory Usage (426272K) : devtrench_drw has 0 polygons
2026-08-18 20:33:31 -0400: Memory Usage (426272K) : redist_drw has 0 polygons
2026-08-18 20:33:31 -0400: Memory Usage (426536K) : graphbot_drw has 0 polygons
2026-08-18 20:33:31 -0400: Memory Usage (426536K) : graphtop_drw has 0 polygons
2026-08-18 20:33:31 -0400: Memory Usage (426536K) : antvia1_drw has 0 polygons
2026-08-18 20:33:31 -0400: Memory Usage (426536K) : antmetal2_drw has 0 polygons
2026-08-18 20:33:31 -0400: Memory Usage (426536K) : graphcont_drw has 0 polygons
2026-08-18 20:33:31 -0400: Memory Usage (426536K) : siwg_drw has 0 polygons
2026-08-18 20:33:31 -0400: Memory Usage (426800K) : siwg_filler has 0 polygons
2026-08-18 20:33:31 -0400: Memory Usage (426800K) : siwg_nofill has 0 polygons
2026-08-18 20:33:31 -0400: Memory Usage (426800K) : sigrating_drw has 0 polygons
2026-08-18 20:33:31 -0400: Memory Usage (426800K) : singrating_drw has 0 polygons
2026-08-18 20:33:31 -0400: Memory Usage (427064K) : graphpas_drw has 0 polygons
2026-08-18 20:33:31 -0400: Memory Usage (427064K) : emwind3_drw has 0 polygons
2026-08-18 20:33:31 -0400: Memory Usage (427064K) : emwihv3_drw has 0 polygons
2026-08-18 20:33:31 -0400: Memory Usage (427064K) : redbulay_drw has 0 polygons
2026-08-18 20:33:31 -0400: Memory Usage (427328K) : smos_drw has 0 polygons
2026-08-18 20:33:31 -0400: Memory Usage (427328K) : graphpad_drw has 0 polygons
2026-08-18 20:33:31 -0400: Memory Usage (427328K) : polimide_drw has 0 polygons
2026-08-18 20:33:31 -0400: Memory Usage (427328K) : polimide_pin has 0 polygons
2026-08-18 20:33:31 -0400: Memory Usage (427592K) : recog_drw has 0 polygons
2026-08-18 20:33:31 -0400: Memory Usage (427592K) : recog_pin has 0 polygons
2026-08-18 20:33:31 -0400: Memory Usage (427592K) : recog_esd has 0 polygons
2026-08-18 20:33:31 -0400: Memory Usage (427592K) : recog_diode has 0 polygons
2026-08-18 20:33:31 -0400: Memory Usage (427856K) : recog_tsv has 0 polygons
2026-08-18 20:33:31 -0400: Memory Usage (427856K) : recog_iprobe has 0 polygons
2026-08-18 20:33:31 -0400: Memory Usage (427856K) : recog_diffprb has 0 polygons
2026-08-18 20:33:31 -0400: Memory Usage (427856K) : recog_pillar has 0 polygons
2026-08-18 20:33:31 -0400: Memory Usage (428120K) : recog_sbump has 0 polygons
2026-08-18 20:33:31 -0400: Memory Usage (428120K) : recog_otp has 0 polygons
2026-08-18 20:33:31 -0400: Memory Usage (428120K) : recog_pdiode has 0 polygons
2026-08-18 20:33:31 -0400: Memory Usage (428120K) : recog_mom has 0 polygons
2026-08-18 20:33:31 -0400: Memory Usage (428384K) : recog_pcm has 0 polygons
2026-08-18 20:33:31 -0400: Memory Usage (428384K) : colopen_drw has 0 polygons
2026-08-18 20:33:31 -0400: Memory Usage (428384K) : graphmetal1_drw has 0 polygons
2026-08-18 20:33:31 -0400: Memory Usage (428384K) : graphmetal1_filler has 0 polygons
2026-08-18 20:33:31 -0400: Memory Usage (428648K) : graphmetal1_nofill has 0 polygons
2026-08-18 20:33:31 -0400: Memory Usage (428648K) : graphmetal1_slit has 0 polygons
2026-08-18 20:33:31 -0400: Memory Usage (428648K) : graphmetal1_OPC has 0 polygons
2026-08-18 20:33:31 -0400: Memory Usage (428648K) : graphmet1l_drw has 0 polygons
2026-08-18 20:33:31 -0400: Memory Usage (428912K) : graphmet1l_filler has 0 polygons
2026-08-18 20:33:31 -0400: Memory Usage (428912K) : graphmet1l_nofill has 0 polygons
2026-08-18 20:33:31 -0400: Memory Usage (428912K) : graphmet1l_slit has 0 polygons
2026-08-18 20:33:31 -0400: Memory Usage (428912K) : graphmet1l_OPC has 0 polygons
2026-08-18 20:33:31 -0400: Memory Usage (429176K) : extblock_drw has 12 polygons
2026-08-18 20:33:31 -0400: Memory Usage (429176K) : nldd_drw has 0 polygons
2026-08-18 20:33:31 -0400: Memory Usage (429176K) : pldd_drw has 0 polygons
2026-08-18 20:33:31 -0400: Memory Usage (429176K) : next_drw has 0 polygons
2026-08-18 20:33:31 -0400: Memory Usage (429440K) : pext_drw has 0 polygons
2026-08-18 20:33:31 -0400: Memory Usage (429440K) : nexthv_drw has 0 polygons
2026-08-18 20:33:31 -0400: Memory Usage (429440K) : pexthv_drw has 0 polygons
2026-08-18 20:33:31 -0400: Memory Usage (429440K) : graphgate_drw has 0 polygons
2026-08-18 20:33:31 -0400: Memory Usage (429704K) : sinwg_drw has 0 polygons
2026-08-18 20:33:31 -0400: Memory Usage (429704K) : sinwg_filler has 0 polygons
2026-08-18 20:33:31 -0400: Memory Usage (429704K) : sinwg_nofill has 0 polygons
2026-08-18 20:33:31 -0400: Memory Usage (429704K) : mempad_drw has 0 polygons
2026-08-18 20:33:31 -0400: Memory Usage (429968K) : topvia1_drw has 13 polygons
2026-08-18 20:33:31 -0400: Memory Usage (429968K) : topmetal1_drw has 10 polygons
2026-08-18 20:33:31 -0400: Memory Usage (429968K) : topmetal1_filler has 0 polygons
2026-08-18 20:33:31 -0400: Memory Usage (429968K) : topmetal1_slit has 0 polygons
2026-08-18 20:33:31 -0400: Memory Usage (430232K) : topmetal1 has 10 polygons
2026-08-18 20:33:31 -0400: Memory Usage (430232K) : topmetal1_pin has 3 polygons
2026-08-18 20:33:31 -0400: Memory Usage (430232K) : topmetal1_mask has 0 polygons
2026-08-18 20:33:31 -0400: Memory Usage (430496K) : topmetal1_nofill has 3 polygons
2026-08-18 20:33:31 -0400: Memory Usage (430496K) : topmetal1_text has 1 polygons
2026-08-18 20:33:31 -0400: Memory Usage (430496K) : topmetal1_noqrc has 0 polygons
2026-08-18 20:33:31 -0400: Memory Usage (430496K) : topmetal1_res has 0 polygons
2026-08-18 20:33:31 -0400: Memory Usage (430496K) : topmetal1_iprobe has 0 polygons
2026-08-18 20:33:31 -0400: Memory Usage (430496K) : topmetal1_diffprb has 0 polygons
2026-08-18 20:33:31 -0400: Memory Usage (430496K) : inldpwl_drw has 0 polygons
2026-08-18 20:33:31 -0400: Memory Usage (430496K) : polyres_drw has 12 polygons
2026-08-18 20:33:31 -0400: Memory Usage (430496K) : polyres_pin has 0 polygons
2026-08-18 20:33:31 -0400: Memory Usage (430496K) : vmim_drw has 27 polygons
2026-08-18 20:33:31 -0400: Memory Usage (430496K) : nbulaycut_drw has 0 polygons
2026-08-18 20:33:31 -0400: Memory Usage (430496K) : antmetal1_drw has 0 polygons
2026-08-18 20:33:31 -0400: Memory Usage (430496K) : topvia2_drw has 6 polygons
2026-08-18 20:33:31 -0400: Memory Usage (430496K) : topmetal2_drw has 2 polygons
2026-08-18 20:33:31 -0400: Memory Usage (430496K) : topmetal2_filler has 0 polygons
2026-08-18 20:33:31 -0400: Memory Usage (430496K) : topmetal2_slit has 0 polygons
2026-08-18 20:33:31 -0400: Memory Usage (430496K) : topmetal2 has 2 polygons
2026-08-18 20:33:31 -0400: Memory Usage (430496K) : topmetal2_pin has 0 polygons
2026-08-18 20:33:31 -0400: Memory Usage (430496K) : topmetal2_mask has 0 polygons
2026-08-18 20:33:31 -0400: Memory Usage (430496K) : topmetal2_nofill has 3 polygons
2026-08-18 20:33:31 -0400: Memory Usage (430496K) : topmetal2_text has 2 polygons
2026-08-18 20:33:31 -0400: Memory Usage (430496K) : topmetal2_noqrc has 0 polygons
2026-08-18 20:33:31 -0400: Memory Usage (430496K) : topmetal2_res has 0 polygons
2026-08-18 20:33:31 -0400: Memory Usage (430496K) : topmetal2_iprobe has 0 polygons
2026-08-18 20:33:31 -0400: Memory Usage (430496K) : topmetal2_diffprb has 0 polygons
2026-08-18 20:33:31 -0400: Memory Usage (430496K) : snsring_drw has 0 polygons
2026-08-18 20:33:31 -0400: Memory Usage (430496K) : sensor_drw has 0 polygons
2026-08-18 20:33:31 -0400: Memory Usage (430496K) : snsarms_drw has 0 polygons
2026-08-18 20:33:31 -0400: Memory Usage (430496K) : snscmosvia_drw has 0 polygons
2026-08-18 20:33:31 -0400: Memory Usage (430496K) : colwind_drw has 0 polygons
2026-08-18 20:33:31 -0400: Memory Usage (430496K) : flm_drw has 0 polygons
2026-08-18 20:33:31 -0400: Memory Usage (430496K) : hafniumox_drw has 0 polygons
2026-08-18 20:33:31 -0400: Memory Usage (430496K) : memvia_drw has 0 polygons
2026-08-18 20:33:31 -0400: Memory Usage (430496K) : thinfilmres_drw has 0 polygons
2026-08-18 20:33:31 -0400: Memory Usage (430496K) : rfmem_drw has 0 polygons
2026-08-18 20:33:31 -0400: Memory Usage (430496K) : norcx_drw has 0 polygons
2026-08-18 20:33:31 -0400: Memory Usage (430496K) : norcx_m2m3 has 0 polygons
2026-08-18 20:33:31 -0400: Memory Usage (430496K) : norcx_m2m4 has 0 polygons
2026-08-18 20:33:31 -0400: Memory Usage (430496K) : norcx_m2m5 has 0 polygons
2026-08-18 20:33:31 -0400: Memory Usage (430496K) : norcx_m2tm1 has 0 polygons
2026-08-18 20:33:31 -0400: Memory Usage (430496K) : norcx_m2tm2 has 0 polygons
2026-08-18 20:33:31 -0400: Memory Usage (430496K) : norcx_m3m4 has 0 polygons
2026-08-18 20:33:31 -0400: Memory Usage (430496K) : norcx_m3m5 has 0 polygons
2026-08-18 20:33:31 -0400: Memory Usage (430496K) : norcx_m3tm1 has 0 polygons
2026-08-18 20:33:31 -0400: Memory Usage (430496K) : norcx_m3tm2 has 0 polygons
2026-08-18 20:33:31 -0400: Memory Usage (430496K) : norcx_m4m5 has 0 polygons
2026-08-18 20:33:31 -0400: Memory Usage (430496K) : norcx_m4tm1 has 0 polygons
2026-08-18 20:33:31 -0400: Memory Usage (430496K) : norcx_m4tm2 has 0 polygons
2026-08-18 20:33:31 -0400: Memory Usage (430496K) : norcx_m5tm1 has 0 polygons
2026-08-18 20:33:31 -0400: Memory Usage (430496K) : norcx_m5tm2 has 0 polygons
2026-08-18 20:33:31 -0400: Memory Usage (430496K) : norcx_tm1tm2 has 0 polygons
2026-08-18 20:33:31 -0400: Memory Usage (430496K) : norcx_m1sub has 0 polygons
2026-08-18 20:33:31 -0400: Memory Usage (430496K) : norcx_m2sub has 0 polygons
2026-08-18 20:33:31 -0400: Memory Usage (430496K) : norcx_m3sub has 0 polygons
2026-08-18 20:33:31 -0400: Memory Usage (430496K) : norcx_m4sub has 0 polygons
2026-08-18 20:33:31 -0400: Memory Usage (430496K) : norcx_m5sub has 0 polygons
2026-08-18 20:33:31 -0400: Memory Usage (430496K) : norcx_tm1sub has 0 polygons
2026-08-18 20:33:31 -0400: Memory Usage (430496K) : norcx_tm2sub has 0 polygons
2026-08-18 20:33:31 -0400: Memory Usage (430496K) : snsbotvia_drw has 0 polygons
2026-08-18 20:33:31 -0400: Memory Usage (430496K) : snstopvia_drw has 0 polygons
2026-08-18 20:33:31 -0400: Memory Usage (430496K) : deepvia_drw has 0 polygons
2026-08-18 20:33:31 -0400: Memory Usage (430496K) : fgetch_drw has 0 polygons
2026-08-18 20:33:31 -0400: Memory Usage (430496K) : ctrgat_drw has 0 polygons
2026-08-18 20:33:31 -0400: Memory Usage (430496K) : fgimp_drw has 0 polygons
2026-08-18 20:33:31 -0400: Memory Usage (430496K) : emwihv_drw has 0 polygons
2026-08-18 20:33:31 -0400: Memory Usage (430496K) : lbe_drw has 0 polygons
2026-08-18 20:33:31 -0400: Memory Usage (430496K) : alcustop_drw has 0 polygons
2026-08-18 20:33:31 -0400: Memory Usage (430496K) : nometfiller_drw has 0 polygons
2026-08-18 20:33:31 -0400: Memory Usage (430496K) : prboundary_drw has 0 polygons
2026-08-18 20:33:31 -0400: Memory Usage (430496K) : exchange0_drw has 0 polygons
2026-08-18 20:33:31 -0400: Memory Usage (430496K) : exchange0_pin has 0 polygons
2026-08-18 20:33:31 -0400: Memory Usage (430496K) : exchange0_text has 0 polygons
2026-08-18 20:33:31 -0400: Memory Usage (430496K) : exchange1_drw has 0 polygons
2026-08-18 20:33:31 -0400: Memory Usage (430496K) : exchange1_pin has 0 polygons
2026-08-18 20:33:31 -0400: Memory Usage (430496K) : exchange1_text has 0 polygons
2026-08-18 20:33:31 -0400: Memory Usage (430496K) : exchange2_drw has 0 polygons
2026-08-18 20:33:31 -0400: Memory Usage (430496K) : exchange2_pin has 0 polygons
2026-08-18 20:33:31 -0400: Memory Usage (430496K) : exchange2_text has 0 polygons
2026-08-18 20:33:31 -0400: Memory Usage (430496K) : exchange3_drw has 0 polygons
2026-08-18 20:33:31 -0400: Memory Usage (430496K) : exchange3_pin has 0 polygons
2026-08-18 20:33:31 -0400: Memory Usage (430496K) : exchange3_text has 0 polygons
2026-08-18 20:33:31 -0400: Memory Usage (430496K) : exchange4_drw has 0 polygons
2026-08-18 20:33:31 -0400: Memory Usage (430496K) : exchange4_pin has 0 polygons
2026-08-18 20:33:31 -0400: Memory Usage (430496K) : exchange4_text has 0 polygons
2026-08-18 20:33:31 -0400: Memory Usage (430496K) : isonwell_drw has 0 polygons
2026-08-18 20:33:31 -0400: Memory Usage (430496K) : Total no. of polygons in the design is 2293
2026-08-18 20:33:31 -0400: Memory Usage (430496K) : Starting SG13G2 LVS runset
2026-08-18 20:33:31 -0400: Memory Usage (430496K) : Starting base layers derivations
2026-08-18 20:33:31 -0400: Memory Usage (430496K) : Starting general LVS derivations
2026-08-18 20:33:31 -0400: Memory Usage (431328K) : Starting MOSFET DERIVATIONS
2026-08-18 20:33:31 -0400: Memory Usage (431864K) : Starting NMOS DERIVATIONS
2026-08-18 20:33:31 -0400: Memory Usage (431864K) : Starting PMOS DERIVATIONS
2026-08-18 20:33:31 -0400: Memory Usage (431864K) : Starting RF-MOSFET DERIVATIONS
2026-08-18 20:33:31 -0400: Memory Usage (431864K) : Starting RF-NMOS DERIVATIONS
2026-08-18 20:33:31 -0400: Memory Usage (431864K) : Starting RF-PMOS DERIVATIONS
2026-08-18 20:33:31 -0400: Memory Usage (431864K) : Starting BJT DERIVATIONS
2026-08-18 20:33:31 -0400: Memory Usage (431864K) : Starting NPN-BJT DERIVATIONS
2026-08-18 20:33:31 -0400: Memory Usage (431864K) : Starting PNP-BJT DERIVATIONS
2026-08-18 20:33:32 -0400: Memory Usage (431864K) : Starting DIODE DERIVATIONS
2026-08-18 20:33:32 -0400: Memory Usage (431864K) : Starting RESISTOR DERIVATIONS
2026-08-18 20:33:32 -0400: Memory Usage (431928K) : Starting CAP DERIVATIONS
2026-08-18 20:33:32 -0400: Memory Usage (431928K) : Starting ESD DERIVATIONS
2026-08-18 20:33:32 -0400: Memory Usage (431928K) : Starting Inductor DERIVATIONS
2026-08-18 20:33:32 -0400: Memory Usage (431928K) : Starting Taps DERIVATIONS
2026-08-18 20:33:32 -0400: Memory Usage (434572K) : Starting SG13G2 LVS connectivity setup
2026-08-18 20:33:32 -0400: Memory Usage (434572K) : Starting SG13G2 LVS connectivity setup (Inter-layer)
2026-08-18 20:33:32 -0400: Memory Usage (434572K) : Starting SG13G2 LVS connectivity setup (Global)
2026-08-18 20:33:32 -0400: Memory Usage (434572K) : Starting LVS MOSFET CONNECTIONS
2026-08-18 20:33:32 -0400: Memory Usage (434572K) : Starting LVS RF-MOSFET CONNECTIONS
2026-08-18 20:33:32 -0400: Memory Usage (434572K) : Starting LVS BJT CONNECTIONS
2026-08-18 20:33:32 -0400: Memory Usage (434572K) : Starting LVS DIODE CONNECTIONS
2026-08-18 20:33:32 -0400: Memory Usage (434572K) : Starting RESISTOR CONNECTIONS
2026-08-18 20:33:32 -0400: Memory Usage (434572K) : Starting LVS CAP CONNECTIONS
2026-08-18 20:33:32 -0400: Memory Usage (434572K) : Starting ESD CONNECTIONS
2026-08-18 20:33:32 -0400: Memory Usage (434572K) : Starting Inductor CONNECTIONS
2026-08-18 20:33:32 -0400: Memory Usage (434572K) : Starting LVS Taps CONNECTIONS
2026-08-18 20:33:32 -0400: Memory Usage (434572K) : Starting SG13G2 LVS DEVICES EXTRACTION
2026-08-18 20:33:32 -0400: Memory Usage (434572K) : Starting MOSFET EXTRACTION
2026-08-18 20:33:32 -0400: Memory Usage (434572K) : Starting NMOS EXTRACTION
2026-08-18 20:33:32 -0400: Memory Usage (434572K) : Extraction of NMOS-LV transistor
2026-08-18 20:33:32 -0400: Memory Usage (433676K) : Extraction of NMOS-HV transistor
2026-08-18 20:33:32 -0400: Memory Usage (433676K) : Starting PMOS EXTRACTION
2026-08-18 20:33:32 -0400: Memory Usage (433676K) : Extraction of PMOS-LV transistor
2026-08-18 20:33:32 -0400: Memory Usage (433676K) : Extraction of PMOS-HV transistor
2026-08-18 20:33:32 -0400: Memory Usage (433676K) : Starting RF-MOSFET EXTRACTION
2026-08-18 20:33:32 -0400: Memory Usage (433676K) : Extraction of RF-NMOS-LV transistor
2026-08-18 20:33:32 -0400: Memory Usage (433676K) : Extraction of RF-NMOS-HV transistor
2026-08-18 20:33:32 -0400: Memory Usage (433676K) : Extraction of RF-PMOS-LV transistor
2026-08-18 20:33:32 -0400: Memory Usage (433676K) : Extraction of RF-PMOS-HV transistor
2026-08-18 20:33:32 -0400: Memory Usage (433676K) : Starting BJT EXTRACTION
2026-08-18 20:33:32 -0400: Memory Usage (433676K) : Starting NPN-BJT EXTRACTION
2026-08-18 20:33:32 -0400: Memory Usage (433676K) : Extraction of npn13G2 BJT transistor
2026-08-18 20:33:32 -0400: Memory Usage (433676K) : Extraction of npn13G2L BJT transistor
2026-08-18 20:33:32 -0400: Memory Usage (433676K) : Extraction of npn13G2V BJT transistor
2026-08-18 20:33:32 -0400: Memory Usage (433676K) : Starting PNP-BJT EXTRACTION
2026-08-18 20:33:32 -0400: Memory Usage (433676K) : Extracting pnpMPA BJT
2026-08-18 20:33:32 -0400: Memory Usage (433676K) : Starting DIODE EXTRACTION
2026-08-18 20:33:32 -0400: Memory Usage (433676K) : Extracting dantenna diode
2026-08-18 20:33:32 -0400: Memory Usage (433676K) : Extracting dpantenna diode
2026-08-18 20:33:32 -0400: Memory Usage (433676K) : Extracting schottky_nbl1 diode
2026-08-18 20:33:32 -0400: Memory Usage (433676K) : Starting RESISTOR EXTRACTION
2026-08-18 20:33:32 -0400: Memory Usage (433676K) : Extracting rsil resistor
2026-08-18 20:33:32 -0400: Memory Usage (433808K) : Extracting rppd resistor
2026-08-18 20:33:32 -0400: Memory Usage (433808K) : Extracting rhigh resistor
2026-08-18 20:33:32 -0400: Memory Usage (433808K) : Extracting res_metal1 resistor
2026-08-18 20:33:32 -0400: Memory Usage (433808K) : Extracting res_metal2 resistor
2026-08-18 20:33:32 -0400: Memory Usage (433808K) : Extracting res_metal3 resistor
2026-08-18 20:33:32 -0400: Memory Usage (433808K) : Extracting res_metal4 resistor
2026-08-18 20:33:32 -0400: Memory Usage (433808K) : Extracting res_metal5 resistor
2026-08-18 20:33:32 -0400: Memory Usage (433808K) : Extracting res_topmetal1 resistor
2026-08-18 20:33:32 -0400: Memory Usage (433808K) : Extracting res_topmetal2 resistor
2026-08-18 20:33:32 -0400: Memory Usage (433808K) : Starting CAP EXTRACTION
2026-08-18 20:33:32 -0400: Memory Usage (433808K) : Extracting cap_cmim device
2026-08-18 20:33:33 -0400: Memory Usage (433808K) : Extracting rfcmim device
2026-08-18 20:33:33 -0400: Memory Usage (433808K) : Extracting sg13_hv_svaricap varactor
2026-08-18 20:33:33 -0400: Memory Usage (433808K) : Starting ESD EXTRACTION
2026-08-18 20:33:33 -0400: Memory Usage (433808K) : Extracting diodevdd_2kv ESD device
2026-08-18 20:33:33 -0400: Memory Usage (433808K) : Extracting diodevdd_4kv ESD device
2026-08-18 20:33:33 -0400: Memory Usage (433808K) : Extracting diodevss_2kv ESD device
2026-08-18 20:33:33 -0400: Memory Usage (433808K) : Extracting diodevss_4kv ESD device
2026-08-18 20:33:33 -0400: Memory Usage (433808K) : Extracting idiodevdd_2kv ESD device
2026-08-18 20:33:33 -0400: Memory Usage (433808K) : Extracting idiodevdd_4kv ESD device
2026-08-18 20:33:33 -0400: Memory Usage (433808K) : Extracting idiodevss_2kv ESD device
2026-08-18 20:33:33 -0400: Memory Usage (433808K) : Extracting idiodevss_4kv ESD device
2026-08-18 20:33:33 -0400: Memory Usage (433808K) : Extracting nmoscl_2 ESD device
2026-08-18 20:33:33 -0400: Memory Usage (433808K) : Extracting nmoscl_4 ESD device
2026-08-18 20:33:33 -0400: Memory Usage (433808K) : Starting Inductor EXTRACTION
2026-08-18 20:33:33 -0400: Memory Usage (433808K) : Extracting Inductor2 device
2026-08-18 20:33:33 -0400: Memory Usage (433808K) : Extracting Inductor3 device
2026-08-18 20:33:33 -0400: Memory Usage (433808K) : Starting Taps EXTRACTION
2026-08-18 20:33:33 -0400: Memory Usage (433808K) : Extracting ntap1 device
2026-08-18 20:33:33 -0400: Memory Usage (433808K) : Extracting ptap1 device
2026-08-18 20:33:33 -0400: Memory Usage (433808K) : Starting SG13G2 LVS Options Preparations
2026-08-18 20:33:33 -0400: Memory Usage (433808K) : Starting SG13G2 LVS Alignment
2026-08-18 20:33:33 -0400: Memory Usage (433808K) : Starting SG13G2 LVS Simplification
2026-08-18 20:33:33 -0400: Memory Usage (433808K) : Starting SG13G2 LVS Comparison with flag_missing_ports
2026-08-18 20:33:33 -0400: Memory Usage (433808K) : ==========================================
2026-08-18 20:33:33 -0400: Memory Usage (433808K) : INFO : Congratulations! Netlists match.
2026-08-18 20:33:33 -0400: Memory Usage (433808K) : ==========================================
2026-08-18 20:33:33 -0400: Memory Usage (433808K) : LVS Total Run time 2.287614 seconds
